*** Using Compiler 'V5.06 update 7 (build 960)', folder: 'E:\MDK\Core\ARM\ARMCC\Bin'
Rebuild target '19-3_AES-Demo'
assembling startup_stm32f411xe.s...
compiling stm32f4xx_hal_timebase_tim.c...
compiling stm32f4xx_hal_rcc_ex.c...
compiling stm32f4xx_hal_tim.c...
compiling stm32f4xx_hal_flash_ramfunc.c...
compiling stm32f4xx_hal_dma_ex.c...
compiling main.c...
compiling usart.c...
compiling stm32f4xx_hal_flash.c...
compiling gpio.c...
compiling stm32f4xx_hal_flash_ex.c...
compiling stm32f4xx_hal_rcc.c...
compiling stm32f4xx_hal_msp.c...
compiling stm32f4xx_hal_tim_ex.c...
compiling stm32f4xx_hal_gpio.c...
compiling stm32f4xx_it.c...
compiling stm32f4xx_hal_uart.c...
compiling stm32f4xx_hal_dma.c...
compiling stm32f4xx_hal_pwr_ex.c...
compiling stm32f4xx_hal_pwr.c...
compiling stm32f4xx_hal_cortex.c...
compiling AES.c...
..\Algorithms\AES.c(592): error:  #141-D: unnamed prototyped parameters not allowed when body is present
  void print_hex(uint8_t * data, size_t length)
..\Algorithms\AES.c(596): error:  #29: expected an expression
          printf("%02x", data[i]);
..\Algorithms\AES.c(624): warning:  #1-D: last line of file ends without a newline
  }
..\Algorithms\AES.c: 1 warning, 2 errors
compiling stm32f4xx_hal.c...
compiling system_stm32f4xx.c...
compiling stm32f4xx_hal_exti.c...
"19-3_AES-Demo\19-3_AES-Demo.axf" - 2 Error(s), 1 Warning(s).
Target not created.
Build Time Elapsed:  00:00:05
