*** Using Compiler 'V5.06 update 7 (build 960)', folder: 'E:\MDK\Core\ARM\ARMCC\Bin'
Rebuild target '17_Usart_DMA_CircularBuffer'
assembling startup_stm32f411xe.s...
compiling stm32f4xx_hal_rcc.c...
compiling dma.c...
compiling main.c...
compiling stm32f4xx_hal_dma.c...
compiling stm32f4xx_hal_gpio.c...
compiling gpio.c...
compiling stm32f4xx_hal_flash_ex.c...
compiling stm32f4xx_hal_timebase_tim.c...
compiling stm32f4xx_hal_rcc_ex.c...
compiling stm32f4xx_it.c...
compiling freertos.c...
compiling stm32f4xx_hal_dma_ex.c...
compiling stm32f4xx_hal_flash.c...
compiling stm32f4xx_hal_msp.c...
compiling stm32f4xx_hal_flash_ramfunc.c...
compiling usart.c...
compiling croutine.c...
compiling event_groups.c...
compiling list.c...
compiling stream_buffer.c...
compiling timers.c...
compiling queue.c...
compiling tasks.c...
compiling heap_4.c...
compiling port.c...
compiling elog_port.c...
compiling SEGGER_RTT_printf.c...
compiling elog_async.c...
compiling SEGGER_RTT.c...
compiling elog.c...
compiling elog_buf.c...
compiling elog_utils.c...
compiling stm32f4xx_hal_cortex.c...
compiling stm32f4xx_hal_pwr_ex.c...
compiling stm32f4xx_hal.c...
compiling stm32f4xx_hal_pwr.c...
compiling system_stm32f4xx.c...
compiling stm32f4xx_hal_exti.c...
compiling stm32f4xx_hal_uart.c...
compiling stm32f4xx_hal_tim_ex.c...
compiling stm32f4xx_hal_tim.c...
compiling cmsis_os2.c...
compiling uart_parse_task.c...
compiling Mid_CircularBuffer.c...
..\Middlewares\MID_CircularBuffer\Mid_CircularBuffer.c(248): warning:  #1-D: last line of file ends without a newline
  }
..\Middlewares\MID_CircularBuffer\Mid_CircularBuffer.c: 1 warning, 0 errors
compiling BSP_uart_driver.c...
linking...
Program Size: Code=31048 RO-data=1500 RW-data=244 ZI-data=23012  
FromELF: creating hex file...
"17_Usart_DMA_CircularBuffer\17_Usart_DMA_CircularBuffer.axf" - 0 Error(s), 1 Warning(s).
Build Time Elapsed:  00:00:08
