<!doctype html public "-//w3c//dtd html 4.0 transitional//en">
<html><head>
<title>Static Call Graph - [.\Objects\Bootloader.axf]</title></head>
<body><HR>
<H1>Static Call Graph for image .\Objects\Bootloader.axf</H1><HR>
<BR><P>#&#060CALLGRAPH&#062# ARM Linker, 5060960: Last Updated: Sat Sep 05 10:57:25 2026
<BR><P>
<H3>Maximum Stack Usage =       1264 bytes + Unknown(Cycles, Untraceable Function Pointers)</H3><H3>
Call chain for Maximum Stack Depth:</H3>
main &rArr; Ymodem_Receive &rArr; W25Q64_WriteData &rArr; W25Qx_Write &rArr; W25Qx_WriteEnable &rArr; W25Qx_GetStatus &rArr; SPI1_ReadByte
<P>
<H3>
Mutually Recursive functions
</H3> <LI><a href="#[1c]">ADC_IRQHandler</a>&nbsp;&nbsp;&nbsp;&rArr;&nbsp;&nbsp;&nbsp;<a href="#[1c]">ADC_IRQHandler</a><BR>
 <LI><a href="#[6c]">elog_output</a>&nbsp;&nbsp;&nbsp;&rArr;&nbsp;&nbsp;&nbsp;<a href="#[6c]">elog_output</a><BR>
 <LI><a href="#[d9]">elog_strcpy</a>&nbsp;&nbsp;&nbsp;&rArr;&nbsp;&nbsp;&nbsp;<a href="#[6c]">elog_output</a><BR>
 <LI><a href="#[cf]">elog_get_filter_tag_lvl</a>&nbsp;&nbsp;&nbsp;&rArr;&nbsp;&nbsp;&nbsp;<a href="#[6c]">elog_output</a><BR>
 <LI><a href="#[da]">get_fmt_enabled</a>&nbsp;&nbsp;&nbsp;&rArr;&nbsp;&nbsp;&nbsp;<a href="#[6c]">elog_output</a><BR>
</UL>
<P>
<H3>
Function Pointers
</H3><UL>
 <LI><a href="#[1c]">ADC_IRQHandler</a> from startup_stm32f411xe.o(.text) referenced from startup_stm32f411xe.o(RESET)
 <LI><a href="#[4]">BusFault_Handler</a> from stm32f4xx_it.o(i.BusFault_Handler) referenced from startup_stm32f411xe.o(RESET)
 <LI><a href="#[15]">DMA1_Stream0_IRQHandler</a> from startup_stm32f411xe.o(.text) referenced from startup_stm32f411xe.o(RESET)
 <LI><a href="#[16]">DMA1_Stream1_IRQHandler</a> from startup_stm32f411xe.o(.text) referenced from startup_stm32f411xe.o(RESET)
 <LI><a href="#[17]">DMA1_Stream2_IRQHandler</a> from startup_stm32f411xe.o(.text) referenced from startup_stm32f411xe.o(RESET)
 <LI><a href="#[18]">DMA1_Stream3_IRQHandler</a> from startup_stm32f411xe.o(.text) referenced from startup_stm32f411xe.o(RESET)
 <LI><a href="#[19]">DMA1_Stream4_IRQHandler</a> from startup_stm32f411xe.o(.text) referenced from startup_stm32f411xe.o(RESET)
 <LI><a href="#[1a]">DMA1_Stream5_IRQHandler</a> from startup_stm32f411xe.o(.text) referenced from startup_stm32f411xe.o(RESET)
 <LI><a href="#[1b]">DMA1_Stream6_IRQHandler</a> from startup_stm32f411xe.o(.text) referenced from startup_stm32f411xe.o(RESET)
 <LI><a href="#[30]">DMA1_Stream7_IRQHandler</a> from startup_stm32f411xe.o(.text) referenced from startup_stm32f411xe.o(RESET)
 <LI><a href="#[34]">DMA2_Stream0_IRQHandler</a> from startup_stm32f411xe.o(.text) referenced from startup_stm32f411xe.o(RESET)
 <LI><a href="#[35]">DMA2_Stream1_IRQHandler</a> from startup_stm32f411xe.o(.text) referenced from startup_stm32f411xe.o(RESET)
 <LI><a href="#[36]">DMA2_Stream2_IRQHandler</a> from startup_stm32f411xe.o(.text) referenced from startup_stm32f411xe.o(RESET)
 <LI><a href="#[37]">DMA2_Stream3_IRQHandler</a> from startup_stm32f411xe.o(.text) referenced from startup_stm32f411xe.o(RESET)
 <LI><a href="#[38]">DMA2_Stream4_IRQHandler</a> from startup_stm32f411xe.o(.text) referenced from startup_stm32f411xe.o(RESET)
 <LI><a href="#[3a]">DMA2_Stream5_IRQHandler</a> from startup_stm32f411xe.o(.text) referenced from startup_stm32f411xe.o(RESET)
 <LI><a href="#[3b]">DMA2_Stream6_IRQHandler</a> from startup_stm32f411xe.o(.text) referenced from startup_stm32f411xe.o(RESET)
 <LI><a href="#[3c]">DMA2_Stream7_IRQHandler</a> from startup_stm32f411xe.o(.text) referenced from startup_stm32f411xe.o(RESET)
 <LI><a href="#[7]">DebugMon_Handler</a> from stm32f4xx_it.o(i.DebugMon_Handler) referenced from startup_stm32f411xe.o(RESET)
 <LI><a href="#[10]">EXTI0_IRQHandler</a> from startup_stm32f411xe.o(.text) referenced from startup_stm32f411xe.o(RESET)
 <LI><a href="#[2d]">EXTI15_10_IRQHandler</a> from startup_stm32f411xe.o(.text) referenced from startup_stm32f411xe.o(RESET)
 <LI><a href="#[11]">EXTI1_IRQHandler</a> from startup_stm32f411xe.o(.text) referenced from startup_stm32f411xe.o(RESET)
 <LI><a href="#[12]">EXTI2_IRQHandler</a> from startup_stm32f411xe.o(.text) referenced from startup_stm32f411xe.o(RESET)
 <LI><a href="#[13]">EXTI3_IRQHandler</a> from startup_stm32f411xe.o(.text) referenced from startup_stm32f411xe.o(RESET)
 <LI><a href="#[14]">EXTI4_IRQHandler</a> from startup_stm32f411xe.o(.text) referenced from startup_stm32f411xe.o(RESET)
 <LI><a href="#[1d]">EXTI9_5_IRQHandler</a> from startup_stm32f411xe.o(.text) referenced from startup_stm32f411xe.o(RESET)
 <LI><a href="#[e]">FLASH_IRQHandler</a> from startup_stm32f411xe.o(.text) referenced from startup_stm32f411xe.o(RESET)
 <LI><a href="#[40]">FPU_IRQHandler</a> from startup_stm32f411xe.o(.text) referenced from startup_stm32f411xe.o(RESET)
 <LI><a href="#[2]">HardFault_Handler</a> from stm32f4xx_it.o(i.HardFault_Handler) referenced from startup_stm32f411xe.o(RESET)
 <LI><a href="#[26]">I2C1_ER_IRQHandler</a> from startup_stm32f411xe.o(.text) referenced from startup_stm32f411xe.o(RESET)
 <LI><a href="#[25]">I2C1_EV_IRQHandler</a> from startup_stm32f411xe.o(.text) referenced from startup_stm32f411xe.o(RESET)
 <LI><a href="#[28]">I2C2_ER_IRQHandler</a> from startup_stm32f411xe.o(.text) referenced from startup_stm32f411xe.o(RESET)
 <LI><a href="#[27]">I2C2_EV_IRQHandler</a> from startup_stm32f411xe.o(.text) referenced from startup_stm32f411xe.o(RESET)
 <LI><a href="#[3f]">I2C3_ER_IRQHandler</a> from startup_stm32f411xe.o(.text) referenced from startup_stm32f411xe.o(RESET)
 <LI><a href="#[3e]">I2C3_EV_IRQHandler</a> from startup_stm32f411xe.o(.text) referenced from startup_stm32f411xe.o(RESET)
 <LI><a href="#[3]">MemManage_Handler</a> from stm32f4xx_it.o(i.MemManage_Handler) referenced from startup_stm32f411xe.o(RESET)
 <LI><a href="#[1]">NMI_Handler</a> from stm32f4xx_it.o(i.NMI_Handler) referenced from startup_stm32f411xe.o(RESET)
 <LI><a href="#[39]">OTG_FS_IRQHandler</a> from startup_stm32f411xe.o(.text) referenced from startup_stm32f411xe.o(RESET)
 <LI><a href="#[2f]">OTG_FS_WKUP_IRQHandler</a> from startup_stm32f411xe.o(.text) referenced from startup_stm32f411xe.o(RESET)
 <LI><a href="#[b]">PVD_IRQHandler</a> from startup_stm32f411xe.o(.text) referenced from startup_stm32f411xe.o(RESET)
 <LI><a href="#[8]">PendSV_Handler</a> from stm32f4xx_it.o(i.PendSV_Handler) referenced from startup_stm32f411xe.o(RESET)
 <LI><a href="#[f]">RCC_IRQHandler</a> from startup_stm32f411xe.o(.text) referenced from startup_stm32f411xe.o(RESET)
 <LI><a href="#[2e]">RTC_Alarm_IRQHandler</a> from startup_stm32f411xe.o(.text) referenced from startup_stm32f411xe.o(RESET)
 <LI><a href="#[d]">RTC_WKUP_IRQHandler</a> from startup_stm32f411xe.o(.text) referenced from startup_stm32f411xe.o(RESET)
 <LI><a href="#[0]">Reset_Handler</a> from startup_stm32f411xe.o(.text) referenced from startup_stm32f411xe.o(RESET)
 <LI><a href="#[31]">SDIO_IRQHandler</a> from startup_stm32f411xe.o(.text) referenced from startup_stm32f411xe.o(RESET)
 <LI><a href="#[29]">SPI1_IRQHandler</a> from startup_stm32f411xe.o(.text) referenced from startup_stm32f411xe.o(RESET)
 <LI><a href="#[2a]">SPI2_IRQHandler</a> from startup_stm32f411xe.o(.text) referenced from startup_stm32f411xe.o(RESET)
 <LI><a href="#[33]">SPI3_IRQHandler</a> from startup_stm32f411xe.o(.text) referenced from startup_stm32f411xe.o(RESET)
 <LI><a href="#[41]">SPI4_IRQHandler</a> from startup_stm32f411xe.o(.text) referenced from startup_stm32f411xe.o(RESET)
 <LI><a href="#[42]">SPI5_IRQHandler</a> from startup_stm32f411xe.o(.text) referenced from startup_stm32f411xe.o(RESET)
 <LI><a href="#[6]">SVC_Handler</a> from stm32f4xx_it.o(i.SVC_Handler) referenced from startup_stm32f411xe.o(RESET)
 <LI><a href="#[9]">SysTick_Handler</a> from stm32f4xx_it.o(i.SysTick_Handler) referenced from startup_stm32f411xe.o(RESET)
 <LI><a href="#[44]">SystemInit</a> from system_stm32f4xx.o(i.SystemInit) referenced from startup_stm32f411xe.o(.text)
 <LI><a href="#[c]">TAMP_STAMP_IRQHandler</a> from startup_stm32f411xe.o(.text) referenced from startup_stm32f411xe.o(RESET)
 <LI><a href="#[1e]">TIM1_BRK_TIM9_IRQHandler</a> from startup_stm32f411xe.o(.text) referenced from startup_stm32f411xe.o(RESET)
 <LI><a href="#[21]">TIM1_CC_IRQHandler</a> from startup_stm32f411xe.o(.text) referenced from startup_stm32f411xe.o(RESET)
 <LI><a href="#[20]">TIM1_TRG_COM_TIM11_IRQHandler</a> from startup_stm32f411xe.o(.text) referenced from startup_stm32f411xe.o(RESET)
 <LI><a href="#[1f]">TIM1_UP_TIM10_IRQHandler</a> from startup_stm32f411xe.o(.text) referenced from startup_stm32f411xe.o(RESET)
 <LI><a href="#[22]">TIM2_IRQHandler</a> from startup_stm32f411xe.o(.text) referenced from startup_stm32f411xe.o(RESET)
 <LI><a href="#[23]">TIM3_IRQHandler</a> from stm32f4xx_it.o(i.TIM3_IRQHandler) referenced from startup_stm32f411xe.o(RESET)
 <LI><a href="#[24]">TIM4_IRQHandler</a> from startup_stm32f411xe.o(.text) referenced from startup_stm32f411xe.o(RESET)
 <LI><a href="#[32]">TIM5_IRQHandler</a> from startup_stm32f411xe.o(.text) referenced from startup_stm32f411xe.o(RESET)
 <LI><a href="#[2b]">USART1_IRQHandler</a> from startup_stm32f411xe.o(.text) referenced from startup_stm32f411xe.o(RESET)
 <LI><a href="#[2c]">USART2_IRQHandler</a> from startup_stm32f411xe.o(.text) referenced from startup_stm32f411xe.o(RESET)
 <LI><a href="#[3d]">USART6_IRQHandler</a> from startup_stm32f411xe.o(.text) referenced from startup_stm32f411xe.o(RESET)
 <LI><a href="#[5]">UsageFault_Handler</a> from stm32f4xx_it.o(i.UsageFault_Handler) referenced from startup_stm32f411xe.o(RESET)
 <LI><a href="#[a]">WWDG_IRQHandler</a> from startup_stm32f411xe.o(.text) referenced from startup_stm32f411xe.o(RESET)
 <LI><a href="#[45]">__main</a> from entry.o(.ARM.Collect$$$$00000000) referenced from startup_stm32f411xe.o(.text)
 <LI><a href="#[46]">_snputc</a> from printfa.o(i._snputc) referenced from printfa.o(i.__0snprintf)
 <LI><a href="#[46]">_snputc</a> from printfa.o(i._snputc) referenced from printfa.o(i.__0vsnprintf)
 <LI><a href="#[43]">main</a> from main.o(i.main) referenced from entry9a.o(.ARM.Collect$$$$0000000B)
</UL>
<P>
<H3>
Global Symbols
</H3>
<P><STRONG><a name="[45]"></a>__main</STRONG> (Thumb, 0 bytes, Stack size unknown bytes, entry.o(.ARM.Collect$$$$00000000))
<BR>[Address Reference Count : 1]<UL><LI> startup_stm32f411xe.o(.text)
</UL>
<P><STRONG><a name="[e8]"></a>_main_stk</STRONG> (Thumb, 0 bytes, Stack size unknown bytes, entry2.o(.ARM.Collect$$$$00000001))

<P><STRONG><a name="[47]"></a>_main_scatterload</STRONG> (Thumb, 0 bytes, Stack size unknown bytes, entry5.o(.ARM.Collect$$$$00000004))
<BR><BR>[Calls]<UL><LI><a href="#[48]">&gt;&gt;</a>&nbsp;&nbsp;&nbsp;__scatterload
</UL>

<P><STRONG><a name="[58]"></a>__main_after_scatterload</STRONG> (Thumb, 0 bytes, Stack size unknown bytes, entry5.o(.ARM.Collect$$$$00000004))
<BR><BR>[Called By]<UL><LI><a href="#[48]">&gt;&gt;</a>&nbsp;&nbsp;&nbsp;__scatterload
</UL>

<P><STRONG><a name="[e9]"></a>_main_clock</STRONG> (Thumb, 0 bytes, Stack size unknown bytes, entry7b.o(.ARM.Collect$$$$00000008))

<P><STRONG><a name="[ea]"></a>_main_cpp_init</STRONG> (Thumb, 0 bytes, Stack size unknown bytes, entry8b.o(.ARM.Collect$$$$0000000A))

<P><STRONG><a name="[eb]"></a>_main_init</STRONG> (Thumb, 0 bytes, Stack size unknown bytes, entry9a.o(.ARM.Collect$$$$0000000B))

<P><STRONG><a name="[ec]"></a>__rt_lib_shutdown_fini</STRONG> (Thumb, 0 bytes, Stack size unknown bytes, entry12b.o(.ARM.Collect$$$$0000000E))

<P><STRONG><a name="[ed]"></a>__rt_final_cpp</STRONG> (Thumb, 0 bytes, Stack size unknown bytes, entry10a.o(.ARM.Collect$$$$0000000F))

<P><STRONG><a name="[ee]"></a>__rt_final_exit</STRONG> (Thumb, 0 bytes, Stack size unknown bytes, entry11a.o(.ARM.Collect$$$$00000011))

<P><STRONG><a name="[0]"></a>Reset_Handler</STRONG> (Thumb, 8 bytes, Stack size 0 bytes, startup_stm32f411xe.o(.text))
<BR>[Address Reference Count : 1]<UL><LI> startup_stm32f411xe.o(RESET)
</UL>
<P><STRONG><a name="[1c]"></a>ADC_IRQHandler</STRONG> (Thumb, 0 bytes, Stack size 0 bytes, startup_stm32f411xe.o(.text))
<BR><BR>[Calls]<UL><LI><a href="#[1c]">&gt;&gt;</a>&nbsp;&nbsp;&nbsp;ADC_IRQHandler
</UL>
<BR>[Called By]<UL><LI><a href="#[1c]">&gt;&gt;</a>&nbsp;&nbsp;&nbsp;ADC_IRQHandler
</UL>
<BR>[Address Reference Count : 1]<UL><LI> startup_stm32f411xe.o(RESET)
</UL>
<P><STRONG><a name="[15]"></a>DMA1_Stream0_IRQHandler</STRONG> (Thumb, 0 bytes, Stack size 0 bytes, startup_stm32f411xe.o(.text))
<BR>[Address Reference Count : 1]<UL><LI> startup_stm32f411xe.o(RESET)
</UL>
<P><STRONG><a name="[16]"></a>DMA1_Stream1_IRQHandler</STRONG> (Thumb, 0 bytes, Stack size 0 bytes, startup_stm32f411xe.o(.text))
<BR>[Address Reference Count : 1]<UL><LI> startup_stm32f411xe.o(RESET)
</UL>
<P><STRONG><a name="[17]"></a>DMA1_Stream2_IRQHandler</STRONG> (Thumb, 0 bytes, Stack size 0 bytes, startup_stm32f411xe.o(.text))
<BR>[Address Reference Count : 1]<UL><LI> startup_stm32f411xe.o(RESET)
</UL>
<P><STRONG><a name="[18]"></a>DMA1_Stream3_IRQHandler</STRONG> (Thumb, 0 bytes, Stack size 0 bytes, startup_stm32f411xe.o(.text))
<BR>[Address Reference Count : 1]<UL><LI> startup_stm32f411xe.o(RESET)
</UL>
<P><STRONG><a name="[19]"></a>DMA1_Stream4_IRQHandler</STRONG> (Thumb, 0 bytes, Stack size 0 bytes, startup_stm32f411xe.o(.text))
<BR>[Address Reference Count : 1]<UL><LI> startup_stm32f411xe.o(RESET)
</UL>
<P><STRONG><a name="[1a]"></a>DMA1_Stream5_IRQHandler</STRONG> (Thumb, 0 bytes, Stack size 0 bytes, startup_stm32f411xe.o(.text))
<BR>[Address Reference Count : 1]<UL><LI> startup_stm32f411xe.o(RESET)
</UL>
<P><STRONG><a name="[1b]"></a>DMA1_Stream6_IRQHandler</STRONG> (Thumb, 0 bytes, Stack size 0 bytes, startup_stm32f411xe.o(.text))
<BR>[Address Reference Count : 1]<UL><LI> startup_stm32f411xe.o(RESET)
</UL>
<P><STRONG><a name="[30]"></a>DMA1_Stream7_IRQHandler</STRONG> (Thumb, 0 bytes, Stack size 0 bytes, startup_stm32f411xe.o(.text))
<BR>[Address Reference Count : 1]<UL><LI> startup_stm32f411xe.o(RESET)
</UL>
<P><STRONG><a name="[34]"></a>DMA2_Stream0_IRQHandler</STRONG> (Thumb, 0 bytes, Stack size 0 bytes, startup_stm32f411xe.o(.text))
<BR>[Address Reference Count : 1]<UL><LI> startup_stm32f411xe.o(RESET)
</UL>
<P><STRONG><a name="[35]"></a>DMA2_Stream1_IRQHandler</STRONG> (Thumb, 0 bytes, Stack size 0 bytes, startup_stm32f411xe.o(.text))
<BR>[Address Reference Count : 1]<UL><LI> startup_stm32f411xe.o(RESET)
</UL>
<P><STRONG><a name="[36]"></a>DMA2_Stream2_IRQHandler</STRONG> (Thumb, 0 bytes, Stack size 0 bytes, startup_stm32f411xe.o(.text))
<BR>[Address Reference Count : 1]<UL><LI> startup_stm32f411xe.o(RESET)
</UL>
<P><STRONG><a name="[37]"></a>DMA2_Stream3_IRQHandler</STRONG> (Thumb, 0 bytes, Stack size 0 bytes, startup_stm32f411xe.o(.text))
<BR>[Address Reference Count : 1]<UL><LI> startup_stm32f411xe.o(RESET)
</UL>
<P><STRONG><a name="[38]"></a>DMA2_Stream4_IRQHandler</STRONG> (Thumb, 0 bytes, Stack size 0 bytes, startup_stm32f411xe.o(.text))
<BR>[Address Reference Count : 1]<UL><LI> startup_stm32f411xe.o(RESET)
</UL>
<P><STRONG><a name="[3a]"></a>DMA2_Stream5_IRQHandler</STRONG> (Thumb, 0 bytes, Stack size 0 bytes, startup_stm32f411xe.o(.text))
<BR>[Address Reference Count : 1]<UL><LI> startup_stm32f411xe.o(RESET)
</UL>
<P><STRONG><a name="[3b]"></a>DMA2_Stream6_IRQHandler</STRONG> (Thumb, 0 bytes, Stack size 0 bytes, startup_stm32f411xe.o(.text))
<BR>[Address Reference Count : 1]<UL><LI> startup_stm32f411xe.o(RESET)
</UL>
<P><STRONG><a name="[3c]"></a>DMA2_Stream7_IRQHandler</STRONG> (Thumb, 0 bytes, Stack size 0 bytes, startup_stm32f411xe.o(.text))
<BR>[Address Reference Count : 1]<UL><LI> startup_stm32f411xe.o(RESET)
</UL>
<P><STRONG><a name="[10]"></a>EXTI0_IRQHandler</STRONG> (Thumb, 0 bytes, Stack size 0 bytes, startup_stm32f411xe.o(.text))
<BR>[Address Reference Count : 1]<UL><LI> startup_stm32f411xe.o(RESET)
</UL>
<P><STRONG><a name="[2d]"></a>EXTI15_10_IRQHandler</STRONG> (Thumb, 0 bytes, Stack size 0 bytes, startup_stm32f411xe.o(.text))
<BR>[Address Reference Count : 1]<UL><LI> startup_stm32f411xe.o(RESET)
</UL>
<P><STRONG><a name="[11]"></a>EXTI1_IRQHandler</STRONG> (Thumb, 0 bytes, Stack size 0 bytes, startup_stm32f411xe.o(.text))
<BR>[Address Reference Count : 1]<UL><LI> startup_stm32f411xe.o(RESET)
</UL>
<P><STRONG><a name="[12]"></a>EXTI2_IRQHandler</STRONG> (Thumb, 0 bytes, Stack size 0 bytes, startup_stm32f411xe.o(.text))
<BR>[Address Reference Count : 1]<UL><LI> startup_stm32f411xe.o(RESET)
</UL>
<P><STRONG><a name="[13]"></a>EXTI3_IRQHandler</STRONG> (Thumb, 0 bytes, Stack size 0 bytes, startup_stm32f411xe.o(.text))
<BR>[Address Reference Count : 1]<UL><LI> startup_stm32f411xe.o(RESET)
</UL>
<P><STRONG><a name="[14]"></a>EXTI4_IRQHandler</STRONG> (Thumb, 0 bytes, Stack size 0 bytes, startup_stm32f411xe.o(.text))
<BR>[Address Reference Count : 1]<UL><LI> startup_stm32f411xe.o(RESET)
</UL>
<P><STRONG><a name="[1d]"></a>EXTI9_5_IRQHandler</STRONG> (Thumb, 0 bytes, Stack size 0 bytes, startup_stm32f411xe.o(.text))
<BR>[Address Reference Count : 1]<UL><LI> startup_stm32f411xe.o(RESET)
</UL>
<P><STRONG><a name="[e]"></a>FLASH_IRQHandler</STRONG> (Thumb, 0 bytes, Stack size 0 bytes, startup_stm32f411xe.o(.text))
<BR>[Address Reference Count : 1]<UL><LI> startup_stm32f411xe.o(RESET)
</UL>
<P><STRONG><a name="[40]"></a>FPU_IRQHandler</STRONG> (Thumb, 0 bytes, Stack size 0 bytes, startup_stm32f411xe.o(.text))
<BR>[Address Reference Count : 1]<UL><LI> startup_stm32f411xe.o(RESET)
</UL>
<P><STRONG><a name="[26]"></a>I2C1_ER_IRQHandler</STRONG> (Thumb, 0 bytes, Stack size 0 bytes, startup_stm32f411xe.o(.text))
<BR>[Address Reference Count : 1]<UL><LI> startup_stm32f411xe.o(RESET)
</UL>
<P><STRONG><a name="[25]"></a>I2C1_EV_IRQHandler</STRONG> (Thumb, 0 bytes, Stack size 0 bytes, startup_stm32f411xe.o(.text))
<BR>[Address Reference Count : 1]<UL><LI> startup_stm32f411xe.o(RESET)
</UL>
<P><STRONG><a name="[28]"></a>I2C2_ER_IRQHandler</STRONG> (Thumb, 0 bytes, Stack size 0 bytes, startup_stm32f411xe.o(.text))
<BR>[Address Reference Count : 1]<UL><LI> startup_stm32f411xe.o(RESET)
</UL>
<P><STRONG><a name="[27]"></a>I2C2_EV_IRQHandler</STRONG> (Thumb, 0 bytes, Stack size 0 bytes, startup_stm32f411xe.o(.text))
<BR>[Address Reference Count : 1]<UL><LI> startup_stm32f411xe.o(RESET)
</UL>
<P><STRONG><a name="[3f]"></a>I2C3_ER_IRQHandler</STRONG> (Thumb, 0 bytes, Stack size 0 bytes, startup_stm32f411xe.o(.text))
<BR>[Address Reference Count : 1]<UL><LI> startup_stm32f411xe.o(RESET)
</UL>
<P><STRONG><a name="[3e]"></a>I2C3_EV_IRQHandler</STRONG> (Thumb, 0 bytes, Stack size 0 bytes, startup_stm32f411xe.o(.text))
<BR>[Address Reference Count : 1]<UL><LI> startup_stm32f411xe.o(RESET)
</UL>
<P><STRONG><a name="[39]"></a>OTG_FS_IRQHandler</STRONG> (Thumb, 0 bytes, Stack size 0 bytes, startup_stm32f411xe.o(.text))
<BR>[Address Reference Count : 1]<UL><LI> startup_stm32f411xe.o(RESET)
</UL>
<P><STRONG><a name="[2f]"></a>OTG_FS_WKUP_IRQHandler</STRONG> (Thumb, 0 bytes, Stack size 0 bytes, startup_stm32f411xe.o(.text))
<BR>[Address Reference Count : 1]<UL><LI> startup_stm32f411xe.o(RESET)
</UL>
<P><STRONG><a name="[b]"></a>PVD_IRQHandler</STRONG> (Thumb, 0 bytes, Stack size 0 bytes, startup_stm32f411xe.o(.text))
<BR>[Address Reference Count : 1]<UL><LI> startup_stm32f411xe.o(RESET)
</UL>
<P><STRONG><a name="[f]"></a>RCC_IRQHandler</STRONG> (Thumb, 0 bytes, Stack size 0 bytes, startup_stm32f411xe.o(.text))
<BR>[Address Reference Count : 1]<UL><LI> startup_stm32f411xe.o(RESET)
</UL>
<P><STRONG><a name="[2e]"></a>RTC_Alarm_IRQHandler</STRONG> (Thumb, 0 bytes, Stack size 0 bytes, startup_stm32f411xe.o(.text))
<BR>[Address Reference Count : 1]<UL><LI> startup_stm32f411xe.o(RESET)
</UL>
<P><STRONG><a name="[d]"></a>RTC_WKUP_IRQHandler</STRONG> (Thumb, 0 bytes, Stack size 0 bytes, startup_stm32f411xe.o(.text))
<BR>[Address Reference Count : 1]<UL><LI> startup_stm32f411xe.o(RESET)
</UL>
<P><STRONG><a name="[31]"></a>SDIO_IRQHandler</STRONG> (Thumb, 0 bytes, Stack size 0 bytes, startup_stm32f411xe.o(.text))
<BR>[Address Reference Count : 1]<UL><LI> startup_stm32f411xe.o(RESET)
</UL>
<P><STRONG><a name="[29]"></a>SPI1_IRQHandler</STRONG> (Thumb, 0 bytes, Stack size 0 bytes, startup_stm32f411xe.o(.text))
<BR>[Address Reference Count : 1]<UL><LI> startup_stm32f411xe.o(RESET)
</UL>
<P><STRONG><a name="[2a]"></a>SPI2_IRQHandler</STRONG> (Thumb, 0 bytes, Stack size 0 bytes, startup_stm32f411xe.o(.text))
<BR>[Address Reference Count : 1]<UL><LI> startup_stm32f411xe.o(RESET)
</UL>
<P><STRONG><a name="[33]"></a>SPI3_IRQHandler</STRONG> (Thumb, 0 bytes, Stack size 0 bytes, startup_stm32f411xe.o(.text))
<BR>[Address Reference Count : 1]<UL><LI> startup_stm32f411xe.o(RESET)
</UL>
<P><STRONG><a name="[41]"></a>SPI4_IRQHandler</STRONG> (Thumb, 0 bytes, Stack size 0 bytes, startup_stm32f411xe.o(.text))
<BR>[Address Reference Count : 1]<UL><LI> startup_stm32f411xe.o(RESET)
</UL>
<P><STRONG><a name="[42]"></a>SPI5_IRQHandler</STRONG> (Thumb, 0 bytes, Stack size 0 bytes, startup_stm32f411xe.o(.text))
<BR>[Address Reference Count : 1]<UL><LI> startup_stm32f411xe.o(RESET)
</UL>
<P><STRONG><a name="[c]"></a>TAMP_STAMP_IRQHandler</STRONG> (Thumb, 0 bytes, Stack size 0 bytes, startup_stm32f411xe.o(.text))
<BR>[Address Reference Count : 1]<UL><LI> startup_stm32f411xe.o(RESET)
</UL>
<P><STRONG><a name="[1e]"></a>TIM1_BRK_TIM9_IRQHandler</STRONG> (Thumb, 0 bytes, Stack size 0 bytes, startup_stm32f411xe.o(.text))
<BR>[Address Reference Count : 1]<UL><LI> startup_stm32f411xe.o(RESET)
</UL>
<P><STRONG><a name="[21]"></a>TIM1_CC_IRQHandler</STRONG> (Thumb, 0 bytes, Stack size 0 bytes, startup_stm32f411xe.o(.text))
<BR>[Address Reference Count : 1]<UL><LI> startup_stm32f411xe.o(RESET)
</UL>
<P><STRONG><a name="[20]"></a>TIM1_TRG_COM_TIM11_IRQHandler</STRONG> (Thumb, 0 bytes, Stack size 0 bytes, startup_stm32f411xe.o(.text))
<BR>[Address Reference Count : 1]<UL><LI> startup_stm32f411xe.o(RESET)
</UL>
<P><STRONG><a name="[1f]"></a>TIM1_UP_TIM10_IRQHandler</STRONG> (Thumb, 0 bytes, Stack size 0 bytes, startup_stm32f411xe.o(.text))
<BR>[Address Reference Count : 1]<UL><LI> startup_stm32f411xe.o(RESET)
</UL>
<P><STRONG><a name="[22]"></a>TIM2_IRQHandler</STRONG> (Thumb, 0 bytes, Stack size 0 bytes, startup_stm32f411xe.o(.text))
<BR>[Address Reference Count : 1]<UL><LI> startup_stm32f411xe.o(RESET)
</UL>
<P><STRONG><a name="[24]"></a>TIM4_IRQHandler</STRONG> (Thumb, 0 bytes, Stack size 0 bytes, startup_stm32f411xe.o(.text))
<BR>[Address Reference Count : 1]<UL><LI> startup_stm32f411xe.o(RESET)
</UL>
<P><STRONG><a name="[32]"></a>TIM5_IRQHandler</STRONG> (Thumb, 0 bytes, Stack size 0 bytes, startup_stm32f411xe.o(.text))
<BR>[Address Reference Count : 1]<UL><LI> startup_stm32f411xe.o(RESET)
</UL>
<P><STRONG><a name="[2b]"></a>USART1_IRQHandler</STRONG> (Thumb, 0 bytes, Stack size 0 bytes, startup_stm32f411xe.o(.text))
<BR>[Address Reference Count : 1]<UL><LI> startup_stm32f411xe.o(RESET)
</UL>
<P><STRONG><a name="[2c]"></a>USART2_IRQHandler</STRONG> (Thumb, 0 bytes, Stack size 0 bytes, startup_stm32f411xe.o(.text))
<BR>[Address Reference Count : 1]<UL><LI> startup_stm32f411xe.o(RESET)
</UL>
<P><STRONG><a name="[3d]"></a>USART6_IRQHandler</STRONG> (Thumb, 0 bytes, Stack size 0 bytes, startup_stm32f411xe.o(.text))
<BR>[Address Reference Count : 1]<UL><LI> startup_stm32f411xe.o(RESET)
</UL>
<P><STRONG><a name="[a]"></a>WWDG_IRQHandler</STRONG> (Thumb, 0 bytes, Stack size 0 bytes, startup_stm32f411xe.o(.text))
<BR>[Address Reference Count : 1]<UL><LI> startup_stm32f411xe.o(RESET)
</UL>
<P><STRONG><a name="[5c]"></a>__aeabi_memcpy</STRONG> (Thumb, 36 bytes, Stack size 0 bytes, memcpya.o(.text))
<BR><BR>[Called By]<UL><LI><a href="#[bc]">&gt;&gt;</a>&nbsp;&nbsp;&nbsp;Ymodem_Receive
<LI><a href="#[6a]">&gt;&gt;</a>&nbsp;&nbsp;&nbsp;BackToApp
<LI><a href="#[90]">&gt;&gt;</a>&nbsp;&nbsp;&nbsp;_WriteNoCheck
<LI><a href="#[91]">&gt;&gt;</a>&nbsp;&nbsp;&nbsp;_WriteBlocking
<LI><a href="#[5d]">&gt;&gt;</a>&nbsp;&nbsp;&nbsp;Aes_Key_Schedule_Create
<LI><a href="#[5b]">&gt;&gt;</a>&nbsp;&nbsp;&nbsp;Aes_IV_key256bit_Decode
</UL>

<P><STRONG><a name="[ef]"></a>__aeabi_memcpy4</STRONG> (Thumb, 0 bytes, Stack size 0 bytes, memcpya.o(.text), UNUSED)

<P><STRONG><a name="[f0]"></a>__aeabi_memcpy8</STRONG> (Thumb, 0 bytes, Stack size 0 bytes, memcpya.o(.text), UNUSED)

<P><STRONG><a name="[4a]"></a>__aeabi_memset</STRONG> (Thumb, 14 bytes, Stack size 0 bytes, memseta.o(.text))
<BR><BR>[Called By]<UL><LI><a href="#[6c]">&gt;&gt;</a>&nbsp;&nbsp;&nbsp;elog_output
<LI><a href="#[4b]">&gt;&gt;</a>&nbsp;&nbsp;&nbsp;_memset$wrapper
<LI><a href="#[49]">&gt;&gt;</a>&nbsp;&nbsp;&nbsp;__aeabi_memclr
</UL>

<P><STRONG><a name="[f1]"></a>__aeabi_memset4</STRONG> (Thumb, 0 bytes, Stack size 0 bytes, memseta.o(.text), UNUSED)

<P><STRONG><a name="[f2]"></a>__aeabi_memset8</STRONG> (Thumb, 0 bytes, Stack size 0 bytes, memseta.o(.text), UNUSED)

<P><STRONG><a name="[49]"></a>__aeabi_memclr</STRONG> (Thumb, 4 bytes, Stack size 0 bytes, memseta.o(.text))
<BR><BR>[Calls]<UL><LI><a href="#[4a]">&gt;&gt;</a>&nbsp;&nbsp;&nbsp;__aeabi_memset
</UL>
<BR>[Called By]<UL><LI><a href="#[d6]">&gt;&gt;</a>&nbsp;&nbsp;&nbsp;elog_set_filter_tag_lvl_default
</UL>

<P><STRONG><a name="[f3]"></a>__aeabi_memclr4</STRONG> (Thumb, 0 bytes, Stack size 0 bytes, memseta.o(.text), UNUSED)

<P><STRONG><a name="[f4]"></a>__aeabi_memclr8</STRONG> (Thumb, 0 bytes, Stack size 0 bytes, memseta.o(.text), UNUSED)

<P><STRONG><a name="[4b]"></a>_memset$wrapper</STRONG> (Thumb, 18 bytes, Stack size 8 bytes, memseta.o(.text), UNUSED)
<BR><BR>[Calls]<UL><LI><a href="#[4a]">&gt;&gt;</a>&nbsp;&nbsp;&nbsp;__aeabi_memset
</UL>

<P><STRONG><a name="[d8]"></a>strstr</STRONG> (Thumb, 36 bytes, Stack size 12 bytes, strstr.o(.text))
<BR><BR>[Stack]<UL><LI>Max Depth = 12<LI>Call Chain = strstr
</UL>
<BR>[Called By]<UL><LI><a href="#[6c]">&gt;&gt;</a>&nbsp;&nbsp;&nbsp;elog_output
</UL>

<P><STRONG><a name="[d7]"></a>strlen</STRONG> (Thumb, 14 bytes, Stack size 0 bytes, strlen.o(.text))
<BR><BR>[Called By]<UL><LI><a href="#[6c]">&gt;&gt;</a>&nbsp;&nbsp;&nbsp;elog_output
</UL>

<P><STRONG><a name="[be]"></a>strcpy</STRONG> (Thumb, 18 bytes, Stack size 0 bytes, strcpy.o(.text))
<BR><BR>[Called By]<UL><LI><a href="#[8c]">&gt;&gt;</a>&nbsp;&nbsp;&nbsp;_DoInit
</UL>

<P><STRONG><a name="[d1]"></a>strncmp</STRONG> (Thumb, 30 bytes, Stack size 12 bytes, strncmp.o(.text))
<BR><BR>[Stack]<UL><LI>Max Depth = 12<LI>Call Chain = strncmp
</UL>
<BR>[Called By]<UL><LI><a href="#[cf]">&gt;&gt;</a>&nbsp;&nbsp;&nbsp;elog_get_filter_tag_lvl
</UL>

<P><STRONG><a name="[f5]"></a>__aeabi_uidiv</STRONG> (Thumb, 0 bytes, Stack size 12 bytes, uidiv.o(.text), UNUSED)

<P><STRONG><a name="[ce]"></a>__aeabi_uidivmod</STRONG> (Thumb, 44 bytes, Stack size 12 bytes, uidiv.o(.text), UNUSED)
<BR><BR>[Called By]<UL><LI><a href="#[c0]">&gt;&gt;</a>&nbsp;&nbsp;&nbsp;_printf_core
</UL>

<P><STRONG><a name="[4c]"></a>__aeabi_uldivmod</STRONG> (Thumb, 98 bytes, Stack size 40 bytes, uldiv.o(.text), UNUSED)
<BR><BR>[Calls]<UL><LI><a href="#[4d]">&gt;&gt;</a>&nbsp;&nbsp;&nbsp;__aeabi_llsr
<LI><a href="#[4e]">&gt;&gt;</a>&nbsp;&nbsp;&nbsp;__aeabi_llsl
</UL>
<BR>[Called By]<UL><LI><a href="#[c0]">&gt;&gt;</a>&nbsp;&nbsp;&nbsp;_printf_core
<LI><a href="#[ca]">&gt;&gt;</a>&nbsp;&nbsp;&nbsp;_fp_digits
</UL>

<P><STRONG><a name="[f6]"></a>__I$use$fp</STRONG> (Thumb, 0 bytes, Stack size 48 bytes, iusefp.o(.text), UNUSED)

<P><STRONG><a name="[4f]"></a>__aeabi_dadd</STRONG> (Thumb, 322 bytes, Stack size 48 bytes, dadd.o(.text), UNUSED)
<BR><BR>[Calls]<UL><LI><a href="#[50]">&gt;&gt;</a>&nbsp;&nbsp;&nbsp;__aeabi_lasr
<LI><a href="#[4e]">&gt;&gt;</a>&nbsp;&nbsp;&nbsp;__aeabi_llsl
<LI><a href="#[52]">&gt;&gt;</a>&nbsp;&nbsp;&nbsp;_double_round
<LI><a href="#[51]">&gt;&gt;</a>&nbsp;&nbsp;&nbsp;_double_epilogue
</UL>
<BR>[Called By]<UL><LI><a href="#[54]">&gt;&gt;</a>&nbsp;&nbsp;&nbsp;__aeabi_drsub
<LI><a href="#[53]">&gt;&gt;</a>&nbsp;&nbsp;&nbsp;__aeabi_dsub
<LI><a href="#[ca]">&gt;&gt;</a>&nbsp;&nbsp;&nbsp;_fp_digits
</UL>

<P><STRONG><a name="[53]"></a>__aeabi_dsub</STRONG> (Thumb, 6 bytes, Stack size 0 bytes, dadd.o(.text), UNUSED)
<BR><BR>[Calls]<UL><LI><a href="#[4f]">&gt;&gt;</a>&nbsp;&nbsp;&nbsp;__aeabi_dadd
</UL>

<P><STRONG><a name="[54]"></a>__aeabi_drsub</STRONG> (Thumb, 6 bytes, Stack size 0 bytes, dadd.o(.text), UNUSED)
<BR><BR>[Calls]<UL><LI><a href="#[4f]">&gt;&gt;</a>&nbsp;&nbsp;&nbsp;__aeabi_dadd
</UL>

<P><STRONG><a name="[55]"></a>__aeabi_dmul</STRONG> (Thumb, 228 bytes, Stack size 48 bytes, dmul.o(.text), UNUSED)
<BR><BR>[Calls]<UL><LI><a href="#[51]">&gt;&gt;</a>&nbsp;&nbsp;&nbsp;_double_epilogue
</UL>
<BR>[Called By]<UL><LI><a href="#[ca]">&gt;&gt;</a>&nbsp;&nbsp;&nbsp;_fp_digits
</UL>

<P><STRONG><a name="[56]"></a>__aeabi_ddiv</STRONG> (Thumb, 222 bytes, Stack size 32 bytes, ddiv.o(.text), UNUSED)
<BR><BR>[Calls]<UL><LI><a href="#[52]">&gt;&gt;</a>&nbsp;&nbsp;&nbsp;_double_round
</UL>
<BR>[Called By]<UL><LI><a href="#[ca]">&gt;&gt;</a>&nbsp;&nbsp;&nbsp;_fp_digits
</UL>

<P><STRONG><a name="[57]"></a>__aeabi_d2ulz</STRONG> (Thumb, 48 bytes, Stack size 0 bytes, dfixul.o(.text), UNUSED)
<BR><BR>[Calls]<UL><LI><a href="#[4d]">&gt;&gt;</a>&nbsp;&nbsp;&nbsp;__aeabi_llsr
<LI><a href="#[4e]">&gt;&gt;</a>&nbsp;&nbsp;&nbsp;__aeabi_llsl
</UL>
<BR>[Called By]<UL><LI><a href="#[ca]">&gt;&gt;</a>&nbsp;&nbsp;&nbsp;_fp_digits
</UL>

<P><STRONG><a name="[cb]"></a>__aeabi_cdrcmple</STRONG> (Thumb, 48 bytes, Stack size 0 bytes, cdrcmple.o(.text), UNUSED)
<BR><BR>[Called By]<UL><LI><a href="#[ca]">&gt;&gt;</a>&nbsp;&nbsp;&nbsp;_fp_digits
</UL>

<P><STRONG><a name="[f7]"></a>__fp_status</STRONG> (Thumb, 4 bytes, Stack size 0 bytes, fpstat.o(.text), UNUSED)

<P><STRONG><a name="[c2]"></a>__ieee_status</STRONG> (Thumb, 0 bytes, Stack size 0 bytes, fpstat.o(.text))
<BR><BR>[Called By]<UL><LI><a href="#[ba]">&gt;&gt;</a>&nbsp;&nbsp;&nbsp;__hardfp_powf
</UL>

<P><STRONG><a name="[48]"></a>__scatterload</STRONG> (Thumb, 28 bytes, Stack size 0 bytes, init.o(.text))
<BR><BR>[Calls]<UL><LI><a href="#[58]">&gt;&gt;</a>&nbsp;&nbsp;&nbsp;__main_after_scatterload
</UL>
<BR>[Called By]<UL><LI><a href="#[47]">&gt;&gt;</a>&nbsp;&nbsp;&nbsp;_main_scatterload
</UL>

<P><STRONG><a name="[f8]"></a>__scatterload_rt2</STRONG> (Thumb, 0 bytes, Stack size 0 bytes, init.o(.text), UNUSED)

<P><STRONG><a name="[4e]"></a>__aeabi_llsl</STRONG> (Thumb, 30 bytes, Stack size 0 bytes, llshl.o(.text), UNUSED)
<BR><BR>[Called By]<UL><LI><a href="#[51]">&gt;&gt;</a>&nbsp;&nbsp;&nbsp;_double_epilogue
<LI><a href="#[4c]">&gt;&gt;</a>&nbsp;&nbsp;&nbsp;__aeabi_uldivmod
<LI><a href="#[4f]">&gt;&gt;</a>&nbsp;&nbsp;&nbsp;__aeabi_dadd
<LI><a href="#[57]">&gt;&gt;</a>&nbsp;&nbsp;&nbsp;__aeabi_d2ulz
</UL>

<P><STRONG><a name="[f9]"></a>_ll_shift_l</STRONG> (Thumb, 0 bytes, Stack size 0 bytes, llshl.o(.text), UNUSED)

<P><STRONG><a name="[4d]"></a>__aeabi_llsr</STRONG> (Thumb, 32 bytes, Stack size 0 bytes, llushr.o(.text), UNUSED)
<BR><BR>[Called By]<UL><LI><a href="#[51]">&gt;&gt;</a>&nbsp;&nbsp;&nbsp;_double_epilogue
<LI><a href="#[4c]">&gt;&gt;</a>&nbsp;&nbsp;&nbsp;__aeabi_uldivmod
<LI><a href="#[57]">&gt;&gt;</a>&nbsp;&nbsp;&nbsp;__aeabi_d2ulz
</UL>

<P><STRONG><a name="[fa]"></a>_ll_ushift_r</STRONG> (Thumb, 0 bytes, Stack size 0 bytes, llushr.o(.text), UNUSED)

<P><STRONG><a name="[50]"></a>__aeabi_lasr</STRONG> (Thumb, 36 bytes, Stack size 0 bytes, llsshr.o(.text), UNUSED)
<BR><BR>[Called By]<UL><LI><a href="#[4f]">&gt;&gt;</a>&nbsp;&nbsp;&nbsp;__aeabi_dadd
</UL>

<P><STRONG><a name="[fb]"></a>_ll_sshift_r</STRONG> (Thumb, 0 bytes, Stack size 0 bytes, llsshr.o(.text), UNUSED)

<P><STRONG><a name="[52]"></a>_double_round</STRONG> (Thumb, 30 bytes, Stack size 8 bytes, depilogue.o(.text), UNUSED)
<BR><BR>[Called By]<UL><LI><a href="#[51]">&gt;&gt;</a>&nbsp;&nbsp;&nbsp;_double_epilogue
<LI><a href="#[56]">&gt;&gt;</a>&nbsp;&nbsp;&nbsp;__aeabi_ddiv
<LI><a href="#[4f]">&gt;&gt;</a>&nbsp;&nbsp;&nbsp;__aeabi_dadd
</UL>

<P><STRONG><a name="[51]"></a>_double_epilogue</STRONG> (Thumb, 156 bytes, Stack size 32 bytes, depilogue.o(.text), UNUSED)
<BR><BR>[Calls]<UL><LI><a href="#[4d]">&gt;&gt;</a>&nbsp;&nbsp;&nbsp;__aeabi_llsr
<LI><a href="#[4e]">&gt;&gt;</a>&nbsp;&nbsp;&nbsp;__aeabi_llsl
<LI><a href="#[52]">&gt;&gt;</a>&nbsp;&nbsp;&nbsp;_double_round
</UL>
<BR>[Called By]<UL><LI><a href="#[55]">&gt;&gt;</a>&nbsp;&nbsp;&nbsp;__aeabi_dmul
<LI><a href="#[4f]">&gt;&gt;</a>&nbsp;&nbsp;&nbsp;__aeabi_dadd
</UL>

<P><STRONG><a name="[5e]"></a>Aes_Bytes_Xor</STRONG> (Thumb, 26 bytes, Stack size 8 bytes, aes.o(i.Aes_Bytes_Xor))
<BR><BR>[Stack]<UL><LI>Max Depth = 8<LI>Call Chain = Aes_Bytes_Xor
</UL>
<BR>[Called By]<UL><LI><a href="#[62]">&gt;&gt;</a>&nbsp;&nbsp;&nbsp;Key_Schedule
<LI><a href="#[5b]">&gt;&gt;</a>&nbsp;&nbsp;&nbsp;Aes_IV_key256bit_Decode
</UL>

<P><STRONG><a name="[59]"></a>Aes_G_function</STRONG> (Thumb, 52 bytes, Stack size 16 bytes, aes.o(i.Aes_G_function))
<BR><BR>[Stack]<UL><LI>Max Depth = 28<LI>Call Chain = Aes_G_function &rArr; Aes_SubBytes
</UL>
<BR>[Calls]<UL><LI><a href="#[5a]">&gt;&gt;</a>&nbsp;&nbsp;&nbsp;Aes_SubBytes
</UL>
<BR>[Called By]<UL><LI><a href="#[62]">&gt;&gt;</a>&nbsp;&nbsp;&nbsp;Key_Schedule
</UL>

<P><STRONG><a name="[5b]"></a>Aes_IV_key256bit_Decode</STRONG> (Thumb, 150 bytes, Stack size 40 bytes, aes.o(i.Aes_IV_key256bit_Decode))
<BR><BR>[Stack]<UL><LI>Max Depth = 120<LI>Call Chain = Aes_IV_key256bit_Decode &rArr; Aes_Key_Schedule_Create &rArr; Key_Schedule &rArr; Aes_G_function &rArr; Aes_SubBytes
</UL>
<BR>[Calls]<UL><LI><a href="#[5c]">&gt;&gt;</a>&nbsp;&nbsp;&nbsp;__aeabi_memcpy
<LI><a href="#[60]">&gt;&gt;</a>&nbsp;&nbsp;&nbsp;Aes_invSubBytes
<LI><a href="#[5f]">&gt;&gt;</a>&nbsp;&nbsp;&nbsp;Aes_invShiftRows
<LI><a href="#[61]">&gt;&gt;</a>&nbsp;&nbsp;&nbsp;Aes_invMixColumns
<LI><a href="#[5d]">&gt;&gt;</a>&nbsp;&nbsp;&nbsp;Aes_Key_Schedule_Create
<LI><a href="#[5e]">&gt;&gt;</a>&nbsp;&nbsp;&nbsp;Aes_Bytes_Xor
</UL>
<BR>[Called By]<UL><LI><a href="#[6a]">&gt;&gt;</a>&nbsp;&nbsp;&nbsp;BackToApp
</UL>

<P><STRONG><a name="[5d]"></a>Aes_Key_Schedule_Create</STRONG> (Thumb, 26 bytes, Stack size 16 bytes, aes.o(i.Aes_Key_Schedule_Create))
<BR><BR>[Stack]<UL><LI>Max Depth = 80<LI>Call Chain = Aes_Key_Schedule_Create &rArr; Key_Schedule &rArr; Aes_G_function &rArr; Aes_SubBytes
</UL>
<BR>[Calls]<UL><LI><a href="#[5c]">&gt;&gt;</a>&nbsp;&nbsp;&nbsp;__aeabi_memcpy
<LI><a href="#[62]">&gt;&gt;</a>&nbsp;&nbsp;&nbsp;Key_Schedule
</UL>
<BR>[Called By]<UL><LI><a href="#[5b]">&gt;&gt;</a>&nbsp;&nbsp;&nbsp;Aes_IV_key256bit_Decode
</UL>

<P><STRONG><a name="[5a]"></a>Aes_SubBytes</STRONG> (Thumb, 38 bytes, Stack size 12 bytes, aes.o(i.Aes_SubBytes))
<BR><BR>[Stack]<UL><LI>Max Depth = 12<LI>Call Chain = Aes_SubBytes
</UL>
<BR>[Called By]<UL><LI><a href="#[62]">&gt;&gt;</a>&nbsp;&nbsp;&nbsp;Key_Schedule
<LI><a href="#[59]">&gt;&gt;</a>&nbsp;&nbsp;&nbsp;Aes_G_function
</UL>

<P><STRONG><a name="[61]"></a>Aes_invMixColumns</STRONG> (Thumb, 276 bytes, Stack size 24 bytes, aes.o(i.Aes_invMixColumns))
<BR><BR>[Stack]<UL><LI>Max Depth = 32<LI>Call Chain = Aes_invMixColumns &rArr; Get_Calculate_GF28
</UL>
<BR>[Calls]<UL><LI><a href="#[63]">&gt;&gt;</a>&nbsp;&nbsp;&nbsp;Get_Calculate_GF28
</UL>
<BR>[Called By]<UL><LI><a href="#[5b]">&gt;&gt;</a>&nbsp;&nbsp;&nbsp;Aes_IV_key256bit_Decode
</UL>

<P><STRONG><a name="[5f]"></a>Aes_invShiftRows</STRONG> (Thumb, 36 bytes, Stack size 8 bytes, aes.o(i.Aes_invShiftRows))
<BR><BR>[Stack]<UL><LI>Max Depth = 36<LI>Call Chain = Aes_invShiftRows &rArr; ShiftByteNumRows
</UL>
<BR>[Calls]<UL><LI><a href="#[64]">&gt;&gt;</a>&nbsp;&nbsp;&nbsp;ShiftByteNumRows
</UL>
<BR>[Called By]<UL><LI><a href="#[5b]">&gt;&gt;</a>&nbsp;&nbsp;&nbsp;Aes_IV_key256bit_Decode
</UL>

<P><STRONG><a name="[60]"></a>Aes_invSubBytes</STRONG> (Thumb, 38 bytes, Stack size 12 bytes, aes.o(i.Aes_invSubBytes))
<BR><BR>[Stack]<UL><LI>Max Depth = 12<LI>Call Chain = Aes_invSubBytes
</UL>
<BR>[Called By]<UL><LI><a href="#[5b]">&gt;&gt;</a>&nbsp;&nbsp;&nbsp;Aes_IV_key256bit_Decode
</UL>

<P><STRONG><a name="[65]"></a>AppEasylogInit</STRONG> (Thumb, 66 bytes, Stack size 8 bytes, debug.o(i.AppEasylogInit))
<BR><BR>[Stack]<UL><LI>Max Depth = 272<LI>Call Chain = AppEasylogInit &rArr; elog_start &rArr; elog_set_output_enabled &rArr; elog_output &rArr;  elog_output (Cycle)
</UL>
<BR>[Calls]<UL><LI><a href="#[69]">&gt;&gt;</a>&nbsp;&nbsp;&nbsp;elog_start
<LI><a href="#[67]">&gt;&gt;</a>&nbsp;&nbsp;&nbsp;elog_set_text_color_enabled
<LI><a href="#[68]">&gt;&gt;</a>&nbsp;&nbsp;&nbsp;elog_set_fmt
<LI><a href="#[66]">&gt;&gt;</a>&nbsp;&nbsp;&nbsp;elog_init
</UL>
<BR>[Called By]<UL><LI><a href="#[43]">&gt;&gt;</a>&nbsp;&nbsp;&nbsp;main
</UL>

<P><STRONG><a name="[6a]"></a>BackToApp</STRONG> (Thumb, 376 bytes, Stack size 80 bytes, boot_manager.o(i.BackToApp))
<BR><BR>[Stack]<UL><LI>Max Depth = 296<LI>Call Chain = BackToApp &rArr; elog_output &rArr;  elog_output (Cycle)
</UL>
<BR>[Calls]<UL><LI><a href="#[6d]">&gt;&gt;</a>&nbsp;&nbsp;&nbsp;Flash_erase
<LI><a href="#[6e]">&gt;&gt;</a>&nbsp;&nbsp;&nbsp;Flash_Write
<LI><a href="#[6c]">&gt;&gt;</a>&nbsp;&nbsp;&nbsp;elog_output
<LI><a href="#[5c]">&gt;&gt;</a>&nbsp;&nbsp;&nbsp;__aeabi_memcpy
<LI><a href="#[6b]">&gt;&gt;</a>&nbsp;&nbsp;&nbsp;W25Q64_ReadData
<LI><a href="#[5b]">&gt;&gt;</a>&nbsp;&nbsp;&nbsp;Aes_IV_key256bit_Decode
</UL>
<BR>[Called By]<UL><LI><a href="#[43]">&gt;&gt;</a>&nbsp;&nbsp;&nbsp;main
</UL>

<P><STRONG><a name="[4]"></a>BusFault_Handler</STRONG> (Thumb, 4 bytes, Stack size 0 bytes, stm32f4xx_it.o(i.BusFault_Handler))
<BR>[Address Reference Count : 1]<UL><LI> startup_stm32f411xe.o(RESET)
</UL>
<P><STRONG><a name="[7]"></a>DebugMon_Handler</STRONG> (Thumb, 2 bytes, Stack size 0 bytes, stm32f4xx_it.o(i.DebugMon_Handler))
<BR>[Address Reference Count : 1]<UL><LI> startup_stm32f411xe.o(RESET)
</UL>
<P><STRONG><a name="[82]"></a>Delay</STRONG> (Thumb, 20 bytes, Stack size 8 bytes, main.o(i.Delay))
<BR><BR>[Stack]<UL><LI>Max Depth = 8<LI>Call Chain = Delay
</UL>
<BR>[Called By]<UL><LI><a href="#[80]">&gt;&gt;</a>&nbsp;&nbsp;&nbsp;KeyScan
<LI><a href="#[43]">&gt;&gt;</a>&nbsp;&nbsp;&nbsp;main
<LI><a href="#[b2]">&gt;&gt;</a>&nbsp;&nbsp;&nbsp;W25Qx_WriteEnable
</UL>

<P><STRONG><a name="[71]"></a>EreaseAppSector</STRONG> (Thumb, 26 bytes, Stack size 16 bytes, flash.o(i.EreaseAppSector))
<BR><BR>[Stack]<UL><LI>Max Depth = 40<LI>Call Chain = EreaseAppSector &rArr; FLASH_EraseSector &rArr; FLASH_WaitForLastOperation
</UL>
<BR>[Calls]<UL><LI><a href="#[73]">&gt;&gt;</a>&nbsp;&nbsp;&nbsp;FLASH_EraseSector
<LI><a href="#[72]">&gt;&gt;</a>&nbsp;&nbsp;&nbsp;FlashUnlock
<LI><a href="#[74]">&gt;&gt;</a>&nbsp;&nbsp;&nbsp;FLashLock
</UL>
<BR>[Called By]<UL><LI><a href="#[6d]">&gt;&gt;</a>&nbsp;&nbsp;&nbsp;Flash_erase
</UL>

<P><STRONG><a name="[73]"></a>FLASH_EraseSector</STRONG> (Thumb, 130 bytes, Stack size 16 bytes, stm32f4xx_flash.o(i.FLASH_EraseSector))
<BR><BR>[Stack]<UL><LI>Max Depth = 24<LI>Call Chain = FLASH_EraseSector &rArr; FLASH_WaitForLastOperation
</UL>
<BR>[Calls]<UL><LI><a href="#[75]">&gt;&gt;</a>&nbsp;&nbsp;&nbsp;FLASH_WaitForLastOperation
</UL>
<BR>[Called By]<UL><LI><a href="#[71]">&gt;&gt;</a>&nbsp;&nbsp;&nbsp;EreaseAppSector
</UL>

<P><STRONG><a name="[77]"></a>FLASH_GetStatus</STRONG> (Thumb, 80 bytes, Stack size 0 bytes, stm32f4xx_flash.o(i.FLASH_GetStatus))
<BR><BR>[Called By]<UL><LI><a href="#[72]">&gt;&gt;</a>&nbsp;&nbsp;&nbsp;FlashUnlock
<LI><a href="#[75]">&gt;&gt;</a>&nbsp;&nbsp;&nbsp;FLASH_WaitForLastOperation
</UL>

<P><STRONG><a name="[78]"></a>FLASH_Lock</STRONG> (Thumb, 14 bytes, Stack size 0 bytes, stm32f4xx_flash.o(i.FLASH_Lock))
<BR><BR>[Called By]<UL><LI><a href="#[74]">&gt;&gt;</a>&nbsp;&nbsp;&nbsp;FLashLock
</UL>

<P><STRONG><a name="[76]"></a>FLASH_ProgramWord</STRONG> (Thumb, 74 bytes, Stack size 12 bytes, stm32f4xx_flash.o(i.FLASH_ProgramWord))
<BR><BR>[Stack]<UL><LI>Max Depth = 20<LI>Call Chain = FLASH_ProgramWord &rArr; FLASH_WaitForLastOperation
</UL>
<BR>[Calls]<UL><LI><a href="#[75]">&gt;&gt;</a>&nbsp;&nbsp;&nbsp;FLASH_WaitForLastOperation
</UL>
<BR>[Called By]<UL><LI><a href="#[6e]">&gt;&gt;</a>&nbsp;&nbsp;&nbsp;Flash_Write
</UL>

<P><STRONG><a name="[79]"></a>FLASH_Unlock</STRONG> (Thumb, 24 bytes, Stack size 0 bytes, stm32f4xx_flash.o(i.FLASH_Unlock))
<BR><BR>[Called By]<UL><LI><a href="#[72]">&gt;&gt;</a>&nbsp;&nbsp;&nbsp;FlashUnlock
</UL>

<P><STRONG><a name="[75]"></a>FLASH_WaitForLastOperation</STRONG> (Thumb, 34 bytes, Stack size 8 bytes, stm32f4xx_flash.o(i.FLASH_WaitForLastOperation))
<BR><BR>[Stack]<UL><LI>Max Depth = 8<LI>Call Chain = FLASH_WaitForLastOperation
</UL>
<BR>[Calls]<UL><LI><a href="#[77]">&gt;&gt;</a>&nbsp;&nbsp;&nbsp;FLASH_GetStatus
</UL>
<BR>[Called By]<UL><LI><a href="#[76]">&gt;&gt;</a>&nbsp;&nbsp;&nbsp;FLASH_ProgramWord
<LI><a href="#[73]">&gt;&gt;</a>&nbsp;&nbsp;&nbsp;FLASH_EraseSector
</UL>

<P><STRONG><a name="[74]"></a>FLashLock</STRONG> (Thumb, 8 bytes, Stack size 8 bytes, flash.o(i.FLashLock))
<BR><BR>[Stack]<UL><LI>Max Depth = 8<LI>Call Chain = FLashLock
</UL>
<BR>[Calls]<UL><LI><a href="#[78]">&gt;&gt;</a>&nbsp;&nbsp;&nbsp;FLASH_Lock
</UL>
<BR>[Called By]<UL><LI><a href="#[6e]">&gt;&gt;</a>&nbsp;&nbsp;&nbsp;Flash_Write
<LI><a href="#[71]">&gt;&gt;</a>&nbsp;&nbsp;&nbsp;EreaseAppSector
</UL>

<P><STRONG><a name="[72]"></a>FlashUnlock</STRONG> (Thumb, 18 bytes, Stack size 8 bytes, flash.o(i.FlashUnlock))
<BR><BR>[Stack]<UL><LI>Max Depth = 8<LI>Call Chain = FlashUnlock
</UL>
<BR>[Calls]<UL><LI><a href="#[79]">&gt;&gt;</a>&nbsp;&nbsp;&nbsp;FLASH_Unlock
<LI><a href="#[77]">&gt;&gt;</a>&nbsp;&nbsp;&nbsp;FLASH_GetStatus
</UL>
<BR>[Called By]<UL><LI><a href="#[6e]">&gt;&gt;</a>&nbsp;&nbsp;&nbsp;Flash_Write
<LI><a href="#[71]">&gt;&gt;</a>&nbsp;&nbsp;&nbsp;EreaseAppSector
</UL>

<P><STRONG><a name="[6e]"></a>Flash_Write</STRONG> (Thumb, 26 bytes, Stack size 16 bytes, flash.o(i.Flash_Write))
<BR><BR>[Stack]<UL><LI>Max Depth = 36<LI>Call Chain = Flash_Write &rArr; FLASH_ProgramWord &rArr; FLASH_WaitForLastOperation
</UL>
<BR>[Calls]<UL><LI><a href="#[76]">&gt;&gt;</a>&nbsp;&nbsp;&nbsp;FLASH_ProgramWord
<LI><a href="#[72]">&gt;&gt;</a>&nbsp;&nbsp;&nbsp;FlashUnlock
<LI><a href="#[74]">&gt;&gt;</a>&nbsp;&nbsp;&nbsp;FLashLock
</UL>
<BR>[Called By]<UL><LI><a href="#[6a]">&gt;&gt;</a>&nbsp;&nbsp;&nbsp;BackToApp
</UL>

<P><STRONG><a name="[6d]"></a>Flash_erase</STRONG> (Thumb, 84 bytes, Stack size 24 bytes, flash.o(i.Flash_erase))
<BR><BR>[Stack]<UL><LI>Max Depth = 64<LI>Call Chain = Flash_erase &rArr; EreaseAppSector &rArr; FLASH_EraseSector &rArr; FLASH_WaitForLastOperation
</UL>
<BR>[Calls]<UL><LI><a href="#[71]">&gt;&gt;</a>&nbsp;&nbsp;&nbsp;EreaseAppSector
<LI><a href="#[7a]">&gt;&gt;</a>&nbsp;&nbsp;&nbsp;STMFLASH_GetFlashSector
</UL>
<BR>[Called By]<UL><LI><a href="#[6a]">&gt;&gt;</a>&nbsp;&nbsp;&nbsp;BackToApp
</UL>

<P><STRONG><a name="[70]"></a>GPIO_Init</STRONG> (Thumb, 144 bytes, Stack size 20 bytes, stm32f4xx_gpio.o(i.GPIO_Init))
<BR><BR>[Stack]<UL><LI>Max Depth = 20<LI>Call Chain = GPIO_Init
</UL>
<BR>[Called By]<UL><LI><a href="#[6f]">&gt;&gt;</a>&nbsp;&nbsp;&nbsp;CS_IO_Init
<LI><a href="#[7b]">&gt;&gt;</a>&nbsp;&nbsp;&nbsp;GPIO_Configuration
<LI><a href="#[92]">&gt;&gt;</a>&nbsp;&nbsp;&nbsp;SPI1_Init
<LI><a href="#[85]">&gt;&gt;</a>&nbsp;&nbsp;&nbsp;LED_IO_Init
<LI><a href="#[83]">&gt;&gt;</a>&nbsp;&nbsp;&nbsp;Key_IO_Init
</UL>

<P><STRONG><a name="[7c]"></a>GPIO_PinAFConfig</STRONG> (Thumb, 70 bytes, Stack size 20 bytes, stm32f4xx_gpio.o(i.GPIO_PinAFConfig))
<BR><BR>[Stack]<UL><LI>Max Depth = 20<LI>Call Chain = GPIO_PinAFConfig
</UL>
<BR>[Called By]<UL><LI><a href="#[7b]">&gt;&gt;</a>&nbsp;&nbsp;&nbsp;GPIO_Configuration
<LI><a href="#[92]">&gt;&gt;</a>&nbsp;&nbsp;&nbsp;SPI1_Init
</UL>

<P><STRONG><a name="[81]"></a>GPIO_ReadInputDataBit</STRONG> (Thumb, 18 bytes, Stack size 0 bytes, stm32f4xx_gpio.o(i.GPIO_ReadInputDataBit))
<BR><BR>[Called By]<UL><LI><a href="#[80]">&gt;&gt;</a>&nbsp;&nbsp;&nbsp;KeyScan
</UL>

<P><STRONG><a name="[b5]"></a>GPIO_ResetBits</STRONG> (Thumb, 4 bytes, Stack size 0 bytes, stm32f4xx_gpio.o(i.GPIO_ResetBits))
<BR><BR>[Called By]<UL><LI><a href="#[b2]">&gt;&gt;</a>&nbsp;&nbsp;&nbsp;W25Qx_WriteEnable
<LI><a href="#[b3]">&gt;&gt;</a>&nbsp;&nbsp;&nbsp;W25Qx_Write
<LI><a href="#[b9]">&gt;&gt;</a>&nbsp;&nbsp;&nbsp;W25Qx_Read_ID
<LI><a href="#[af]">&gt;&gt;</a>&nbsp;&nbsp;&nbsp;W25Qx_Read
<LI><a href="#[b1]">&gt;&gt;</a>&nbsp;&nbsp;&nbsp;W25Qx_Erase_Block
<LI><a href="#[bb]">&gt;&gt;</a>&nbsp;&nbsp;&nbsp;W25Qx_Reset
<LI><a href="#[b7]">&gt;&gt;</a>&nbsp;&nbsp;&nbsp;W25Qx_GetStatus
</UL>

<P><STRONG><a name="[b6]"></a>GPIO_SetBits</STRONG> (Thumb, 4 bytes, Stack size 0 bytes, stm32f4xx_gpio.o(i.GPIO_SetBits))
<BR><BR>[Called By]<UL><LI><a href="#[b2]">&gt;&gt;</a>&nbsp;&nbsp;&nbsp;W25Qx_WriteEnable
<LI><a href="#[b3]">&gt;&gt;</a>&nbsp;&nbsp;&nbsp;W25Qx_Write
<LI><a href="#[b9]">&gt;&gt;</a>&nbsp;&nbsp;&nbsp;W25Qx_Read_ID
<LI><a href="#[af]">&gt;&gt;</a>&nbsp;&nbsp;&nbsp;W25Qx_Read
<LI><a href="#[b1]">&gt;&gt;</a>&nbsp;&nbsp;&nbsp;W25Qx_Erase_Block
<LI><a href="#[bb]">&gt;&gt;</a>&nbsp;&nbsp;&nbsp;W25Qx_Reset
<LI><a href="#[b7]">&gt;&gt;</a>&nbsp;&nbsp;&nbsp;W25Qx_GetStatus
</UL>

<P><STRONG><a name="[93]"></a>GPIO_WriteBit</STRONG> (Thumb, 10 bytes, Stack size 0 bytes, stm32f4xx_gpio.o(i.GPIO_WriteBit))
<BR><BR>[Called By]<UL><LI><a href="#[92]">&gt;&gt;</a>&nbsp;&nbsp;&nbsp;SPI1_Init
</UL>

<P><STRONG><a name="[63]"></a>Get_Calculate_GF28</STRONG> (Thumb, 50 bytes, Stack size 8 bytes, aes.o(i.Get_Calculate_GF28))
<BR><BR>[Stack]<UL><LI>Max Depth = 8<LI>Call Chain = Get_Calculate_GF28
</UL>
<BR>[Called By]<UL><LI><a href="#[61]">&gt;&gt;</a>&nbsp;&nbsp;&nbsp;Aes_invMixColumns
</UL>

<P><STRONG><a name="[2]"></a>HardFault_Handler</STRONG> (Thumb, 4 bytes, Stack size 0 bytes, stm32f4xx_it.o(i.HardFault_Handler))
<BR>[Address Reference Count : 1]<UL><LI> startup_stm32f411xe.o(RESET)
</UL>
<P><STRONG><a name="[7d]"></a>JumpToApp</STRONG> (Thumb, 52 bytes, Stack size 16 bytes, boot_manager.o(i.JumpToApp))
<BR><BR>[Stack]<UL><LI>Max Depth = 16<LI>Call Chain = JumpToApp
</UL>
<BR>[Calls]<UL><LI><a href="#[7e]">&gt;&gt;</a>&nbsp;&nbsp;&nbsp;NVIC_SetVectorTable
<LI><a href="#[7f]">&gt;&gt;</a>&nbsp;&nbsp;&nbsp;RCC_DeInit
</UL>
<BR>[Called By]<UL><LI><a href="#[43]">&gt;&gt;</a>&nbsp;&nbsp;&nbsp;main
</UL>

<P><STRONG><a name="[80]"></a>KeyScan</STRONG> (Thumb, 36 bytes, Stack size 8 bytes, gpio.o(i.KeyScan))
<BR><BR>[Stack]<UL><LI>Max Depth = 16<LI>Call Chain = KeyScan &rArr; Delay
</UL>
<BR>[Calls]<UL><LI><a href="#[81]">&gt;&gt;</a>&nbsp;&nbsp;&nbsp;GPIO_ReadInputDataBit
<LI><a href="#[82]">&gt;&gt;</a>&nbsp;&nbsp;&nbsp;Delay
</UL>
<BR>[Called By]<UL><LI><a href="#[43]">&gt;&gt;</a>&nbsp;&nbsp;&nbsp;main
</UL>

<P><STRONG><a name="[83]"></a>Key_IO_Init</STRONG> (Thumb, 42 bytes, Stack size 16 bytes, gpio.o(i.Key_IO_Init))
<BR><BR>[Stack]<UL><LI>Max Depth = 36<LI>Call Chain = Key_IO_Init &rArr; GPIO_Init
</UL>
<BR>[Calls]<UL><LI><a href="#[84]">&gt;&gt;</a>&nbsp;&nbsp;&nbsp;RCC_AHB1PeriphClockCmd
<LI><a href="#[70]">&gt;&gt;</a>&nbsp;&nbsp;&nbsp;GPIO_Init
</UL>
<BR>[Called By]<UL><LI><a href="#[43]">&gt;&gt;</a>&nbsp;&nbsp;&nbsp;main
</UL>

<P><STRONG><a name="[62]"></a>Key_Schedule</STRONG> (Thumb, 182 bytes, Stack size 36 bytes, aes.o(i.Key_Schedule))
<BR><BR>[Stack]<UL><LI>Max Depth = 64<LI>Call Chain = Key_Schedule &rArr; Aes_G_function &rArr; Aes_SubBytes
</UL>
<BR>[Calls]<UL><LI><a href="#[5a]">&gt;&gt;</a>&nbsp;&nbsp;&nbsp;Aes_SubBytes
<LI><a href="#[59]">&gt;&gt;</a>&nbsp;&nbsp;&nbsp;Aes_G_function
<LI><a href="#[5e]">&gt;&gt;</a>&nbsp;&nbsp;&nbsp;Aes_Bytes_Xor
</UL>
<BR>[Called By]<UL><LI><a href="#[5d]">&gt;&gt;</a>&nbsp;&nbsp;&nbsp;Aes_Key_Schedule_Create
</UL>

<P><STRONG><a name="[85]"></a>LED_IO_Init</STRONG> (Thumb, 48 bytes, Stack size 16 bytes, gpio.o(i.LED_IO_Init))
<BR><BR>[Stack]<UL><LI>Max Depth = 36<LI>Call Chain = LED_IO_Init &rArr; GPIO_Init
</UL>
<BR>[Calls]<UL><LI><a href="#[84]">&gt;&gt;</a>&nbsp;&nbsp;&nbsp;RCC_AHB1PeriphClockCmd
<LI><a href="#[70]">&gt;&gt;</a>&nbsp;&nbsp;&nbsp;GPIO_Init
</UL>
<BR>[Called By]<UL><LI><a href="#[43]">&gt;&gt;</a>&nbsp;&nbsp;&nbsp;main
</UL>

<P><STRONG><a name="[3]"></a>MemManage_Handler</STRONG> (Thumb, 4 bytes, Stack size 0 bytes, stm32f4xx_it.o(i.MemManage_Handler))
<BR>[Address Reference Count : 1]<UL><LI> startup_stm32f411xe.o(RESET)
</UL>
<P><STRONG><a name="[1]"></a>NMI_Handler</STRONG> (Thumb, 2 bytes, Stack size 0 bytes, stm32f4xx_it.o(i.NMI_Handler))
<BR>[Address Reference Count : 1]<UL><LI> startup_stm32f411xe.o(RESET)
</UL>
<P><STRONG><a name="[7e]"></a>NVIC_SetVectorTable</STRONG> (Thumb, 12 bytes, Stack size 0 bytes, misc.o(i.NVIC_SetVectorTable))
<BR><BR>[Called By]<UL><LI><a href="#[7d]">&gt;&gt;</a>&nbsp;&nbsp;&nbsp;JumpToApp
</UL>

<P><STRONG><a name="[8]"></a>PendSV_Handler</STRONG> (Thumb, 2 bytes, Stack size 0 bytes, stm32f4xx_it.o(i.PendSV_Handler))
<BR>[Address Reference Count : 1]<UL><LI> startup_stm32f411xe.o(RESET)
</UL>
<P><STRONG><a name="[84]"></a>RCC_AHB1PeriphClockCmd</STRONG> (Thumb, 26 bytes, Stack size 0 bytes, stm32f4xx_rcc.o(i.RCC_AHB1PeriphClockCmd))
<BR><BR>[Called By]<UL><LI><a href="#[86]">&gt;&gt;</a>&nbsp;&nbsp;&nbsp;RCC_Configuration
<LI><a href="#[92]">&gt;&gt;</a>&nbsp;&nbsp;&nbsp;SPI1_Init
<LI><a href="#[85]">&gt;&gt;</a>&nbsp;&nbsp;&nbsp;LED_IO_Init
<LI><a href="#[83]">&gt;&gt;</a>&nbsp;&nbsp;&nbsp;Key_IO_Init
</UL>

<P><STRONG><a name="[87]"></a>RCC_APB2PeriphClockCmd</STRONG> (Thumb, 26 bytes, Stack size 0 bytes, stm32f4xx_rcc.o(i.RCC_APB2PeriphClockCmd))
<BR><BR>[Called By]<UL><LI><a href="#[86]">&gt;&gt;</a>&nbsp;&nbsp;&nbsp;RCC_Configuration
<LI><a href="#[92]">&gt;&gt;</a>&nbsp;&nbsp;&nbsp;SPI1_Init
</UL>

<P><STRONG><a name="[94]"></a>RCC_APB2PeriphResetCmd</STRONG> (Thumb, 26 bytes, Stack size 0 bytes, stm32f4xx_rcc.o(i.RCC_APB2PeriphResetCmd))
<BR><BR>[Called By]<UL><LI><a href="#[92]">&gt;&gt;</a>&nbsp;&nbsp;&nbsp;SPI1_Init
</UL>

<P><STRONG><a name="[e6]"></a>RCC_ClockSecuritySystemCmd</STRONG> (Thumb, 6 bytes, Stack size 0 bytes, stm32f4xx_rcc.o(i.RCC_ClockSecuritySystemCmd))
<BR><BR>[Called By]<UL><LI><a href="#[43]">&gt;&gt;</a>&nbsp;&nbsp;&nbsp;main
</UL>

<P><STRONG><a name="[7f]"></a>RCC_DeInit</STRONG> (Thumb, 74 bytes, Stack size 0 bytes, stm32f4xx_rcc.o(i.RCC_DeInit))
<BR><BR>[Called By]<UL><LI><a href="#[7d]">&gt;&gt;</a>&nbsp;&nbsp;&nbsp;JumpToApp
</UL>

<P><STRONG><a name="[ab]"></a>RCC_GetClocksFreq</STRONG> (Thumb, 214 bytes, Stack size 20 bytes, stm32f4xx_rcc.o(i.RCC_GetClocksFreq))
<BR><BR>[Stack]<UL><LI>Max Depth = 20<LI>Call Chain = RCC_GetClocksFreq
</UL>
<BR>[Called By]<UL><LI><a href="#[a9]">&gt;&gt;</a>&nbsp;&nbsp;&nbsp;USART_Init
<LI><a href="#[43]">&gt;&gt;</a>&nbsp;&nbsp;&nbsp;main
</UL>

<P><STRONG><a name="[8b]"></a>SEGGER_RTT_Init</STRONG> (Thumb, 8 bytes, Stack size 8 bytes, segger_rtt.o(i.SEGGER_RTT_Init))
<BR><BR>[Stack]<UL><LI>Max Depth = 16<LI>Call Chain = SEGGER_RTT_Init &rArr; _DoInit
</UL>
<BR>[Calls]<UL><LI><a href="#[8c]">&gt;&gt;</a>&nbsp;&nbsp;&nbsp;_DoInit
</UL>
<BR>[Called By]<UL><LI><a href="#[d3]">&gt;&gt;</a>&nbsp;&nbsp;&nbsp;elog_port_init
</UL>

<P><STRONG><a name="[8d]"></a>SEGGER_RTT_Write</STRONG> (Thumb, 68 bytes, Stack size 24 bytes, segger_rtt.o(i.SEGGER_RTT_Write))
<BR><BR>[Stack]<UL><LI>Max Depth = 96<LI>Call Chain = SEGGER_RTT_Write &rArr; SEGGER_RTT_WriteNoLock &rArr; _WriteBlocking
</UL>
<BR>[Calls]<UL><LI><a href="#[8e]">&gt;&gt;</a>&nbsp;&nbsp;&nbsp;SEGGER_RTT_WriteNoLock
<LI><a href="#[8c]">&gt;&gt;</a>&nbsp;&nbsp;&nbsp;_DoInit
</UL>
<BR>[Called By]<UL><LI><a href="#[e2]">&gt;&gt;</a>&nbsp;&nbsp;&nbsp;elog_port_output
</UL>

<P><STRONG><a name="[8e]"></a>SEGGER_RTT_WriteNoLock</STRONG> (Thumb, 126 bytes, Stack size 32 bytes, segger_rtt.o(i.SEGGER_RTT_WriteNoLock))
<BR><BR>[Stack]<UL><LI>Max Depth = 72<LI>Call Chain = SEGGER_RTT_WriteNoLock &rArr; _WriteBlocking
</UL>
<BR>[Calls]<UL><LI><a href="#[90]">&gt;&gt;</a>&nbsp;&nbsp;&nbsp;_WriteNoCheck
<LI><a href="#[91]">&gt;&gt;</a>&nbsp;&nbsp;&nbsp;_WriteBlocking
<LI><a href="#[8f]">&gt;&gt;</a>&nbsp;&nbsp;&nbsp;_GetAvailWriteSpace
</UL>
<BR>[Called By]<UL><LI><a href="#[8d]">&gt;&gt;</a>&nbsp;&nbsp;&nbsp;SEGGER_RTT_Write
</UL>

<P><STRONG><a name="[92]"></a>SPI1_Init</STRONG> (Thumb, 198 bytes, Stack size 32 bytes, spi.o(i.SPI1_Init))
<BR><BR>[Stack]<UL><LI>Max Depth = 68<LI>Call Chain = SPI1_Init &rArr; CS_IO_Init &rArr; GPIO_Init
</UL>
<BR>[Calls]<UL><LI><a href="#[95]">&gt;&gt;</a>&nbsp;&nbsp;&nbsp;SPI_Init
<LI><a href="#[96]">&gt;&gt;</a>&nbsp;&nbsp;&nbsp;SPI_Cmd
<LI><a href="#[94]">&gt;&gt;</a>&nbsp;&nbsp;&nbsp;RCC_APB2PeriphResetCmd
<LI><a href="#[93]">&gt;&gt;</a>&nbsp;&nbsp;&nbsp;GPIO_WriteBit
<LI><a href="#[97]">&gt;&gt;</a>&nbsp;&nbsp;&nbsp;SPI1_ReadWriteByte
<LI><a href="#[6f]">&gt;&gt;</a>&nbsp;&nbsp;&nbsp;CS_IO_Init
<LI><a href="#[87]">&gt;&gt;</a>&nbsp;&nbsp;&nbsp;RCC_APB2PeriphClockCmd
<LI><a href="#[7c]">&gt;&gt;</a>&nbsp;&nbsp;&nbsp;GPIO_PinAFConfig
<LI><a href="#[84]">&gt;&gt;</a>&nbsp;&nbsp;&nbsp;RCC_AHB1PeriphClockCmd
<LI><a href="#[70]">&gt;&gt;</a>&nbsp;&nbsp;&nbsp;GPIO_Init
</UL>
<BR>[Called By]<UL><LI><a href="#[43]">&gt;&gt;</a>&nbsp;&nbsp;&nbsp;main
</UL>

<P><STRONG><a name="[98]"></a>SPI1_ReadByte</STRONG> (Thumb, 150 bytes, Stack size 48 bytes, spi.o(i.SPI1_ReadByte))
<BR><BR>[Stack]<UL><LI>Max Depth = 48<LI>Call Chain = SPI1_ReadByte
</UL>
<BR>[Calls]<UL><LI><a href="#[9a]">&gt;&gt;</a>&nbsp;&nbsp;&nbsp;SPI_I2S_SendData
<LI><a href="#[9b]">&gt;&gt;</a>&nbsp;&nbsp;&nbsp;SPI_I2S_ReceiveData
<LI><a href="#[99]">&gt;&gt;</a>&nbsp;&nbsp;&nbsp;SPI_I2S_GetFlagStatus
</UL>
<BR>[Called By]<UL><LI><a href="#[b9]">&gt;&gt;</a>&nbsp;&nbsp;&nbsp;W25Qx_Read_ID
<LI><a href="#[af]">&gt;&gt;</a>&nbsp;&nbsp;&nbsp;W25Qx_Read
<LI><a href="#[b7]">&gt;&gt;</a>&nbsp;&nbsp;&nbsp;W25Qx_GetStatus
</UL>

<P><STRONG><a name="[97]"></a>SPI1_ReadWriteByte</STRONG> (Thumb, 50 bytes, Stack size 8 bytes, spi.o(i.SPI1_ReadWriteByte))
<BR><BR>[Stack]<UL><LI>Max Depth = 8<LI>Call Chain = SPI1_ReadWriteByte
</UL>
<BR>[Calls]<UL><LI><a href="#[9a]">&gt;&gt;</a>&nbsp;&nbsp;&nbsp;SPI_I2S_SendData
<LI><a href="#[9b]">&gt;&gt;</a>&nbsp;&nbsp;&nbsp;SPI_I2S_ReceiveData
<LI><a href="#[99]">&gt;&gt;</a>&nbsp;&nbsp;&nbsp;SPI_I2S_GetFlagStatus
</UL>
<BR>[Called By]<UL><LI><a href="#[92]">&gt;&gt;</a>&nbsp;&nbsp;&nbsp;SPI1_Init
</UL>

<P><STRONG><a name="[9c]"></a>SPI1_WriteByte</STRONG> (Thumb, 152 bytes, Stack size 40 bytes, spi.o(i.SPI1_WriteByte))
<BR><BR>[Stack]<UL><LI>Max Depth = 40<LI>Call Chain = SPI1_WriteByte
</UL>
<BR>[Calls]<UL><LI><a href="#[9a]">&gt;&gt;</a>&nbsp;&nbsp;&nbsp;SPI_I2S_SendData
<LI><a href="#[9b]">&gt;&gt;</a>&nbsp;&nbsp;&nbsp;SPI_I2S_ReceiveData
<LI><a href="#[99]">&gt;&gt;</a>&nbsp;&nbsp;&nbsp;SPI_I2S_GetFlagStatus
<LI><a href="#[9d]">&gt;&gt;</a>&nbsp;&nbsp;&nbsp;SPI_I2S_ClearFlag
</UL>
<BR>[Called By]<UL><LI><a href="#[b2]">&gt;&gt;</a>&nbsp;&nbsp;&nbsp;W25Qx_WriteEnable
<LI><a href="#[b3]">&gt;&gt;</a>&nbsp;&nbsp;&nbsp;W25Qx_Write
<LI><a href="#[b9]">&gt;&gt;</a>&nbsp;&nbsp;&nbsp;W25Qx_Read_ID
<LI><a href="#[af]">&gt;&gt;</a>&nbsp;&nbsp;&nbsp;W25Qx_Read
<LI><a href="#[b1]">&gt;&gt;</a>&nbsp;&nbsp;&nbsp;W25Qx_Erase_Block
<LI><a href="#[bb]">&gt;&gt;</a>&nbsp;&nbsp;&nbsp;W25Qx_Reset
<LI><a href="#[b7]">&gt;&gt;</a>&nbsp;&nbsp;&nbsp;W25Qx_GetStatus
</UL>

<P><STRONG><a name="[96]"></a>SPI_Cmd</STRONG> (Thumb, 24 bytes, Stack size 0 bytes, stm32f4xx_spi.o(i.SPI_Cmd))
<BR><BR>[Called By]<UL><LI><a href="#[92]">&gt;&gt;</a>&nbsp;&nbsp;&nbsp;SPI1_Init
</UL>

<P><STRONG><a name="[9d]"></a>SPI_I2S_ClearFlag</STRONG> (Thumb, 6 bytes, Stack size 0 bytes, stm32f4xx_spi.o(i.SPI_I2S_ClearFlag))
<BR><BR>[Called By]<UL><LI><a href="#[9c]">&gt;&gt;</a>&nbsp;&nbsp;&nbsp;SPI1_WriteByte
</UL>

<P><STRONG><a name="[99]"></a>SPI_I2S_GetFlagStatus</STRONG> (Thumb, 18 bytes, Stack size 0 bytes, stm32f4xx_spi.o(i.SPI_I2S_GetFlagStatus))
<BR><BR>[Called By]<UL><LI><a href="#[9c]">&gt;&gt;</a>&nbsp;&nbsp;&nbsp;SPI1_WriteByte
<LI><a href="#[97]">&gt;&gt;</a>&nbsp;&nbsp;&nbsp;SPI1_ReadWriteByte
<LI><a href="#[98]">&gt;&gt;</a>&nbsp;&nbsp;&nbsp;SPI1_ReadByte
</UL>

<P><STRONG><a name="[9b]"></a>SPI_I2S_ReceiveData</STRONG> (Thumb, 6 bytes, Stack size 0 bytes, stm32f4xx_spi.o(i.SPI_I2S_ReceiveData))
<BR><BR>[Called By]<UL><LI><a href="#[9c]">&gt;&gt;</a>&nbsp;&nbsp;&nbsp;SPI1_WriteByte
<LI><a href="#[97]">&gt;&gt;</a>&nbsp;&nbsp;&nbsp;SPI1_ReadWriteByte
<LI><a href="#[98]">&gt;&gt;</a>&nbsp;&nbsp;&nbsp;SPI1_ReadByte
</UL>

<P><STRONG><a name="[9a]"></a>SPI_I2S_SendData</STRONG> (Thumb, 4 bytes, Stack size 0 bytes, stm32f4xx_spi.o(i.SPI_I2S_SendData))
<BR><BR>[Called By]<UL><LI><a href="#[9c]">&gt;&gt;</a>&nbsp;&nbsp;&nbsp;SPI1_WriteByte
<LI><a href="#[97]">&gt;&gt;</a>&nbsp;&nbsp;&nbsp;SPI1_ReadWriteByte
<LI><a href="#[98]">&gt;&gt;</a>&nbsp;&nbsp;&nbsp;SPI1_ReadByte
</UL>

<P><STRONG><a name="[95]"></a>SPI_Init</STRONG> (Thumb, 60 bytes, Stack size 8 bytes, stm32f4xx_spi.o(i.SPI_Init))
<BR><BR>[Stack]<UL><LI>Max Depth = 8<LI>Call Chain = SPI_Init
</UL>
<BR>[Called By]<UL><LI><a href="#[92]">&gt;&gt;</a>&nbsp;&nbsp;&nbsp;SPI1_Init
</UL>

<P><STRONG><a name="[6]"></a>SVC_Handler</STRONG> (Thumb, 2 bytes, Stack size 0 bytes, stm32f4xx_it.o(i.SVC_Handler))
<BR>[Address Reference Count : 1]<UL><LI> startup_stm32f411xe.o(RESET)
</UL>
<P><STRONG><a name="[89]"></a>SerialKeyPressed</STRONG> (Thumb, 28 bytes, Stack size 8 bytes, common.o(i.SerialKeyPressed))
<BR><BR>[Stack]<UL><LI>Max Depth = 8<LI>Call Chain = SerialKeyPressed
</UL>
<BR>[Calls]<UL><LI><a href="#[a0]">&gt;&gt;</a>&nbsp;&nbsp;&nbsp;USART_GetFlagStatus
</UL>
<BR>[Called By]<UL><LI><a href="#[88]">&gt;&gt;</a>&nbsp;&nbsp;&nbsp;Receive_Byte
</UL>

<P><STRONG><a name="[9f]"></a>SerialPutChar</STRONG> (Thumb, 14 bytes, Stack size 8 bytes, common.o(i.SerialPutChar))
<BR><BR>[Stack]<UL><LI>Max Depth = 24<LI>Call Chain = SerialPutChar &rArr; USART_SendChar
</UL>
<BR>[Calls]<UL><LI><a href="#[a1]">&gt;&gt;</a>&nbsp;&nbsp;&nbsp;USART_SendChar
</UL>
<BR>[Called By]<UL><LI><a href="#[9e]">&gt;&gt;</a>&nbsp;&nbsp;&nbsp;Send_Byte
</UL>

<P><STRONG><a name="[64]"></a>ShiftByteNumRows</STRONG> (Thumb, 102 bytes, Stack size 28 bytes, aes.o(i.ShiftByteNumRows))
<BR><BR>[Stack]<UL><LI>Max Depth = 28<LI>Call Chain = ShiftByteNumRows
</UL>
<BR>[Called By]<UL><LI><a href="#[5f]">&gt;&gt;</a>&nbsp;&nbsp;&nbsp;Aes_invShiftRows
</UL>

<P><STRONG><a name="[bd]"></a>Str2Int</STRONG> (Thumb, 260 bytes, Stack size 16 bytes, common.o(i.Str2Int))
<BR><BR>[Stack]<UL><LI>Max Depth = 16<LI>Call Chain = Str2Int
</UL>
<BR>[Called By]<UL><LI><a href="#[bc]">&gt;&gt;</a>&nbsp;&nbsp;&nbsp;Ymodem_Receive
</UL>

<P><STRONG><a name="[9]"></a>SysTick_Handler</STRONG> (Thumb, 18 bytes, Stack size 8 bytes, stm32f4xx_it.o(i.SysTick_Handler))
<BR><BR>[Stack]<UL><LI>Max Depth = 8<LI>Call Chain = SysTick_Handler
</UL>
<BR>[Calls]<UL><LI><a href="#[a2]">&gt;&gt;</a>&nbsp;&nbsp;&nbsp;TimingDelay_Decrement
</UL>
<BR>[Address Reference Count : 1]<UL><LI> startup_stm32f411xe.o(RESET)
</UL>
<P><STRONG><a name="[e7]"></a>SystemCoreClockUpdate</STRONG> (Thumb, 148 bytes, Stack size 16 bytes, system_stm32f4xx.o(i.SystemCoreClockUpdate))
<BR><BR>[Stack]<UL><LI>Max Depth = 16<LI>Call Chain = SystemCoreClockUpdate
</UL>
<BR>[Called By]<UL><LI><a href="#[43]">&gt;&gt;</a>&nbsp;&nbsp;&nbsp;main
</UL>

<P><STRONG><a name="[44]"></a>SystemInit</STRONG> (Thumb, 88 bytes, Stack size 8 bytes, system_stm32f4xx.o(i.SystemInit))
<BR><BR>[Stack]<UL><LI>Max Depth = 20<LI>Call Chain = SystemInit &rArr; SetSysClock
</UL>
<BR>[Calls]<UL><LI><a href="#[a3]">&gt;&gt;</a>&nbsp;&nbsp;&nbsp;SetSysClock
</UL>
<BR>[Address Reference Count : 1]<UL><LI> startup_stm32f411xe.o(.text)
</UL>
<P><STRONG><a name="[23]"></a>TIM3_IRQHandler</STRONG> (Thumb, 26 bytes, Stack size 8 bytes, stm32f4xx_it.o(i.TIM3_IRQHandler))
<BR><BR>[Stack]<UL><LI>Max Depth = 20<LI>Call Chain = TIM3_IRQHandler &rArr; TIM_GetITStatus
</UL>
<BR>[Calls]<UL><LI><a href="#[a4]">&gt;&gt;</a>&nbsp;&nbsp;&nbsp;TIM_GetITStatus
<LI><a href="#[a5]">&gt;&gt;</a>&nbsp;&nbsp;&nbsp;TIM_ClearITPendingBit
<LI><a href="#[a6]">&gt;&gt;</a>&nbsp;&nbsp;&nbsp;TIM3_IT_Update_Callback
</UL>
<BR>[Address Reference Count : 1]<UL><LI> startup_stm32f411xe.o(RESET)
</UL>
<P><STRONG><a name="[a6]"></a>TIM3_IT_Update_Callback</STRONG> (Thumb, 2 bytes, Stack size 0 bytes, tim.o(i.TIM3_IT_Update_Callback))
<BR><BR>[Called By]<UL><LI><a href="#[23]">&gt;&gt;</a>&nbsp;&nbsp;&nbsp;TIM3_IRQHandler
</UL>

<P><STRONG><a name="[a5]"></a>TIM_ClearITPendingBit</STRONG> (Thumb, 6 bytes, Stack size 0 bytes, stm32f4xx_tim.o(i.TIM_ClearITPendingBit))
<BR><BR>[Called By]<UL><LI><a href="#[23]">&gt;&gt;</a>&nbsp;&nbsp;&nbsp;TIM3_IRQHandler
</UL>

<P><STRONG><a name="[a4]"></a>TIM_GetITStatus</STRONG> (Thumb, 34 bytes, Stack size 12 bytes, stm32f4xx_tim.o(i.TIM_GetITStatus))
<BR><BR>[Stack]<UL><LI>Max Depth = 12<LI>Call Chain = TIM_GetITStatus
</UL>
<BR>[Called By]<UL><LI><a href="#[23]">&gt;&gt;</a>&nbsp;&nbsp;&nbsp;TIM3_IRQHandler
</UL>

<P><STRONG><a name="[a2]"></a>TimingDelay_Decrement</STRONG> (Thumb, 18 bytes, Stack size 0 bytes, main.o(i.TimingDelay_Decrement))
<BR><BR>[Called By]<UL><LI><a href="#[9]">&gt;&gt;</a>&nbsp;&nbsp;&nbsp;SysTick_Handler
</UL>

<P><STRONG><a name="[a7]"></a>USART1_Init</STRONG> (Thumb, 16 bytes, Stack size 8 bytes, usart.o(i.USART1_Init))
<BR><BR>[Stack]<UL><LI>Max Depth = 100<LI>Call Chain = USART1_Init &rArr; USART_Configuration &rArr; USART_Init &rArr; RCC_GetClocksFreq
</UL>
<BR>[Calls]<UL><LI><a href="#[a8]">&gt;&gt;</a>&nbsp;&nbsp;&nbsp;USART_Configuration
<LI><a href="#[86]">&gt;&gt;</a>&nbsp;&nbsp;&nbsp;RCC_Configuration
<LI><a href="#[7b]">&gt;&gt;</a>&nbsp;&nbsp;&nbsp;GPIO_Configuration
</UL>
<BR>[Called By]<UL><LI><a href="#[43]">&gt;&gt;</a>&nbsp;&nbsp;&nbsp;main
</UL>

<P><STRONG><a name="[aa]"></a>USART_Cmd</STRONG> (Thumb, 24 bytes, Stack size 0 bytes, stm32f4xx_usart.o(i.USART_Cmd))
<BR><BR>[Called By]<UL><LI><a href="#[a8]">&gt;&gt;</a>&nbsp;&nbsp;&nbsp;USART_Configuration
</UL>

<P><STRONG><a name="[a0]"></a>USART_GetFlagStatus</STRONG> (Thumb, 26 bytes, Stack size 0 bytes, stm32f4xx_usart.o(i.USART_GetFlagStatus))
<BR><BR>[Called By]<UL><LI><a href="#[a1]">&gt;&gt;</a>&nbsp;&nbsp;&nbsp;USART_SendChar
<LI><a href="#[89]">&gt;&gt;</a>&nbsp;&nbsp;&nbsp;SerialKeyPressed
</UL>

<P><STRONG><a name="[a9]"></a>USART_Init</STRONG> (Thumb, 204 bytes, Stack size 48 bytes, stm32f4xx_usart.o(i.USART_Init))
<BR><BR>[Stack]<UL><LI>Max Depth = 68<LI>Call Chain = USART_Init &rArr; RCC_GetClocksFreq
</UL>
<BR>[Calls]<UL><LI><a href="#[ab]">&gt;&gt;</a>&nbsp;&nbsp;&nbsp;RCC_GetClocksFreq
</UL>
<BR>[Called By]<UL><LI><a href="#[a8]">&gt;&gt;</a>&nbsp;&nbsp;&nbsp;USART_Configuration
</UL>

<P><STRONG><a name="[a1]"></a>USART_SendChar</STRONG> (Thumb, 30 bytes, Stack size 16 bytes, usart.o(i.USART_SendChar))
<BR><BR>[Stack]<UL><LI>Max Depth = 16<LI>Call Chain = USART_SendChar
</UL>
<BR>[Calls]<UL><LI><a href="#[ac]">&gt;&gt;</a>&nbsp;&nbsp;&nbsp;USART_SendData
<LI><a href="#[a0]">&gt;&gt;</a>&nbsp;&nbsp;&nbsp;USART_GetFlagStatus
</UL>
<BR>[Called By]<UL><LI><a href="#[9f]">&gt;&gt;</a>&nbsp;&nbsp;&nbsp;SerialPutChar
</UL>

<P><STRONG><a name="[ac]"></a>USART_SendData</STRONG> (Thumb, 8 bytes, Stack size 0 bytes, stm32f4xx_usart.o(i.USART_SendData))
<BR><BR>[Called By]<UL><LI><a href="#[a1]">&gt;&gt;</a>&nbsp;&nbsp;&nbsp;USART_SendChar
</UL>

<P><STRONG><a name="[5]"></a>UsageFault_Handler</STRONG> (Thumb, 4 bytes, Stack size 0 bytes, stm32f4xx_it.o(i.UsageFault_Handler))
<BR>[Address Reference Count : 1]<UL><LI> startup_stm32f411xe.o(RESET)
</UL>
<P><STRONG><a name="[ad]"></a>W25Q64_Init</STRONG> (Thumb, 22 bytes, Stack size 8 bytes, w25qxx_handler.o(i.W25Q64_Init))
<BR><BR>[Stack]<UL><LI>Max Depth = 96<LI>Call Chain = W25Q64_Init &rArr; W25Qx_Init &rArr; W25Qx_Get_Parameter &rArr; W25Qx_Read_ID &rArr; SPI1_ReadByte
</UL>
<BR>[Calls]<UL><LI><a href="#[ae]">&gt;&gt;</a>&nbsp;&nbsp;&nbsp;W25Qx_Init
</UL>
<BR>[Called By]<UL><LI><a href="#[43]">&gt;&gt;</a>&nbsp;&nbsp;&nbsp;main
</UL>

<P><STRONG><a name="[6b]"></a>W25Q64_ReadData</STRONG> (Thumb, 146 bytes, Stack size 32 bytes, w25qxx_handler.o(i.W25Q64_ReadData))
<BR><BR>[Stack]<UL><LI>Max Depth = 104<LI>Call Chain = W25Q64_ReadData &rArr; W25Qx_Read &rArr; SPI1_ReadByte
</UL>
<BR>[Calls]<UL><LI><a href="#[af]">&gt;&gt;</a>&nbsp;&nbsp;&nbsp;W25Qx_Read
</UL>
<BR>[Called By]<UL><LI><a href="#[6a]">&gt;&gt;</a>&nbsp;&nbsp;&nbsp;BackToApp
</UL>

<P><STRONG><a name="[b0]"></a>W25Q64_WriteData</STRONG> (Thumb, 178 bytes, Stack size 32 bytes, w25qxx_handler.o(i.W25Q64_WriteData))
<BR><BR>[Stack]<UL><LI>Max Depth = 152<LI>Call Chain = W25Q64_WriteData &rArr; W25Qx_Write &rArr; W25Qx_WriteEnable &rArr; W25Qx_GetStatus &rArr; SPI1_ReadByte
</UL>
<BR>[Calls]<UL><LI><a href="#[b2]">&gt;&gt;</a>&nbsp;&nbsp;&nbsp;W25Qx_WriteEnable
<LI><a href="#[b3]">&gt;&gt;</a>&nbsp;&nbsp;&nbsp;W25Qx_Write
<LI><a href="#[b1]">&gt;&gt;</a>&nbsp;&nbsp;&nbsp;W25Qx_Erase_Block
</UL>
<BR>[Called By]<UL><LI><a href="#[bc]">&gt;&gt;</a>&nbsp;&nbsp;&nbsp;Ymodem_Receive
</UL>

<P><STRONG><a name="[b4]"></a>W25Q64_WriteData_End</STRONG> (Thumb, 196 bytes, Stack size 24 bytes, w25qxx_handler.o(i.W25Q64_WriteData_End))
<BR><BR>[Stack]<UL><LI>Max Depth = 144<LI>Call Chain = W25Q64_WriteData_End &rArr; W25Qx_Write &rArr; W25Qx_WriteEnable &rArr; W25Qx_GetStatus &rArr; SPI1_ReadByte
</UL>
<BR>[Calls]<UL><LI><a href="#[b2]">&gt;&gt;</a>&nbsp;&nbsp;&nbsp;W25Qx_WriteEnable
<LI><a href="#[b3]">&gt;&gt;</a>&nbsp;&nbsp;&nbsp;W25Qx_Write
<LI><a href="#[b1]">&gt;&gt;</a>&nbsp;&nbsp;&nbsp;W25Qx_Erase_Block
</UL>
<BR>[Called By]<UL><LI><a href="#[bc]">&gt;&gt;</a>&nbsp;&nbsp;&nbsp;Ymodem_Receive
</UL>

<P><STRONG><a name="[b1]"></a>W25Qx_Erase_Block</STRONG> (Thumb, 96 bytes, Stack size 16 bytes, w25qxx.o(i.W25Qx_Erase_Block))
<BR><BR>[Stack]<UL><LI>Max Depth = 96<LI>Call Chain = W25Qx_Erase_Block &rArr; W25Qx_WriteEnable &rArr; W25Qx_GetStatus &rArr; SPI1_ReadByte
</UL>
<BR>[Calls]<UL><LI><a href="#[9c]">&gt;&gt;</a>&nbsp;&nbsp;&nbsp;SPI1_WriteByte
<LI><a href="#[b6]">&gt;&gt;</a>&nbsp;&nbsp;&nbsp;GPIO_SetBits
<LI><a href="#[b5]">&gt;&gt;</a>&nbsp;&nbsp;&nbsp;GPIO_ResetBits
<LI><a href="#[b2]">&gt;&gt;</a>&nbsp;&nbsp;&nbsp;W25Qx_WriteEnable
<LI><a href="#[b7]">&gt;&gt;</a>&nbsp;&nbsp;&nbsp;W25Qx_GetStatus
</UL>
<BR>[Called By]<UL><LI><a href="#[b4]">&gt;&gt;</a>&nbsp;&nbsp;&nbsp;W25Q64_WriteData_End
<LI><a href="#[b0]">&gt;&gt;</a>&nbsp;&nbsp;&nbsp;W25Q64_WriteData
</UL>

<P><STRONG><a name="[b8]"></a>W25Qx_Get_Parameter</STRONG> (Thumb, 114 bytes, Stack size 16 bytes, w25qxx.o(i.W25Qx_Get_Parameter))
<BR><BR>[Stack]<UL><LI>Max Depth = 80<LI>Call Chain = W25Qx_Get_Parameter &rArr; W25Qx_Read_ID &rArr; SPI1_ReadByte
</UL>
<BR>[Calls]<UL><LI><a href="#[ba]">&gt;&gt;</a>&nbsp;&nbsp;&nbsp;__hardfp_powf
<LI><a href="#[b9]">&gt;&gt;</a>&nbsp;&nbsp;&nbsp;W25Qx_Read_ID
</UL>
<BR>[Called By]<UL><LI><a href="#[ae]">&gt;&gt;</a>&nbsp;&nbsp;&nbsp;W25Qx_Init
</UL>

<P><STRONG><a name="[ae]"></a>W25Qx_Init</STRONG> (Thumb, 18 bytes, Stack size 8 bytes, w25qxx.o(i.W25Qx_Init))
<BR><BR>[Stack]<UL><LI>Max Depth = 88<LI>Call Chain = W25Qx_Init &rArr; W25Qx_Get_Parameter &rArr; W25Qx_Read_ID &rArr; SPI1_ReadByte
</UL>
<BR>[Calls]<UL><LI><a href="#[b8]">&gt;&gt;</a>&nbsp;&nbsp;&nbsp;W25Qx_Get_Parameter
<LI><a href="#[bb]">&gt;&gt;</a>&nbsp;&nbsp;&nbsp;W25Qx_Reset
</UL>
<BR>[Called By]<UL><LI><a href="#[ad]">&gt;&gt;</a>&nbsp;&nbsp;&nbsp;W25Q64_Init
</UL>

<P><STRONG><a name="[af]"></a>W25Qx_Read</STRONG> (Thumb, 84 bytes, Stack size 24 bytes, w25qxx.o(i.W25Qx_Read))
<BR><BR>[Stack]<UL><LI>Max Depth = 72<LI>Call Chain = W25Qx_Read &rArr; SPI1_ReadByte
</UL>
<BR>[Calls]<UL><LI><a href="#[9c]">&gt;&gt;</a>&nbsp;&nbsp;&nbsp;SPI1_WriteByte
<LI><a href="#[98]">&gt;&gt;</a>&nbsp;&nbsp;&nbsp;SPI1_ReadByte
<LI><a href="#[b6]">&gt;&gt;</a>&nbsp;&nbsp;&nbsp;GPIO_SetBits
<LI><a href="#[b5]">&gt;&gt;</a>&nbsp;&nbsp;&nbsp;GPIO_ResetBits
</UL>
<BR>[Called By]<UL><LI><a href="#[6b]">&gt;&gt;</a>&nbsp;&nbsp;&nbsp;W25Q64_ReadData
</UL>

<P><STRONG><a name="[b9]"></a>W25Qx_Read_ID</STRONG> (Thumb, 66 bytes, Stack size 16 bytes, w25qxx.o(i.W25Qx_Read_ID))
<BR><BR>[Stack]<UL><LI>Max Depth = 64<LI>Call Chain = W25Qx_Read_ID &rArr; SPI1_ReadByte
</UL>
<BR>[Calls]<UL><LI><a href="#[9c]">&gt;&gt;</a>&nbsp;&nbsp;&nbsp;SPI1_WriteByte
<LI><a href="#[98]">&gt;&gt;</a>&nbsp;&nbsp;&nbsp;SPI1_ReadByte
<LI><a href="#[b6]">&gt;&gt;</a>&nbsp;&nbsp;&nbsp;GPIO_SetBits
<LI><a href="#[b5]">&gt;&gt;</a>&nbsp;&nbsp;&nbsp;GPIO_ResetBits
</UL>
<BR>[Called By]<UL><LI><a href="#[b8]">&gt;&gt;</a>&nbsp;&nbsp;&nbsp;W25Qx_Get_Parameter
</UL>

<P><STRONG><a name="[b3]"></a>W25Qx_Write</STRONG> (Thumb, 190 bytes, Stack size 40 bytes, w25qxx.o(i.W25Qx_Write))
<BR><BR>[Stack]<UL><LI>Max Depth = 120<LI>Call Chain = W25Qx_Write &rArr; W25Qx_WriteEnable &rArr; W25Qx_GetStatus &rArr; SPI1_ReadByte
</UL>
<BR>[Calls]<UL><LI><a href="#[9c]">&gt;&gt;</a>&nbsp;&nbsp;&nbsp;SPI1_WriteByte
<LI><a href="#[b6]">&gt;&gt;</a>&nbsp;&nbsp;&nbsp;GPIO_SetBits
<LI><a href="#[b5]">&gt;&gt;</a>&nbsp;&nbsp;&nbsp;GPIO_ResetBits
<LI><a href="#[b2]">&gt;&gt;</a>&nbsp;&nbsp;&nbsp;W25Qx_WriteEnable
<LI><a href="#[b7]">&gt;&gt;</a>&nbsp;&nbsp;&nbsp;W25Qx_GetStatus
</UL>
<BR>[Called By]<UL><LI><a href="#[b4]">&gt;&gt;</a>&nbsp;&nbsp;&nbsp;W25Q64_WriteData_End
<LI><a href="#[b0]">&gt;&gt;</a>&nbsp;&nbsp;&nbsp;W25Q64_WriteData
</UL>

<P><STRONG><a name="[b2]"></a>W25Qx_WriteEnable</STRONG> (Thumb, 76 bytes, Stack size 16 bytes, w25qxx.o(i.W25Qx_WriteEnable))
<BR><BR>[Stack]<UL><LI>Max Depth = 80<LI>Call Chain = W25Qx_WriteEnable &rArr; W25Qx_GetStatus &rArr; SPI1_ReadByte
</UL>
<BR>[Calls]<UL><LI><a href="#[9c]">&gt;&gt;</a>&nbsp;&nbsp;&nbsp;SPI1_WriteByte
<LI><a href="#[82]">&gt;&gt;</a>&nbsp;&nbsp;&nbsp;Delay
<LI><a href="#[b6]">&gt;&gt;</a>&nbsp;&nbsp;&nbsp;GPIO_SetBits
<LI><a href="#[b5]">&gt;&gt;</a>&nbsp;&nbsp;&nbsp;GPIO_ResetBits
<LI><a href="#[b7]">&gt;&gt;</a>&nbsp;&nbsp;&nbsp;W25Qx_GetStatus
</UL>
<BR>[Called By]<UL><LI><a href="#[b3]">&gt;&gt;</a>&nbsp;&nbsp;&nbsp;W25Qx_Write
<LI><a href="#[b1]">&gt;&gt;</a>&nbsp;&nbsp;&nbsp;W25Qx_Erase_Block
<LI><a href="#[b4]">&gt;&gt;</a>&nbsp;&nbsp;&nbsp;W25Q64_WriteData_End
<LI><a href="#[b0]">&gt;&gt;</a>&nbsp;&nbsp;&nbsp;W25Q64_WriteData
</UL>

<P><STRONG><a name="[bc]"></a>Ymodem_Receive</STRONG> (Thumb, 414 bytes, Stack size 1096 bytes, ymodem.o(i.Ymodem_Receive))
<BR><BR>[Stack]<UL><LI>Max Depth = 1248<LI>Call Chain = Ymodem_Receive &rArr; W25Q64_WriteData &rArr; W25Qx_Write &rArr; W25Qx_WriteEnable &rArr; W25Qx_GetStatus &rArr; SPI1_ReadByte
</UL>
<BR>[Calls]<UL><LI><a href="#[5c]">&gt;&gt;</a>&nbsp;&nbsp;&nbsp;__aeabi_memcpy
<LI><a href="#[b4]">&gt;&gt;</a>&nbsp;&nbsp;&nbsp;W25Q64_WriteData_End
<LI><a href="#[b0]">&gt;&gt;</a>&nbsp;&nbsp;&nbsp;W25Q64_WriteData
<LI><a href="#[bd]">&gt;&gt;</a>&nbsp;&nbsp;&nbsp;Str2Int
<LI><a href="#[9e]">&gt;&gt;</a>&nbsp;&nbsp;&nbsp;Send_Byte
<LI><a href="#[8a]">&gt;&gt;</a>&nbsp;&nbsp;&nbsp;Receive_Packet
</UL>
<BR>[Called By]<UL><LI><a href="#[43]">&gt;&gt;</a>&nbsp;&nbsp;&nbsp;main
</UL>

<P><STRONG><a name="[bf]"></a>__0snprintf</STRONG> (Thumb, 48 bytes, Stack size 40 bytes, printfa.o(i.__0snprintf), UNUSED)
<BR><BR>[Calls]<UL><LI><a href="#[c0]">&gt;&gt;</a>&nbsp;&nbsp;&nbsp;_printf_core
</UL>

<P><STRONG><a name="[fc]"></a>__1snprintf</STRONG> (Thumb, 0 bytes, Stack size 40 bytes, printfa.o(i.__0snprintf), UNUSED)

<P><STRONG><a name="[e0]"></a>__2snprintf</STRONG> (Thumb, 0 bytes, Stack size 40 bytes, printfa.o(i.__0snprintf))
<BR><BR>[Stack]<UL><LI>Max Depth = 40<LI>Call Chain = __2snprintf
</UL>
<BR>[Called By]<UL><LI><a href="#[6c]">&gt;&gt;</a>&nbsp;&nbsp;&nbsp;elog_output
</UL>

<P><STRONG><a name="[fd]"></a>__c89snprintf</STRONG> (Thumb, 0 bytes, Stack size 40 bytes, printfa.o(i.__0snprintf), UNUSED)

<P><STRONG><a name="[fe]"></a>snprintf</STRONG> (Thumb, 0 bytes, Stack size 40 bytes, printfa.o(i.__0snprintf), UNUSED)

<P><STRONG><a name="[c1]"></a>__0vsnprintf</STRONG> (Thumb, 46 bytes, Stack size 24 bytes, printfa.o(i.__0vsnprintf), UNUSED)
<BR><BR>[Calls]<UL><LI><a href="#[c0]">&gt;&gt;</a>&nbsp;&nbsp;&nbsp;_printf_core
</UL>

<P><STRONG><a name="[ff]"></a>__1vsnprintf</STRONG> (Thumb, 0 bytes, Stack size 24 bytes, printfa.o(i.__0vsnprintf), UNUSED)

<P><STRONG><a name="[100]"></a>__2vsnprintf</STRONG> (Thumb, 0 bytes, Stack size 24 bytes, printfa.o(i.__0vsnprintf), UNUSED)

<P><STRONG><a name="[101]"></a>__c89vsnprintf</STRONG> (Thumb, 0 bytes, Stack size 24 bytes, printfa.o(i.__0vsnprintf), UNUSED)

<P><STRONG><a name="[e1]"></a>vsnprintf</STRONG> (Thumb, 0 bytes, Stack size 24 bytes, printfa.o(i.__0vsnprintf))
<BR><BR>[Stack]<UL><LI>Max Depth = 24<LI>Call Chain = vsnprintf
</UL>
<BR>[Called By]<UL><LI><a href="#[6c]">&gt;&gt;</a>&nbsp;&nbsp;&nbsp;elog_output
</UL>

<P><STRONG><a name="[c5]"></a>__ARM_fpclassifyf</STRONG> (Thumb, 38 bytes, Stack size 0 bytes, fpclassifyf.o(i.__ARM_fpclassifyf))
<BR><BR>[Called By]<UL><LI><a href="#[ba]">&gt;&gt;</a>&nbsp;&nbsp;&nbsp;__hardfp_powf
</UL>

<P><STRONG><a name="[ba]"></a>__hardfp_powf</STRONG> (Thumb, 1606 bytes, Stack size 32 bytes, powf.o(i.__hardfp_powf))
<BR><BR>[Stack]<UL><LI>Max Depth = 32<LI>Call Chain = __hardfp_powf
</UL>
<BR>[Calls]<UL><LI><a href="#[c2]">&gt;&gt;</a>&nbsp;&nbsp;&nbsp;__ieee_status
<LI><a href="#[c3]">&gt;&gt;</a>&nbsp;&nbsp;&nbsp;__set_errno
<LI><a href="#[c6]">&gt;&gt;</a>&nbsp;&nbsp;&nbsp;__mathlib_flt_underflow
<LI><a href="#[c4]">&gt;&gt;</a>&nbsp;&nbsp;&nbsp;__mathlib_flt_overflow
<LI><a href="#[c7]">&gt;&gt;</a>&nbsp;&nbsp;&nbsp;__mathlib_flt_invalid
<LI><a href="#[c8]">&gt;&gt;</a>&nbsp;&nbsp;&nbsp;__mathlib_flt_infnan2
<LI><a href="#[c9]">&gt;&gt;</a>&nbsp;&nbsp;&nbsp;__mathlib_flt_divzero
<LI><a href="#[c5]">&gt;&gt;</a>&nbsp;&nbsp;&nbsp;__ARM_fpclassifyf
</UL>
<BR>[Called By]<UL><LI><a href="#[b8]">&gt;&gt;</a>&nbsp;&nbsp;&nbsp;W25Qx_Get_Parameter
</UL>

<P><STRONG><a name="[102]"></a>__mathlib_powf</STRONG> (Thumb, 0 bytes, Stack size 32 bytes, powf.o(i.__hardfp_powf), UNUSED)

<P><STRONG><a name="[c9]"></a>__mathlib_flt_divzero</STRONG> (Thumb, 14 bytes, Stack size 0 bytes, funder.o(i.__mathlib_flt_divzero))
<BR><BR>[Called By]<UL><LI><a href="#[ba]">&gt;&gt;</a>&nbsp;&nbsp;&nbsp;__hardfp_powf
</UL>

<P><STRONG><a name="[c8]"></a>__mathlib_flt_infnan2</STRONG> (Thumb, 6 bytes, Stack size 0 bytes, funder.o(i.__mathlib_flt_infnan2))
<BR><BR>[Called By]<UL><LI><a href="#[ba]">&gt;&gt;</a>&nbsp;&nbsp;&nbsp;__hardfp_powf
</UL>

<P><STRONG><a name="[c7]"></a>__mathlib_flt_invalid</STRONG> (Thumb, 10 bytes, Stack size 0 bytes, funder.o(i.__mathlib_flt_invalid))
<BR><BR>[Called By]<UL><LI><a href="#[ba]">&gt;&gt;</a>&nbsp;&nbsp;&nbsp;__hardfp_powf
</UL>

<P><STRONG><a name="[c4]"></a>__mathlib_flt_overflow</STRONG> (Thumb, 10 bytes, Stack size 0 bytes, funder.o(i.__mathlib_flt_overflow))
<BR><BR>[Called By]<UL><LI><a href="#[ba]">&gt;&gt;</a>&nbsp;&nbsp;&nbsp;__hardfp_powf
</UL>

<P><STRONG><a name="[c6]"></a>__mathlib_flt_underflow</STRONG> (Thumb, 10 bytes, Stack size 0 bytes, funder.o(i.__mathlib_flt_underflow))
<BR><BR>[Called By]<UL><LI><a href="#[ba]">&gt;&gt;</a>&nbsp;&nbsp;&nbsp;__hardfp_powf
</UL>

<P><STRONG><a name="[103]"></a>__scatterload_copy</STRONG> (Thumb, 14 bytes, Stack size unknown bytes, handlers.o(i.__scatterload_copy), UNUSED)

<P><STRONG><a name="[104]"></a>__scatterload_null</STRONG> (Thumb, 2 bytes, Stack size unknown bytes, handlers.o(i.__scatterload_null), UNUSED)

<P><STRONG><a name="[105]"></a>__scatterload_zeroinit</STRONG> (Thumb, 14 bytes, Stack size unknown bytes, handlers.o(i.__scatterload_zeroinit), UNUSED)

<P><STRONG><a name="[c3]"></a>__set_errno</STRONG> (Thumb, 6 bytes, Stack size 0 bytes, errno.o(i.__set_errno))
<BR><BR>[Called By]<UL><LI><a href="#[ba]">&gt;&gt;</a>&nbsp;&nbsp;&nbsp;__hardfp_powf
</UL>

<P><STRONG><a name="[cf]"></a>elog_get_filter_tag_lvl</STRONG> (Thumb, 164 bytes, Stack size 40 bytes, elog.o(i.elog_get_filter_tag_lvl))
<BR><BR>[Stack]<UL><LI>Max Depth = 52 + In Cycle
<LI>Call Chain = elog_get_filter_tag_lvl &rArr;  elog_output (Cycle)
</UL>
<BR>[Calls]<UL><LI><a href="#[6c]">&gt;&gt;</a>&nbsp;&nbsp;&nbsp;elog_output
<LI><a href="#[d2]">&gt;&gt;</a>&nbsp;&nbsp;&nbsp;elog_output_unlock
<LI><a href="#[d0]">&gt;&gt;</a>&nbsp;&nbsp;&nbsp;elog_output_lock
<LI><a href="#[d1]">&gt;&gt;</a>&nbsp;&nbsp;&nbsp;strncmp
</UL>
<BR>[Called By]<UL><LI><a href="#[6c]">&gt;&gt;</a>&nbsp;&nbsp;&nbsp;elog_output
</UL>

<P><STRONG><a name="[66]"></a>elog_init</STRONG> (Thumb, 76 bytes, Stack size 8 bytes, elog.o(i.elog_init))
<BR><BR>[Stack]<UL><LI>Max Depth = 256<LI>Call Chain = elog_init &rArr; elog_set_text_color_enabled &rArr; elog_output &rArr;  elog_output (Cycle)
</UL>
<BR>[Calls]<UL><LI><a href="#[67]">&gt;&gt;</a>&nbsp;&nbsp;&nbsp;elog_set_text_color_enabled
<LI><a href="#[d5]">&gt;&gt;</a>&nbsp;&nbsp;&nbsp;elog_set_filter_lvl
<LI><a href="#[d4]">&gt;&gt;</a>&nbsp;&nbsp;&nbsp;elog_output_lock_enabled
<LI><a href="#[d6]">&gt;&gt;</a>&nbsp;&nbsp;&nbsp;elog_set_filter_tag_lvl_default
<LI><a href="#[d3]">&gt;&gt;</a>&nbsp;&nbsp;&nbsp;elog_port_init
</UL>
<BR>[Called By]<UL><LI><a href="#[65]">&gt;&gt;</a>&nbsp;&nbsp;&nbsp;AppEasylogInit
</UL>

<P><STRONG><a name="[6c]"></a>elog_output</STRONG> (Thumb, 866 bytes, Stack size 104 bytes, elog.o(i.elog_output))
<BR><BR>[Stack]<UL><LI>Max Depth = 216 + In Cycle
<LI>Call Chain = elog_output &rArr;  elog_output (Cycle)
</UL>
<BR>[Calls]<UL><LI><a href="#[6c]">&gt;&gt;</a>&nbsp;&nbsp;&nbsp;elog_output
<LI><a href="#[d9]">&gt;&gt;</a>&nbsp;&nbsp;&nbsp;elog_strcpy
<LI><a href="#[d2]">&gt;&gt;</a>&nbsp;&nbsp;&nbsp;elog_output_unlock
<LI><a href="#[d0]">&gt;&gt;</a>&nbsp;&nbsp;&nbsp;elog_output_lock
<LI><a href="#[cf]">&gt;&gt;</a>&nbsp;&nbsp;&nbsp;elog_get_filter_tag_lvl
<LI><a href="#[df]">&gt;&gt;</a>&nbsp;&nbsp;&nbsp;get_fmt_used_and_enabled_u32
<LI><a href="#[de]">&gt;&gt;</a>&nbsp;&nbsp;&nbsp;get_fmt_used_and_enabled_ptr
<LI><a href="#[da]">&gt;&gt;</a>&nbsp;&nbsp;&nbsp;get_fmt_enabled
<LI><a href="#[e2]">&gt;&gt;</a>&nbsp;&nbsp;&nbsp;elog_port_output
<LI><a href="#[db]">&gt;&gt;</a>&nbsp;&nbsp;&nbsp;elog_port_get_time
<LI><a href="#[dd]">&gt;&gt;</a>&nbsp;&nbsp;&nbsp;elog_port_get_t_info
<LI><a href="#[dc]">&gt;&gt;</a>&nbsp;&nbsp;&nbsp;elog_port_get_p_info
<LI><a href="#[d7]">&gt;&gt;</a>&nbsp;&nbsp;&nbsp;strlen
<LI><a href="#[d8]">&gt;&gt;</a>&nbsp;&nbsp;&nbsp;strstr
<LI><a href="#[4a]">&gt;&gt;</a>&nbsp;&nbsp;&nbsp;__aeabi_memset
<LI><a href="#[e1]">&gt;&gt;</a>&nbsp;&nbsp;&nbsp;vsnprintf
<LI><a href="#[e0]">&gt;&gt;</a>&nbsp;&nbsp;&nbsp;__2snprintf
</UL>
<BR>[Called By]<UL><LI><a href="#[6c]">&gt;&gt;</a>&nbsp;&nbsp;&nbsp;elog_output
<LI><a href="#[6a]">&gt;&gt;</a>&nbsp;&nbsp;&nbsp;BackToApp
<LI><a href="#[43]">&gt;&gt;</a>&nbsp;&nbsp;&nbsp;main
<LI><a href="#[d9]">&gt;&gt;</a>&nbsp;&nbsp;&nbsp;elog_strcpy
<LI><a href="#[69]">&gt;&gt;</a>&nbsp;&nbsp;&nbsp;elog_start
<LI><a href="#[67]">&gt;&gt;</a>&nbsp;&nbsp;&nbsp;elog_set_text_color_enabled
<LI><a href="#[e5]">&gt;&gt;</a>&nbsp;&nbsp;&nbsp;elog_set_output_enabled
<LI><a href="#[68]">&gt;&gt;</a>&nbsp;&nbsp;&nbsp;elog_set_fmt
<LI><a href="#[d5]">&gt;&gt;</a>&nbsp;&nbsp;&nbsp;elog_set_filter_lvl
<LI><a href="#[cf]">&gt;&gt;</a>&nbsp;&nbsp;&nbsp;elog_get_filter_tag_lvl
<LI><a href="#[da]">&gt;&gt;</a>&nbsp;&nbsp;&nbsp;get_fmt_enabled
</UL>

<P><STRONG><a name="[d0]"></a>elog_output_lock</STRONG> (Thumb, 34 bytes, Stack size 8 bytes, elog.o(i.elog_output_lock))
<BR><BR>[Stack]<UL><LI>Max Depth = 8<LI>Call Chain = elog_output_lock
</UL>
<BR>[Calls]<UL><LI><a href="#[e3]">&gt;&gt;</a>&nbsp;&nbsp;&nbsp;elog_port_output_lock
</UL>
<BR>[Called By]<UL><LI><a href="#[6c]">&gt;&gt;</a>&nbsp;&nbsp;&nbsp;elog_output
<LI><a href="#[cf]">&gt;&gt;</a>&nbsp;&nbsp;&nbsp;elog_get_filter_tag_lvl
</UL>

<P><STRONG><a name="[d4]"></a>elog_output_lock_enabled</STRONG> (Thumb, 60 bytes, Stack size 8 bytes, elog.o(i.elog_output_lock_enabled))
<BR><BR>[Stack]<UL><LI>Max Depth = 8<LI>Call Chain = elog_output_lock_enabled
</UL>
<BR>[Calls]<UL><LI><a href="#[e4]">&gt;&gt;</a>&nbsp;&nbsp;&nbsp;elog_port_output_unlock
<LI><a href="#[e3]">&gt;&gt;</a>&nbsp;&nbsp;&nbsp;elog_port_output_lock
</UL>
<BR>[Called By]<UL><LI><a href="#[66]">&gt;&gt;</a>&nbsp;&nbsp;&nbsp;elog_init
</UL>

<P><STRONG><a name="[d2]"></a>elog_output_unlock</STRONG> (Thumb, 34 bytes, Stack size 8 bytes, elog.o(i.elog_output_unlock))
<BR><BR>[Stack]<UL><LI>Max Depth = 8<LI>Call Chain = elog_output_unlock
</UL>
<BR>[Calls]<UL><LI><a href="#[e4]">&gt;&gt;</a>&nbsp;&nbsp;&nbsp;elog_port_output_unlock
</UL>
<BR>[Called By]<UL><LI><a href="#[6c]">&gt;&gt;</a>&nbsp;&nbsp;&nbsp;elog_output
<LI><a href="#[cf]">&gt;&gt;</a>&nbsp;&nbsp;&nbsp;elog_get_filter_tag_lvl
</UL>

<P><STRONG><a name="[dc]"></a>elog_port_get_p_info</STRONG> (Thumb, 4 bytes, Stack size 0 bytes, elog_port.o(i.elog_port_get_p_info))
<BR><BR>[Called By]<UL><LI><a href="#[6c]">&gt;&gt;</a>&nbsp;&nbsp;&nbsp;elog_output
</UL>

<P><STRONG><a name="[dd]"></a>elog_port_get_t_info</STRONG> (Thumb, 4 bytes, Stack size 0 bytes, elog_port.o(i.elog_port_get_t_info))
<BR><BR>[Called By]<UL><LI><a href="#[6c]">&gt;&gt;</a>&nbsp;&nbsp;&nbsp;elog_output
</UL>

<P><STRONG><a name="[db]"></a>elog_port_get_time</STRONG> (Thumb, 4 bytes, Stack size 0 bytes, elog_port.o(i.elog_port_get_time))
<BR><BR>[Called By]<UL><LI><a href="#[6c]">&gt;&gt;</a>&nbsp;&nbsp;&nbsp;elog_output
</UL>

<P><STRONG><a name="[d3]"></a>elog_port_init</STRONG> (Thumb, 12 bytes, Stack size 8 bytes, elog_port.o(i.elog_port_init))
<BR><BR>[Stack]<UL><LI>Max Depth = 24<LI>Call Chain = elog_port_init &rArr; SEGGER_RTT_Init &rArr; _DoInit
</UL>
<BR>[Calls]<UL><LI><a href="#[8b]">&gt;&gt;</a>&nbsp;&nbsp;&nbsp;SEGGER_RTT_Init
</UL>
<BR>[Called By]<UL><LI><a href="#[66]">&gt;&gt;</a>&nbsp;&nbsp;&nbsp;elog_init
</UL>

<P><STRONG><a name="[e2]"></a>elog_port_output</STRONG> (Thumb, 18 bytes, Stack size 16 bytes, elog_port.o(i.elog_port_output))
<BR><BR>[Stack]<UL><LI>Max Depth = 112<LI>Call Chain = elog_port_output &rArr; SEGGER_RTT_Write &rArr; SEGGER_RTT_WriteNoLock &rArr; _WriteBlocking
</UL>
<BR>[Calls]<UL><LI><a href="#[8d]">&gt;&gt;</a>&nbsp;&nbsp;&nbsp;SEGGER_RTT_Write
</UL>
<BR>[Called By]<UL><LI><a href="#[6c]">&gt;&gt;</a>&nbsp;&nbsp;&nbsp;elog_output
</UL>

<P><STRONG><a name="[e3]"></a>elog_port_output_lock</STRONG> (Thumb, 4 bytes, Stack size 0 bytes, elog_port.o(i.elog_port_output_lock))
<BR><BR>[Called By]<UL><LI><a href="#[d4]">&gt;&gt;</a>&nbsp;&nbsp;&nbsp;elog_output_lock_enabled
<LI><a href="#[d0]">&gt;&gt;</a>&nbsp;&nbsp;&nbsp;elog_output_lock
</UL>

<P><STRONG><a name="[e4]"></a>elog_port_output_unlock</STRONG> (Thumb, 4 bytes, Stack size 0 bytes, elog_port.o(i.elog_port_output_unlock))
<BR><BR>[Called By]<UL><LI><a href="#[d2]">&gt;&gt;</a>&nbsp;&nbsp;&nbsp;elog_output_unlock
<LI><a href="#[d4]">&gt;&gt;</a>&nbsp;&nbsp;&nbsp;elog_output_lock_enabled
</UL>

<P><STRONG><a name="[d5]"></a>elog_set_filter_lvl</STRONG> (Thumb, 76 bytes, Stack size 32 bytes, elog.o(i.elog_set_filter_lvl))
<BR><BR>[Stack]<UL><LI>Max Depth = 248<LI>Call Chain = elog_set_filter_lvl &rArr; elog_output &rArr;  elog_output (Cycle)
</UL>
<BR>[Calls]<UL><LI><a href="#[6c]">&gt;&gt;</a>&nbsp;&nbsp;&nbsp;elog_output
</UL>
<BR>[Called By]<UL><LI><a href="#[66]">&gt;&gt;</a>&nbsp;&nbsp;&nbsp;elog_init
</UL>

<P><STRONG><a name="[68]"></a>elog_set_fmt</STRONG> (Thumb, 80 bytes, Stack size 32 bytes, elog.o(i.elog_set_fmt))
<BR><BR>[Stack]<UL><LI>Max Depth = 248<LI>Call Chain = elog_set_fmt &rArr; elog_output &rArr;  elog_output (Cycle)
</UL>
<BR>[Calls]<UL><LI><a href="#[6c]">&gt;&gt;</a>&nbsp;&nbsp;&nbsp;elog_output
</UL>
<BR>[Called By]<UL><LI><a href="#[65]">&gt;&gt;</a>&nbsp;&nbsp;&nbsp;AppEasylogInit
</UL>

<P><STRONG><a name="[e5]"></a>elog_set_output_enabled</STRONG> (Thumb, 82 bytes, Stack size 32 bytes, elog.o(i.elog_set_output_enabled))
<BR><BR>[Stack]<UL><LI>Max Depth = 248<LI>Call Chain = elog_set_output_enabled &rArr; elog_output &rArr;  elog_output (Cycle)
</UL>
<BR>[Calls]<UL><LI><a href="#[6c]">&gt;&gt;</a>&nbsp;&nbsp;&nbsp;elog_output
</UL>
<BR>[Called By]<UL><LI><a href="#[69]">&gt;&gt;</a>&nbsp;&nbsp;&nbsp;elog_start
</UL>

<P><STRONG><a name="[67]"></a>elog_set_text_color_enabled</STRONG> (Thumb, 82 bytes, Stack size 32 bytes, elog.o(i.elog_set_text_color_enabled))
<BR><BR>[Stack]<UL><LI>Max Depth = 248<LI>Call Chain = elog_set_text_color_enabled &rArr; elog_output &rArr;  elog_output (Cycle)
</UL>
<BR>[Calls]<UL><LI><a href="#[6c]">&gt;&gt;</a>&nbsp;&nbsp;&nbsp;elog_output
</UL>
<BR>[Called By]<UL><LI><a href="#[65]">&gt;&gt;</a>&nbsp;&nbsp;&nbsp;AppEasylogInit
<LI><a href="#[66]">&gt;&gt;</a>&nbsp;&nbsp;&nbsp;elog_init
</UL>

<P><STRONG><a name="[69]"></a>elog_start</STRONG> (Thumb, 46 bytes, Stack size 16 bytes, elog.o(i.elog_start))
<BR><BR>[Stack]<UL><LI>Max Depth = 264<LI>Call Chain = elog_start &rArr; elog_set_output_enabled &rArr; elog_output &rArr;  elog_output (Cycle)
</UL>
<BR>[Calls]<UL><LI><a href="#[6c]">&gt;&gt;</a>&nbsp;&nbsp;&nbsp;elog_output
<LI><a href="#[e5]">&gt;&gt;</a>&nbsp;&nbsp;&nbsp;elog_set_output_enabled
</UL>
<BR>[Called By]<UL><LI><a href="#[65]">&gt;&gt;</a>&nbsp;&nbsp;&nbsp;AppEasylogInit
</UL>

<P><STRONG><a name="[d9]"></a>elog_strcpy</STRONG> (Thumb, 164 bytes, Stack size 40 bytes, elog_utils.o(i.elog_strcpy))
<BR><BR>[Stack]<UL><LI>Max Depth = 40 + In Cycle
<LI>Call Chain = elog_strcpy &rArr;  elog_output (Cycle)
</UL>
<BR>[Calls]<UL><LI><a href="#[6c]">&gt;&gt;</a>&nbsp;&nbsp;&nbsp;elog_output
</UL>
<BR>[Called By]<UL><LI><a href="#[6c]">&gt;&gt;</a>&nbsp;&nbsp;&nbsp;elog_output
</UL>

<P><STRONG><a name="[43]"></a>main</STRONG> (Thumb, 236 bytes, Stack size 16 bytes, main.o(i.main))
<BR><BR>[Stack]<UL><LI>Max Depth = 1264<LI>Call Chain = main &rArr; Ymodem_Receive &rArr; W25Q64_WriteData &rArr; W25Qx_Write &rArr; W25Qx_WriteEnable &rArr; W25Qx_GetStatus &rArr; SPI1_ReadByte
</UL>
<BR>[Calls]<UL><LI><a href="#[6c]">&gt;&gt;</a>&nbsp;&nbsp;&nbsp;elog_output
<LI><a href="#[bc]">&gt;&gt;</a>&nbsp;&nbsp;&nbsp;Ymodem_Receive
<LI><a href="#[ad]">&gt;&gt;</a>&nbsp;&nbsp;&nbsp;W25Q64_Init
<LI><a href="#[a7]">&gt;&gt;</a>&nbsp;&nbsp;&nbsp;USART1_Init
<LI><a href="#[e7]">&gt;&gt;</a>&nbsp;&nbsp;&nbsp;SystemCoreClockUpdate
<LI><a href="#[92]">&gt;&gt;</a>&nbsp;&nbsp;&nbsp;SPI1_Init
<LI><a href="#[ab]">&gt;&gt;</a>&nbsp;&nbsp;&nbsp;RCC_GetClocksFreq
<LI><a href="#[e6]">&gt;&gt;</a>&nbsp;&nbsp;&nbsp;RCC_ClockSecuritySystemCmd
<LI><a href="#[85]">&gt;&gt;</a>&nbsp;&nbsp;&nbsp;LED_IO_Init
<LI><a href="#[83]">&gt;&gt;</a>&nbsp;&nbsp;&nbsp;Key_IO_Init
<LI><a href="#[80]">&gt;&gt;</a>&nbsp;&nbsp;&nbsp;KeyScan
<LI><a href="#[7d]">&gt;&gt;</a>&nbsp;&nbsp;&nbsp;JumpToApp
<LI><a href="#[6a]">&gt;&gt;</a>&nbsp;&nbsp;&nbsp;BackToApp
<LI><a href="#[65]">&gt;&gt;</a>&nbsp;&nbsp;&nbsp;AppEasylogInit
<LI><a href="#[82]">&gt;&gt;</a>&nbsp;&nbsp;&nbsp;Delay
</UL>
<BR>[Address Reference Count : 1]<UL><LI> entry9a.o(.ARM.Collect$$$$0000000B)
</UL><P>
<H3>
Local Symbols
</H3>
<P><STRONG><a name="[7b]"></a>GPIO_Configuration</STRONG> (Thumb, 74 bytes, Stack size 16 bytes, usart.o(i.GPIO_Configuration))
<BR><BR>[Stack]<UL><LI>Max Depth = 36<LI>Call Chain = GPIO_Configuration &rArr; GPIO_PinAFConfig
</UL>
<BR>[Calls]<UL><LI><a href="#[7c]">&gt;&gt;</a>&nbsp;&nbsp;&nbsp;GPIO_PinAFConfig
<LI><a href="#[70]">&gt;&gt;</a>&nbsp;&nbsp;&nbsp;GPIO_Init
</UL>
<BR>[Called By]<UL><LI><a href="#[a7]">&gt;&gt;</a>&nbsp;&nbsp;&nbsp;USART1_Init
</UL>

<P><STRONG><a name="[86]"></a>RCC_Configuration</STRONG> (Thumb, 20 bytes, Stack size 8 bytes, usart.o(i.RCC_Configuration))
<BR><BR>[Stack]<UL><LI>Max Depth = 8<LI>Call Chain = RCC_Configuration
</UL>
<BR>[Calls]<UL><LI><a href="#[87]">&gt;&gt;</a>&nbsp;&nbsp;&nbsp;RCC_APB2PeriphClockCmd
<LI><a href="#[84]">&gt;&gt;</a>&nbsp;&nbsp;&nbsp;RCC_AHB1PeriphClockCmd
</UL>
<BR>[Called By]<UL><LI><a href="#[a7]">&gt;&gt;</a>&nbsp;&nbsp;&nbsp;USART1_Init
</UL>

<P><STRONG><a name="[a8]"></a>USART_Configuration</STRONG> (Thumb, 50 bytes, Stack size 24 bytes, usart.o(i.USART_Configuration))
<BR><BR>[Stack]<UL><LI>Max Depth = 92<LI>Call Chain = USART_Configuration &rArr; USART_Init &rArr; RCC_GetClocksFreq
</UL>
<BR>[Calls]<UL><LI><a href="#[a9]">&gt;&gt;</a>&nbsp;&nbsp;&nbsp;USART_Init
<LI><a href="#[aa]">&gt;&gt;</a>&nbsp;&nbsp;&nbsp;USART_Cmd
</UL>
<BR>[Called By]<UL><LI><a href="#[a7]">&gt;&gt;</a>&nbsp;&nbsp;&nbsp;USART1_Init
</UL>

<P><STRONG><a name="[7a]"></a>STMFLASH_GetFlashSector</STRONG> (Thumb, 116 bytes, Stack size 0 bytes, flash.o(i.STMFLASH_GetFlashSector))
<BR><BR>[Called By]<UL><LI><a href="#[6d]">&gt;&gt;</a>&nbsp;&nbsp;&nbsp;Flash_erase
</UL>

<P><STRONG><a name="[6f]"></a>CS_IO_Init</STRONG> (Thumb, 40 bytes, Stack size 16 bytes, spi.o(i.CS_IO_Init))
<BR><BR>[Stack]<UL><LI>Max Depth = 36<LI>Call Chain = CS_IO_Init &rArr; GPIO_Init
</UL>
<BR>[Calls]<UL><LI><a href="#[70]">&gt;&gt;</a>&nbsp;&nbsp;&nbsp;GPIO_Init
</UL>
<BR>[Called By]<UL><LI><a href="#[92]">&gt;&gt;</a>&nbsp;&nbsp;&nbsp;SPI1_Init
</UL>

<P><STRONG><a name="[a3]"></a>SetSysClock</STRONG> (Thumb, 216 bytes, Stack size 12 bytes, system_stm32f4xx.o(i.SetSysClock))
<BR><BR>[Stack]<UL><LI>Max Depth = 12<LI>Call Chain = SetSysClock
</UL>
<BR>[Called By]<UL><LI><a href="#[44]">&gt;&gt;</a>&nbsp;&nbsp;&nbsp;SystemInit
</UL>

<P><STRONG><a name="[d6]"></a>elog_set_filter_tag_lvl_default</STRONG> (Thumb, 54 bytes, Stack size 8 bytes, elog.o(i.elog_set_filter_tag_lvl_default))
<BR><BR>[Stack]<UL><LI>Max Depth = 8<LI>Call Chain = elog_set_filter_tag_lvl_default
</UL>
<BR>[Calls]<UL><LI><a href="#[49]">&gt;&gt;</a>&nbsp;&nbsp;&nbsp;__aeabi_memclr
</UL>
<BR>[Called By]<UL><LI><a href="#[66]">&gt;&gt;</a>&nbsp;&nbsp;&nbsp;elog_init
</UL>

<P><STRONG><a name="[da]"></a>get_fmt_enabled</STRONG> (Thumb, 90 bytes, Stack size 32 bytes, elog.o(i.get_fmt_enabled))
<BR><BR>[Stack]<UL><LI>Max Depth = 32 + In Cycle
<LI>Call Chain = get_fmt_enabled &rArr;  elog_output (Cycle)
</UL>
<BR>[Calls]<UL><LI><a href="#[6c]">&gt;&gt;</a>&nbsp;&nbsp;&nbsp;elog_output
</UL>
<BR>[Called By]<UL><LI><a href="#[6c]">&gt;&gt;</a>&nbsp;&nbsp;&nbsp;elog_output
<LI><a href="#[df]">&gt;&gt;</a>&nbsp;&nbsp;&nbsp;get_fmt_used_and_enabled_u32
<LI><a href="#[de]">&gt;&gt;</a>&nbsp;&nbsp;&nbsp;get_fmt_used_and_enabled_ptr
</UL>

<P><STRONG><a name="[de]"></a>get_fmt_used_and_enabled_ptr</STRONG> (Thumb, 28 bytes, Stack size 16 bytes, elog.o(i.get_fmt_used_and_enabled_ptr))
<BR><BR>[Stack]<UL><LI>Max Depth = 48<LI>Call Chain = get_fmt_used_and_enabled_ptr &rArr; get_fmt_enabled &rArr;  elog_output (Cycle)
</UL>
<BR>[Calls]<UL><LI><a href="#[da]">&gt;&gt;</a>&nbsp;&nbsp;&nbsp;get_fmt_enabled
</UL>
<BR>[Called By]<UL><LI><a href="#[6c]">&gt;&gt;</a>&nbsp;&nbsp;&nbsp;elog_output
</UL>

<P><STRONG><a name="[df]"></a>get_fmt_used_and_enabled_u32</STRONG> (Thumb, 28 bytes, Stack size 16 bytes, elog.o(i.get_fmt_used_and_enabled_u32))
<BR><BR>[Stack]<UL><LI>Max Depth = 48<LI>Call Chain = get_fmt_used_and_enabled_u32 &rArr; get_fmt_enabled &rArr;  elog_output (Cycle)
</UL>
<BR>[Calls]<UL><LI><a href="#[da]">&gt;&gt;</a>&nbsp;&nbsp;&nbsp;get_fmt_enabled
</UL>
<BR>[Called By]<UL><LI><a href="#[6c]">&gt;&gt;</a>&nbsp;&nbsp;&nbsp;elog_output
</UL>

<P><STRONG><a name="[8c]"></a>_DoInit</STRONG> (Thumb, 74 bytes, Stack size 8 bytes, segger_rtt.o(i._DoInit))
<BR><BR>[Stack]<UL><LI>Max Depth = 8<LI>Call Chain = _DoInit
</UL>
<BR>[Calls]<UL><LI><a href="#[be]">&gt;&gt;</a>&nbsp;&nbsp;&nbsp;strcpy
</UL>
<BR>[Called By]<UL><LI><a href="#[8d]">&gt;&gt;</a>&nbsp;&nbsp;&nbsp;SEGGER_RTT_Write
<LI><a href="#[8b]">&gt;&gt;</a>&nbsp;&nbsp;&nbsp;SEGGER_RTT_Init
</UL>

<P><STRONG><a name="[8f]"></a>_GetAvailWriteSpace</STRONG> (Thumb, 28 bytes, Stack size 8 bytes, segger_rtt.o(i._GetAvailWriteSpace))
<BR><BR>[Stack]<UL><LI>Max Depth = 8<LI>Call Chain = _GetAvailWriteSpace
</UL>
<BR>[Called By]<UL><LI><a href="#[8e]">&gt;&gt;</a>&nbsp;&nbsp;&nbsp;SEGGER_RTT_WriteNoLock
</UL>

<P><STRONG><a name="[91]"></a>_WriteBlocking</STRONG> (Thumb, 118 bytes, Stack size 40 bytes, segger_rtt.o(i._WriteBlocking))
<BR><BR>[Stack]<UL><LI>Max Depth = 40<LI>Call Chain = _WriteBlocking
</UL>
<BR>[Calls]<UL><LI><a href="#[5c]">&gt;&gt;</a>&nbsp;&nbsp;&nbsp;__aeabi_memcpy
</UL>
<BR>[Called By]<UL><LI><a href="#[8e]">&gt;&gt;</a>&nbsp;&nbsp;&nbsp;SEGGER_RTT_WriteNoLock
</UL>

<P><STRONG><a name="[90]"></a>_WriteNoCheck</STRONG> (Thumb, 88 bytes, Stack size 32 bytes, segger_rtt.o(i._WriteNoCheck))
<BR><BR>[Stack]<UL><LI>Max Depth = 32<LI>Call Chain = _WriteNoCheck
</UL>
<BR>[Calls]<UL><LI><a href="#[5c]">&gt;&gt;</a>&nbsp;&nbsp;&nbsp;__aeabi_memcpy
</UL>
<BR>[Called By]<UL><LI><a href="#[8e]">&gt;&gt;</a>&nbsp;&nbsp;&nbsp;SEGGER_RTT_WriteNoLock
</UL>

<P><STRONG><a name="[88]"></a>Receive_Byte</STRONG> (Thumb, 34 bytes, Stack size 16 bytes, ymodem.o(i.Receive_Byte))
<BR><BR>[Stack]<UL><LI>Max Depth = 24<LI>Call Chain = Receive_Byte &rArr; SerialKeyPressed
</UL>
<BR>[Calls]<UL><LI><a href="#[89]">&gt;&gt;</a>&nbsp;&nbsp;&nbsp;SerialKeyPressed
</UL>
<BR>[Called By]<UL><LI><a href="#[8a]">&gt;&gt;</a>&nbsp;&nbsp;&nbsp;Receive_Packet
</UL>

<P><STRONG><a name="[8a]"></a>Receive_Packet</STRONG> (Thumb, 188 bytes, Stack size 32 bytes, ymodem.o(i.Receive_Packet))
<BR><BR>[Stack]<UL><LI>Max Depth = 56<LI>Call Chain = Receive_Packet &rArr; Receive_Byte &rArr; SerialKeyPressed
</UL>
<BR>[Calls]<UL><LI><a href="#[88]">&gt;&gt;</a>&nbsp;&nbsp;&nbsp;Receive_Byte
</UL>
<BR>[Called By]<UL><LI><a href="#[bc]">&gt;&gt;</a>&nbsp;&nbsp;&nbsp;Ymodem_Receive
</UL>

<P><STRONG><a name="[9e]"></a>Send_Byte</STRONG> (Thumb, 14 bytes, Stack size 8 bytes, ymodem.o(i.Send_Byte))
<BR><BR>[Stack]<UL><LI>Max Depth = 32<LI>Call Chain = Send_Byte &rArr; SerialPutChar &rArr; USART_SendChar
</UL>
<BR>[Calls]<UL><LI><a href="#[9f]">&gt;&gt;</a>&nbsp;&nbsp;&nbsp;SerialPutChar
</UL>
<BR>[Called By]<UL><LI><a href="#[bc]">&gt;&gt;</a>&nbsp;&nbsp;&nbsp;Ymodem_Receive
</UL>

<P><STRONG><a name="[b7]"></a>W25Qx_GetStatus</STRONG> (Thumb, 66 bytes, Stack size 16 bytes, w25qxx.o(i.W25Qx_GetStatus))
<BR><BR>[Stack]<UL><LI>Max Depth = 64<LI>Call Chain = W25Qx_GetStatus &rArr; SPI1_ReadByte
</UL>
<BR>[Calls]<UL><LI><a href="#[9c]">&gt;&gt;</a>&nbsp;&nbsp;&nbsp;SPI1_WriteByte
<LI><a href="#[98]">&gt;&gt;</a>&nbsp;&nbsp;&nbsp;SPI1_ReadByte
<LI><a href="#[b6]">&gt;&gt;</a>&nbsp;&nbsp;&nbsp;GPIO_SetBits
<LI><a href="#[b5]">&gt;&gt;</a>&nbsp;&nbsp;&nbsp;GPIO_ResetBits
</UL>
<BR>[Called By]<UL><LI><a href="#[b2]">&gt;&gt;</a>&nbsp;&nbsp;&nbsp;W25Qx_WriteEnable
<LI><a href="#[b3]">&gt;&gt;</a>&nbsp;&nbsp;&nbsp;W25Qx_Write
<LI><a href="#[b1]">&gt;&gt;</a>&nbsp;&nbsp;&nbsp;W25Qx_Erase_Block
</UL>

<P><STRONG><a name="[bb]"></a>W25Qx_Reset</STRONG> (Thumb, 38 bytes, Stack size 8 bytes, w25qxx.o(i.W25Qx_Reset))
<BR><BR>[Stack]<UL><LI>Max Depth = 48<LI>Call Chain = W25Qx_Reset &rArr; SPI1_WriteByte
</UL>
<BR>[Calls]<UL><LI><a href="#[9c]">&gt;&gt;</a>&nbsp;&nbsp;&nbsp;SPI1_WriteByte
<LI><a href="#[b6]">&gt;&gt;</a>&nbsp;&nbsp;&nbsp;GPIO_SetBits
<LI><a href="#[b5]">&gt;&gt;</a>&nbsp;&nbsp;&nbsp;GPIO_ResetBits
</UL>
<BR>[Called By]<UL><LI><a href="#[ae]">&gt;&gt;</a>&nbsp;&nbsp;&nbsp;W25Qx_Init
</UL>

<P><STRONG><a name="[ca]"></a>_fp_digits</STRONG> (Thumb, 366 bytes, Stack size 64 bytes, printfa.o(i._fp_digits), UNUSED)
<BR><BR>[Calls]<UL><LI><a href="#[4c]">&gt;&gt;</a>&nbsp;&nbsp;&nbsp;__aeabi_uldivmod
<LI><a href="#[55]">&gt;&gt;</a>&nbsp;&nbsp;&nbsp;__aeabi_dmul
<LI><a href="#[56]">&gt;&gt;</a>&nbsp;&nbsp;&nbsp;__aeabi_ddiv
<LI><a href="#[4f]">&gt;&gt;</a>&nbsp;&nbsp;&nbsp;__aeabi_dadd
<LI><a href="#[57]">&gt;&gt;</a>&nbsp;&nbsp;&nbsp;__aeabi_d2ulz
<LI><a href="#[cb]">&gt;&gt;</a>&nbsp;&nbsp;&nbsp;__aeabi_cdrcmple
</UL>
<BR>[Called By]<UL><LI><a href="#[c0]">&gt;&gt;</a>&nbsp;&nbsp;&nbsp;_printf_core
</UL>

<P><STRONG><a name="[c0]"></a>_printf_core</STRONG> (Thumb, 1704 bytes, Stack size 136 bytes, printfa.o(i._printf_core), UNUSED)
<BR><BR>[Calls]<UL><LI><a href="#[4c]">&gt;&gt;</a>&nbsp;&nbsp;&nbsp;__aeabi_uldivmod
<LI><a href="#[ce]">&gt;&gt;</a>&nbsp;&nbsp;&nbsp;__aeabi_uidivmod
<LI><a href="#[cc]">&gt;&gt;</a>&nbsp;&nbsp;&nbsp;_printf_pre_padding
<LI><a href="#[cd]">&gt;&gt;</a>&nbsp;&nbsp;&nbsp;_printf_post_padding
<LI><a href="#[ca]">&gt;&gt;</a>&nbsp;&nbsp;&nbsp;_fp_digits
</UL>
<BR>[Called By]<UL><LI><a href="#[c1]">&gt;&gt;</a>&nbsp;&nbsp;&nbsp;__0vsnprintf
<LI><a href="#[bf]">&gt;&gt;</a>&nbsp;&nbsp;&nbsp;__0snprintf
</UL>

<P><STRONG><a name="[cd]"></a>_printf_post_padding</STRONG> (Thumb, 36 bytes, Stack size 24 bytes, printfa.o(i._printf_post_padding), UNUSED)
<BR><BR>[Called By]<UL><LI><a href="#[c0]">&gt;&gt;</a>&nbsp;&nbsp;&nbsp;_printf_core
</UL>

<P><STRONG><a name="[cc]"></a>_printf_pre_padding</STRONG> (Thumb, 46 bytes, Stack size 24 bytes, printfa.o(i._printf_pre_padding), UNUSED)
<BR><BR>[Called By]<UL><LI><a href="#[c0]">&gt;&gt;</a>&nbsp;&nbsp;&nbsp;_printf_core
</UL>

<P><STRONG><a name="[46]"></a>_snputc</STRONG> (Thumb, 22 bytes, Stack size 0 bytes, printfa.o(i._snputc))
<BR>[Address Reference Count : 2]<UL><LI> printfa.o(i.__0snprintf)
<LI> printfa.o(i.__0vsnprintf)
</UL><P>
<H3>
Undefined Global Symbols
</H3><HR></body></html>
