<html>
<body>
<pre>
<h1>�Vision Build Log</h1>
<h2>Tool Versions:</h2>
IDE-Version: ��Vision V5.38.0.0
Copyright (C) 2022 ARM Ltd and ARM Germany GmbH. All rights reserved.
License Information: li li, li, LIC=IK1BF-6FBSA-RAVDM-XX9TW-4HUET-AG83H
 
Tool Versions:
Toolchain:       MDK-ARM Plus  Version: 5.38.0.0
Toolchain Path:  E:\MDK\Core\ARM\ARMCC\Bin
C Compiler:      Armcc.exe V5.06 update 7 (build 960)
Assembler:       Armasm.exe V5.06 update 7 (build 960)
Linker/Locator:  ArmLink.exe V5.06 update 7 (build 960)
Library Manager: ArmAr.exe V5.06 update 7 (build 960)
Hex Converter:   FromElf.exe V5.06 update 7 (build 960)
CPU DLL:         SARMCM3.DLL V5.38.0.0
Dialog DLL:      DCM.DLL V1.17.5.0
Target DLL:      Segger\JL2CM3.dll V2.99.42.0
Dialog DLL:      TCM.DLL V1.56.4.0
 
<h2>Project:</h2>
F:\EmbeddedProjects\CUBEMXProjects\LiXin-MCU-RTOS\Projects\MCU_RTOS_Learn\08_Homework\19_OTA\03_Firmware\01_Bootloader\MDK-ARM\Bootloader.uvprojx
Project File Date:  09/04/2026

<h2>Output:</h2>
*** Using Compiler 'V5.06 update 7 (build 960)', folder: 'E:\MDK\Core\ARM\ARMCC\Bin'
Rebuild target 'STM32F4x1'
assembling startup_stm32f411xe.s...
compiling stm32f4xx_crc.c...
compiling stm32f4xx_cryp_des.c...
compiling tim.c...
compiling Flash.c...
..\Core\Src\Flash.c(164): warning:  #1-D: last line of file ends without a newline
  }
..\Core\Src\Flash.c: 1 warning, 0 errors
compiling SPI.c...
..\Core\Inc\SPI.h(41): warning:  #1-D: last line of file ends without a newline
  #endif /* __SPI_H__ */
..\Core\Src\SPI.c(49): warning:  #188-D: enumerated type mixed with another type
      GPIO_WriteBit(F_CS_GPIO_Port,F_CS_Pin,1);
..\Core\Src\SPI.c: 2 warnings, 0 errors
compiling stm32f4xx_it.c...
compiling stm32f4xx_adc.c...
compiling main.c...
..\Task(User)\Boot_Manager\Boot_Manager.h(34): warning:  #47-D: incompatible redefinition of macro "NVIC_VectTab_FLASH"  (declared at line 87 of "..\Drivers\STM32F4xx_StdPeriph_Driver\inc\misc.h")
  #define NVIC_VectTab_FLASH               ((uint32_t)0x8000000)
..\Core\Inc\SPI.h(41): warning:  #1-D: last line of file ends without a newline
  #endif /* __SPI_H__ */
..\Core\Src\main.c: 2 warnings, 0 errors
compiling system_stm32f4xx.c...
compiling misc.c...
compiling gpio.c...
compiling stm32f4xx_cryp_tdes.c...
compiling Usart.c...
compiling stm32f4xx_cryp_aes.c...
compiling stm32f4xx_cryp.c...
compiling stm32f4xx_dac.c...
compiling stm32f4xx_dbgmcu.c...
compiling stm32f4xx_dma.c...
compiling stm32f4xx_exti.c...
compiling stm32f4xx_gpio.c...
compiling stm32f4xx_flash_ramfunc.c...
compiling stm32f4xx_flash.c...
compiling stm32f4xx_i2c.c...
compiling stm32f4xx_iwdg.c...
compiling stm32f4xx_pwr.c...
compiling stm32f4xx_spi.c...
compiling elog_port.c...
compiling stm32f4xx_syscfg.c...
compiling stm32f4xx_sdio.c...
compiling elog_async.c...
compiling stm32f4xx_usart.c...
compiling stm32f4xx_rcc.c...
compiling elog_buf.c...
compiling elog_utils.c...
compiling stm32f4xx_rtc.c...
compiling elog.c...
compiling stm32f4xx_tim.c...
compiling stm32f4xx_wwdg.c...
compiling SEGGER_RTT_printf.c...
compiling SEGGER_RTT.c...
compiling AES.c...
compiling Debug.c...
compiling Boot_Manager.c...
..\Task(User)\Boot_Manager\Boot_Manager.h(34): warning:  #47-D: incompatible redefinition of macro "NVIC_VectTab_FLASH"  (declared at line 87 of "..\Drivers\STM32F4xx_StdPeriph_Driver\inc\misc.h")
  #define NVIC_VectTab_FLASH               ((uint32_t)0x8000000)
..\Task(User)\Boot_Manager\Boot_Manager.c(127): warning:  #223-D: function "W25Q64_ReadData" declared implicitly
      W25Q64_ReadData(Mem_Read_buffer,&Read_Memory_Size);
..\Task(User)\Boot_Manager\Boot_Manager.c(130): warning:  #223-D: function "memcpy" declared implicitly
        memcpy(Temp,Mem_Read_buffer,16);
..\Task(User)\Boot_Manager\Boot_Manager.c(131): warning:  #223-D: function "Aes_IV_key256bit_Decode" declared implicitly
        Aes_IV_key256bit_Decode(pu8_IV_IN_OUT,Temp,pu8_key256bit);//解析得到自定义内�?+文件大小
..\Task(User)\Boot_Manager\Boot_Manager.c(162): warning:  #223-D: function "memcpy" declared implicitly
          memcpy(Temp,Mem_Read_buffer + Read_Memory_index,16);
..\Task(User)\Boot_Manager\Boot_Manager.c(165): warning:  #223-D: function "Aes_IV_key256bit_Decode" declared implicitly
          Aes_IV_key256bit_Decode(pu8_IV_IN_OUT,Temp,pu8_key256bit);//解析
..\Task(User)\Boot_Manager\Boot_Manager.c: 6 warnings, 0 errors
compiling w25qxx.c...
..\Core\Inc\spi.h(41): warning:  #1-D: last line of file ends without a newline
  #endif /* __SPI_H__ */
..\BSP\Py25Q64\w25qxx.c(135): warning:  #550-D: variable "size"  was set but never used
  	uint32_t size;
..\BSP\Py25Q64\w25qxx.c: 2 warnings, 0 errors
compiling common.c...
..\Middlewares\Ymodem\common.c(173): warning:  #223-D: function "GetInputString" declared implicitly
          GetInputString(inputstr);
..\Middlewares\Ymodem\common.c(238): warning:  #940-D: missing return statement at end of non-void function "GetKey" 
  }
..\Middlewares\Ymodem\common.c(229): warning:  #177-D: variable "key"  was declared but never referenced
      uint8_t key = 0;
..\Middlewares\Ymodem\common.c(300): warning:  #159-D: declaration is incompatible with previous "GetInputString"  (declared at line 173)
  void GetInputString (uint8_t * buffP)
..\Middlewares\Ymodem\common.c(359): warning:  #940-D: missing return statement at end of non-void function "FLASH_PagesMask" 
  }
..\Middlewares\Ymodem\common.c: 5 warnings, 0 errors
compiling ymodem.c...
..\Task(User)\Boot_Manager\Boot_Manager.h(34): warning:  #47-D: incompatible redefinition of macro "NVIC_VectTab_FLASH"  (declared at line 87 of "..\Drivers\STM32F4xx_StdPeriph_Driver\inc\misc.h")
  #define NVIC_VectTab_FLASH               ((uint32_t)0x8000000)
..\Middlewares\Ymodem\ymodem.c(154): warning:  #177-D: variable "j"  was declared but never referenced
    int32_t i, j, packet_length, session_done, file_done, packets_received, errors, session_begin, size = 0;
..\Middlewares\Ymodem\ymodem.c: 2 warnings, 0 errors
compiling w25qxx_Handler.c...
..\Core\Inc\spi.h(41): warning:  #1-D: last line of file ends without a newline
  #endif /* __SPI_H__ */
..\BSP\Py25Q64\w25qxx_Handler.c(62): warning:  #177-D: variable "ret"  was declared but never referenced
      u8 ret = 0;
..\BSP\Py25Q64\w25qxx_Handler.c(185): warning:  #1-D: last line of file ends without a newline
  }
..\BSP\Py25Q64\w25qxx_Handler.c(151): warning:  #177-D: variable "ret"  was declared but never referenced
      u8 ret = 0;
..\BSP\Py25Q64\w25qxx_Handler.c(153): warning:  #177-D: variable "index"  was declared but never referenced
      u16 index = 0;
..\BSP\Py25Q64\w25qxx_Handler.c(154): warning:  #177-D: variable "page_size"  was declared but never referenced
      u8  page_size = 0;
..\BSP\Py25Q64\w25qxx_Handler.c(155): warning:  #177-D: variable "remain_size"  was declared but never referenced
      u16  remain_size = 0;
..\BSP\Py25Q64\w25qxx_Handler.c: 7 warnings, 0 errors
linking...
Program Size: Code=17420 RO-data=1720 RW-data=180 ZI-data=14324  
FromELF: creating hex file...
".\Objects\Bootloader.axf" - 0 Error(s), 27 Warning(s).

<h2>Software Packages used:</h2>

Package Vendor: Keil
                https://www.keil.com/pack/Keil.STM32F4xx_DFP.2.17.1.pack
                Keil.STM32F4xx_DFP.2.17.1
                STMicroelectronics STM32F4 Series Device Support, Drivers and Examples

<h2>Collection of Component include folders:</h2>
  E:/MDK/Packs/Keil/STM32F4xx_DFP/2.17.1/Drivers/CMSIS/Device/ST/STM32F4xx/Include

<h2>Collection of Component Files used:</h2>
Build Time Elapsed:  00:00:03
</pre>
</body>
</html>
