Component: ARM Compiler 5.06 update 7 (build 960) Tool: armlink [4d3601]

==============================================================================

Section Cross References

    startup_stm32f411xe.o(RESET) refers to startup_stm32f411xe.o(STACK) for __initial_sp
    startup_stm32f411xe.o(RESET) refers to startup_stm32f411xe.o(.text) for Reset_Handler
    startup_stm32f411xe.o(RESET) refers to stm32f4xx_it.o(i.NMI_Handler) for NMI_Handler
    startup_stm32f411xe.o(RESET) refers to stm32f4xx_it.o(i.HardFault_Handler) for HardFault_Handler
    startup_stm32f411xe.o(RESET) refers to stm32f4xx_it.o(i.MemManage_Handler) for MemManage_Handler
    startup_stm32f411xe.o(RESET) refers to stm32f4xx_it.o(i.BusFault_Handler) for BusFault_Handler
    startup_stm32f411xe.o(RESET) refers to stm32f4xx_it.o(i.UsageFault_Handler) for UsageFault_Handler
    startup_stm32f411xe.o(RESET) refers to stm32f4xx_it.o(i.SVC_Handler) for SVC_Handler
    startup_stm32f411xe.o(RESET) refers to stm32f4xx_it.o(i.DebugMon_Handler) for DebugMon_Handler
    startup_stm32f411xe.o(RESET) refers to stm32f4xx_it.o(i.PendSV_Handler) for PendSV_Handler
    startup_stm32f411xe.o(RESET) refers to stm32f4xx_it.o(i.SysTick_Handler) for SysTick_Handler
    startup_stm32f411xe.o(.text) refers to system_stm32f4xx.o(i.SystemInit) for SystemInit
    startup_stm32f411xe.o(.text) refers to entry.o(.ARM.Collect$$$$00000000) for __main
    main.o(i.AppElogInit) refers to elog.o(i.elog_init) for elog_init
    main.o(i.AppElogInit) refers to elog.o(i.elog_set_text_color_enabled) for elog_set_text_color_enabled
    main.o(i.AppElogInit) refers to elog.o(i.elog_set_fmt) for elog_set_fmt
    main.o(i.AppElogInit) refers to elog.o(i.elog_start) for elog_start
    main.o(i.EasylogTest) refers to stm32f4xx_hal.o(i.HAL_GetTick) for HAL_GetTick
    main.o(i.EasylogTest) refers to elog.o(i.elog_output) for elog_output
    main.o(i.EasylogTest) refers to main.o(.constdata) for __FUNCTION__
    main.o(i.RTCTest) refers to memseta.o(.text) for __aeabi_memclr4
    main.o(i.RTCTest) refers to stm32f4xx_hal_rtc.o(i.HAL_RTC_GetTime) for HAL_RTC_GetTime
    main.o(i.RTCTest) refers to stm32f4xx_hal_rtc.o(i.HAL_RTC_GetDate) for HAL_RTC_GetDate
    main.o(i.RTCTest) refers to printfa.o(i.__0printf) for __2printf
    main.o(i.RTCTest) refers to rtc.o(.bss) for hrtc
    main.o(i.SEGGER_RTT_Test) refers to segger_rtt.o(i.SEGGER_RTT_Init) for SEGGER_RTT_Init
    main.o(i.SEGGER_RTT_Test) refers to segger_rtt_printf.o(i.SEGGER_RTT_printf) for SEGGER_RTT_printf
    main.o(i.SerialPortRedirectTest) refers to printfa.o(i.__0printf) for __2printf
    main.o(i.SerialPortRedirectTest) refers to stm32f4xx_hal.o(i.HAL_Delay) for HAL_Delay
    main.o(i.SystemClock_Config) refers to memseta.o(.text) for __aeabi_memclr4
    main.o(i.SystemClock_Config) refers to stm32f4xx_hal_rcc.o(i.HAL_RCC_OscConfig) for HAL_RCC_OscConfig
    main.o(i.SystemClock_Config) refers to main.o(i.Error_Handler) for Error_Handler
    main.o(i.SystemClock_Config) refers to stm32f4xx_hal_rcc.o(i.HAL_RCC_ClockConfig) for HAL_RCC_ClockConfig
    main.o(i.main) refers to stm32f4xx_hal.o(i.HAL_Init) for HAL_Init
    main.o(i.main) refers to main.o(i.AppElogInit) for AppElogInit
    main.o(i.main) refers to main.o(i.SystemClock_Config) for SystemClock_Config
    main.o(i.main) refers to gpio.o(i.MX_GPIO_Init) for MX_GPIO_Init
    main.o(i.main) refers to usart.o(i.MX_USART1_UART_Init) for MX_USART1_UART_Init
    main.o(i.main) refers to rtc.o(i.MX_RTC_Init) for MX_RTC_Init
    main.o(i.main) refers to elog.o(i.elog_output) for elog_output
    main.o(i.main) refers to main.o(.constdata) for __FUNCTION__
    rtc.o(i.HAL_RTC_MspInit) refers to memseta.o(.text) for __aeabi_memclr4
    rtc.o(i.HAL_RTC_MspInit) refers to stm32f4xx_hal_rcc_ex.o(i.HAL_RCCEx_PeriphCLKConfig) for HAL_RCCEx_PeriphCLKConfig
    rtc.o(i.HAL_RTC_MspInit) refers to main.o(i.Error_Handler) for Error_Handler
    rtc.o(i.MX_RTC_Init) refers to memseta.o(.text) for __aeabi_memclr4
    rtc.o(i.MX_RTC_Init) refers to stm32f4xx_hal_pwr.o(i.HAL_PWR_EnableBkUpAccess) for HAL_PWR_EnableBkUpAccess
    rtc.o(i.MX_RTC_Init) refers to stm32f4xx_hal_rtc.o(i.HAL_RTC_Init) for HAL_RTC_Init
    rtc.o(i.MX_RTC_Init) refers to main.o(i.Error_Handler) for Error_Handler
    rtc.o(i.MX_RTC_Init) refers to stm32f4xx_hal_rtc.o(i.HAL_RTC_SetTime) for HAL_RTC_SetTime
    rtc.o(i.MX_RTC_Init) refers to stm32f4xx_hal_rtc.o(i.HAL_RTC_SetDate) for HAL_RTC_SetDate
    rtc.o(i.MX_RTC_Init) refers to rtc.o(.bss) for hrtc
    usart.o(i.HAL_UART_MspDeInit) refers to stm32f4xx_hal_gpio.o(i.HAL_GPIO_DeInit) for HAL_GPIO_DeInit
    usart.o(i.HAL_UART_MspInit) refers to memseta.o(.text) for __aeabi_memclr4
    usart.o(i.HAL_UART_MspInit) refers to stm32f4xx_hal_gpio.o(i.HAL_GPIO_Init) for HAL_GPIO_Init
    usart.o(i.MX_USART1_UART_Init) refers to stm32f4xx_hal_uart.o(i.HAL_UART_Init) for HAL_UART_Init
    usart.o(i.MX_USART1_UART_Init) refers to main.o(i.Error_Handler) for Error_Handler
[...]
    Removing stm32f4xx_hal_flash_ex.o(i.FLASH_OB_GetUser), (16 bytes).
    Removing stm32f4xx_hal_flash_ex.o(i.FLASH_OB_GetWRP), (12 bytes).
    Removing stm32f4xx_hal_flash_ex.o(i.FLASH_OB_RDP_LevelConfig), (32 bytes).
    Removing stm32f4xx_hal_flash_ex.o(i.FLASH_OB_UserConfig), (60 bytes).
    Removing stm32f4xx_hal_flash_ex.o(i.HAL_FLASHEx_AdvOBGetConfig), (12 bytes).
    Removing stm32f4xx_hal_flash_ex.o(i.HAL_FLASHEx_AdvOBProgram), (42 bytes).
    Removing stm32f4xx_hal_flash_ex.o(i.HAL_FLASHEx_Erase), (172 bytes).
    Removing stm32f4xx_hal_flash_ex.o(i.HAL_FLASHEx_Erase_IT), (120 bytes).
    Removing stm32f4xx_hal_flash_ex.o(i.HAL_FLASHEx_OBGetConfig), (34 bytes).
    Removing stm32f4xx_hal_flash_ex.o(i.HAL_FLASHEx_OBProgram), (148 bytes).
    Removing stm32f4xx_hal_flash_ex.o(i.HAL_FLASHEx_OB_DeSelectPCROP), (24 bytes).
    Removing stm32f4xx_hal_flash_ex.o(i.HAL_FLASHEx_OB_SelectPCROP), (28 bytes).
    Removing stm32f4xx_hal_flash_ramfunc.o(.rev16_text), (4 bytes).
    Removing stm32f4xx_hal_flash_ramfunc.o(.revsh_text), (4 bytes).
    Removing stm32f4xx_hal_flash_ramfunc.o(.rrx_text), (6 bytes).
    Removing stm32f4xx_hal_flash_ramfunc.o(i.HAL_FLASHEx_DisableFlashSleepMode), (60 bytes).
    Removing stm32f4xx_hal_flash_ramfunc.o(i.HAL_FLASHEx_EnableFlashSleepMode), (60 bytes).
    Removing stm32f4xx_hal_flash_ramfunc.o(i.HAL_FLASHEx_StartFlashInterfaceClk), (60 bytes).
    Removing stm32f4xx_hal_flash_ramfunc.o(i.HAL_FLASHEx_StopFlashInterfaceClk), (60 bytes).
    Removing stm32f4xx_hal_gpio.o(.rev16_text), (4 bytes).
    Removing stm32f4xx_hal_gpio.o(.revsh_text), (4 bytes).
    Removing stm32f4xx_hal_gpio.o(.rrx_text), (6 bytes).
    Removing stm32f4xx_hal_gpio.o(i.HAL_GPIO_DeInit), (316 bytes).
    Removing stm32f4xx_hal_gpio.o(i.HAL_GPIO_EXTI_Callback), (2 bytes).
    Removing stm32f4xx_hal_gpio.o(i.HAL_GPIO_EXTI_IRQHandler), (28 bytes).
    Removing stm32f4xx_hal_gpio.o(i.HAL_GPIO_LockPin), (46 bytes).
    Removing stm32f4xx_hal_gpio.o(i.HAL_GPIO_ReadPin), (16 bytes).
    Removing stm32f4xx_hal_gpio.o(i.HAL_GPIO_TogglePin), (20 bytes).
    Removing stm32f4xx_hal_gpio.o(i.HAL_GPIO_WritePin), (12 bytes).
    Removing stm32f4xx_hal_dma_ex.o(.rev16_text), (4 bytes).
    Removing stm32f4xx_hal_dma_ex.o(.revsh_text), (4 bytes).
    Removing stm32f4xx_hal_dma_ex.o(.rrx_text), (6 bytes).
    Removing stm32f4xx_hal_dma_ex.o(i.DMA_MultiBufferSetConfig), (32 bytes).
    Removing stm32f4xx_hal_dma_ex.o(i.HAL_DMAEx_ChangeMemory), (18 bytes).
    Removing stm32f4xx_hal_dma_ex.o(i.HAL_DMAEx_MultiBufferStart), (124 bytes).
    Removing stm32f4xx_hal_dma_ex.o(i.HAL_DMAEx_MultiBufferStart_IT), (4056 bytes).
    Removing stm32f4xx_hal_dma.o(.rev16_text), (4 bytes).
    Removing stm32f4xx_hal_dma.o(.revsh_text), (4 bytes).
    Removing stm32f4xx_hal_dma.o(.rrx_text), (6 bytes).
    Removing stm32f4xx_hal_dma.o(i.DMA_CalcBaseAndBitshift), (52 bytes).
    Removing stm32f4xx_hal_dma.o(i.DMA_CheckFifoParam), (170 bytes).
    Removing stm32f4xx_hal_dma.o(i.DMA_SetConfig), (44 bytes).
    Removing stm32f4xx_hal_dma.o(i.HAL_DMA_Abort), (172 bytes).
    Removing stm32f4xx_hal_dma.o(i.HAL_DMA_Abort_IT), (40 bytes).
    Removing stm32f4xx_hal_dma.o(i.HAL_DMA_DeInit), (112 bytes).
    Removing stm32f4xx_hal_dma.o(i.HAL_DMA_GetError), (6 bytes).
    Removing stm32f4xx_hal_dma.o(i.HAL_DMA_GetState), (8 bytes).
    Removing stm32f4xx_hal_dma.o(i.HAL_DMA_IRQHandler), (576 bytes).
    Removing stm32f4xx_hal_dma.o(i.HAL_DMA_Init), (236 bytes).
    Removing stm32f4xx_hal_dma.o(i.HAL_DMA_PollForTransfer), (346 bytes).
    Removing stm32f4xx_hal_dma.o(i.HAL_DMA_RegisterCallback), (96 bytes).
    Removing stm32f4xx_hal_dma.o(i.HAL_DMA_Start), (102 bytes).
    Removing stm32f4xx_hal_dma.o(i.HAL_DMA_Start_IT), (146 bytes).
    Removing stm32f4xx_hal_dma.o(i.HAL_DMA_UnRegisterCallback), (124 bytes).
    Removing stm32f4xx_hal_dma.o(.constdata), (8 bytes).
    Removing stm32f4xx_hal_pwr.o(.rev16_text), (4 bytes).
    Removing stm32f4xx_hal_pwr.o(.revsh_text), (4 bytes).
    Removing stm32f4xx_hal_pwr.o(.rrx_text), (6 bytes).
    Removing stm32f4xx_hal_pwr.o(i.HAL_PWR_ConfigPVD), (180 bytes).
    Removing stm32f4xx_hal_pwr.o(i.HAL_PWR_DeInit), (28 bytes).
    Removing stm32f4xx_hal_pwr.o(i.HAL_PWR_DisableBkUpAccess), (28 bytes).
    Removing stm32f4xx_hal_pwr.o(i.HAL_PWR_DisablePVD), (12 bytes).
    Removing stm32f4xx_hal_pwr.o(i.HAL_PWR_DisableSEVOnPend), (20 bytes).
    Removing stm32f4xx_hal_pwr.o(i.HAL_PWR_DisableSleepOnExit), (20 bytes).
    Removing stm32f4xx_hal_pwr.o(i.HAL_PWR_DisableWakeUpPin), (16 bytes).
    Removing stm32f4xx_hal_pwr.o(i.HAL_PWR_EnablePVD), (12 bytes).
    Removing stm32f4xx_hal_pwr.o(i.HAL_PWR_EnableSEVOnPend), (20 bytes).
    Removing stm32f4xx_hal_pwr.o(i.HAL_PWR_EnableSleepOnExit), (20 bytes).
    Removing stm32f4xx_hal_pwr.o(i.HAL_PWR_EnableWakeUpPin), (16 bytes).
    Removing stm32f4xx_hal_pwr.o(i.HAL_PWR_EnterSLEEPMode), (32 bytes).
    Removing stm32f4xx_hal_pwr.o(i.HAL_PWR_EnterSTANDBYMode), (40 bytes).
    Removing stm32f4xx_hal_pwr.o(i.HAL_PWR_EnterSTOPMode), (64 bytes).
    Removing stm32f4xx_hal_pwr.o(i.HAL_PWR_PVDCallback), (2 bytes).
    Removing stm32f4xx_hal_pwr.o(i.HAL_PWR_PVD_IRQHandler), (32 bytes).
    Removing stm32f4xx_hal_pwr_ex.o(.rev16_text), (4 bytes).
    Removing stm32f4xx_hal_pwr_ex.o(.revsh_text), (4 bytes).
    Removing stm32f4xx_hal_pwr_ex.o(.rrx_text), (6 bytes).
    Removing stm32f4xx_hal_pwr_ex.o(i.HAL_PWREx_ControlVoltageScaling), (228 bytes).
    Removing stm32f4xx_hal_pwr_ex.o(i.HAL_PWREx_DisableBkUpReg), (60 bytes).
    Removing stm32f4xx_hal_pwr_ex.o(i.HAL_PWREx_DisableFlashPowerDown), (12 bytes).
    Removing stm32f4xx_hal_pwr_ex.o(i.HAL_PWREx_DisableLowRegulatorLowVoltage), (12 bytes).
    Removing stm32f4xx_hal_pwr_ex.o(i.HAL_PWREx_DisableMainRegulatorLowVoltage), (12 bytes).
    Removing stm32f4xx_hal_pwr_ex.o(i.HAL_PWREx_EnableBkUpReg), (60 bytes).
    Removing stm32f4xx_hal_pwr_ex.o(i.HAL_PWREx_EnableFlashPowerDown), (12 bytes).
    Removing stm32f4xx_hal_pwr_ex.o(i.HAL_PWREx_EnableLowRegulatorLowVoltage), (12 bytes).
    Removing stm32f4xx_hal_pwr_ex.o(i.HAL_PWREx_EnableMainRegulatorLowVoltage), (12 bytes).
    Removing stm32f4xx_hal_pwr_ex.o(i.HAL_PWREx_GetVoltageRange), (16 bytes).
    Removing stm32f4xx_hal_cortex.o(.rev16_text), (4 bytes).
    Removing stm32f4xx_hal_cortex.o(.revsh_text), (4 bytes).
    Removing stm32f4xx_hal_cortex.o(.rrx_text), (6 bytes).
    Removing stm32f4xx_hal_cortex.o(i.HAL_MPU_ConfigRegion), (92 bytes).
    Removing stm32f4xx_hal_cortex.o(i.HAL_MPU_Disable), (44 bytes).
    Removing stm32f4xx_hal_cortex.o(i.HAL_MPU_Enable), (64 bytes).
    Removing stm32f4xx_hal_cortex.o(i.HAL_NVIC_ClearPendingIRQ), (36 bytes).
    Removing stm32f4xx_hal_cortex.o(i.HAL_NVIC_DisableIRQ), (68 bytes).
    Removing stm32f4xx_hal_cortex.o(i.HAL_NVIC_EnableIRQ), (32 bytes).
    Removing stm32f4xx_hal_cortex.o(i.HAL_NVIC_GetActive), (48 bytes).
    Removing stm32f4xx_hal_cortex.o(i.HAL_NVIC_GetPendingIRQ), (48 bytes).
    Removing stm32f4xx_hal_cortex.o(i.HAL_NVIC_GetPriority), (148 bytes).
    Removing stm32f4xx_hal_cortex.o(i.HAL_NVIC_GetPriorityGrouping), (8 bytes).
    Removing stm32f4xx_hal_cortex.o(i.HAL_NVIC_SetPendingIRQ), (36 bytes).
    Removing stm32f4xx_hal_cortex.o(i.HAL_NVIC_SystemReset), (68 bytes).
    Removing stm32f4xx_hal_cortex.o(i.HAL_SYSTICK_CLKSourceConfig), (40 bytes).
    Removing stm32f4xx_hal_cortex.o(i.HAL_SYSTICK_Callback), (2 bytes).
    Removing stm32f4xx_hal_cortex.o(i.HAL_SYSTICK_IRQHandler), (8 bytes).
    Removing stm32f4xx_hal.o(.rev16_text), (4 bytes).
    Removing stm32f4xx_hal.o(.revsh_text), (4 bytes).
    Removing stm32f4xx_hal.o(.rrx_text), (6 bytes).
    Removing stm32f4xx_hal.o(i.HAL_DBGMCU_DisableDBGSleepMode), (20 bytes).
    Removing stm32f4xx_hal.o(i.HAL_DBGMCU_DisableDBGStandbyMode), (20 bytes).
    Removing stm32f4xx_hal.o(i.HAL_DBGMCU_DisableDBGStopMode), (20 bytes).
    Removing stm32f4xx_hal.o(i.HAL_DBGMCU_EnableDBGSleepMode), (20 bytes).
    Removing stm32f4xx_hal.o(i.HAL_DBGMCU_EnableDBGStandbyMode), (20 bytes).
    Removing stm32f4xx_hal.o(i.HAL_DBGMCU_EnableDBGStopMode), (20 bytes).
    Removing stm32f4xx_hal.o(i.HAL_DeInit), (68 bytes).
    Removing stm32f4xx_hal.o(i.HAL_Delay), (40 bytes).
    Removing stm32f4xx_hal.o(i.HAL_DisableCompensationCell), (12 bytes).
    Removing stm32f4xx_hal.o(i.HAL_EnableCompensationCell), (12 bytes).
    Removing stm32f4xx_hal.o(i.HAL_GetDEVID), (16 bytes).
    Removing stm32f4xx_hal.o(i.HAL_GetHalVersion), (8 bytes).
    Removing stm32f4xx_hal.o(i.HAL_GetREVID), (12 bytes).
    Removing stm32f4xx_hal.o(i.HAL_GetTickFreq), (12 bytes).
    Removing stm32f4xx_hal.o(i.HAL_GetTickPrio), (12 bytes).
    Removing stm32f4xx_hal.o(i.HAL_GetUIDw0), (12 bytes).
    Removing stm32f4xx_hal.o(i.HAL_GetUIDw1), (12 bytes).
    Removing stm32f4xx_hal.o(i.HAL_GetUIDw2), (12 bytes).
    Removing stm32f4xx_hal.o(i.HAL_MspDeInit), (2 bytes).
    Removing stm32f4xx_hal.o(i.HAL_MspInit), (2 bytes).
    Removing stm32f4xx_hal.o(i.HAL_ResumeTick), (18 bytes).
    Removing stm32f4xx_hal.o(i.HAL_SetTickFreq), (48 bytes).
    Removing stm32f4xx_hal.o(i.HAL_SuspendTick), (18 bytes).
    Removing stm32f4xx_hal_exti.o(.rev16_text), (4 bytes).
    Removing stm32f4xx_hal_exti.o(.revsh_text), (4 bytes).
    Removing stm32f4xx_hal_exti.o(.rrx_text), (6 bytes).
    Removing stm32f4xx_hal_exti.o(i.HAL_EXTI_ClearConfigLine), (120 bytes).
    Removing stm32f4xx_hal_exti.o(i.HAL_EXTI_ClearPending), (28 bytes).
    Removing stm32f4xx_hal_exti.o(i.HAL_EXTI_GenerateSWI), (24 bytes).
    Removing stm32f4xx_hal_exti.o(i.HAL_EXTI_GetConfigLine), (164 bytes).
    Removing stm32f4xx_hal_exti.o(i.HAL_EXTI_GetHandle), (14 bytes).
    Removing stm32f4xx_hal_exti.o(i.HAL_EXTI_GetPending), (36 bytes).
    Removing stm32f4xx_hal_exti.o(i.HAL_EXTI_IRQHandler), (44 bytes).
    Removing stm32f4xx_hal_exti.o(i.HAL_EXTI_RegisterCallback), (20 bytes).
    Removing stm32f4xx_hal_exti.o(i.HAL_EXTI_SetConfigLine), (240 bytes).
    Removing stm32f4xx_hal_tim.o(.rev16_text), (4 bytes).
    Removing stm32f4xx_hal_tim.o(.revsh_text), (4 bytes).
    Removing stm32f4xx_hal_tim.o(.rrx_text), (6 bytes).
    Removing stm32f4xx_hal_tim_ex.o(.rev16_text), (4 bytes).
    Removing stm32f4xx_hal_tim_ex.o(.revsh_text), (4 bytes).
    Removing stm32f4xx_hal_tim_ex.o(.rrx_text), (6 bytes).
    Removing stm32f4xx_hal_uart.o(.rev16_text), (4 bytes).
    Removing stm32f4xx_hal_uart.o(.revsh_text), (4 bytes).
    Removing stm32f4xx_hal_uart.o(.rrx_text), (6 bytes).
    Removing stm32f4xx_hal_uart.o(i.HAL_HalfDuplex_EnableReceiver), (68 bytes).
    Removing stm32f4xx_hal_uart.o(i.HAL_HalfDuplex_EnableTransmitter), (68 bytes).
    Removing stm32f4xx_hal_uart.o(i.HAL_HalfDuplex_Init), (118 bytes).
    Removing stm32f4xx_hal_uart.o(i.HAL_LIN_Init), (142 bytes).
    Removing stm32f4xx_hal_uart.o(i.HAL_LIN_SendBreak), (80 bytes).
    Removing stm32f4xx_hal_uart.o(i.HAL_MultiProcessor_EnterMuteMode), (80 bytes).
    Removing stm32f4xx_hal_uart.o(i.HAL_MultiProcessor_ExitMuteMode), (80 bytes).
    Removing stm32f4xx_hal_uart.o(i.HAL_MultiProcessor_Init), (154 bytes).
    Removing stm32f4xx_hal_uart.o(i.HAL_UARTEx_ReceiveToIdle), (320 bytes).
    Removing stm32f4xx_hal_uart.o(i.HAL_UARTEx_ReceiveToIdle_DMA), (130 bytes).
    Removing stm32f4xx_hal_uart.o(i.HAL_UARTEx_ReceiveToIdle_IT), (130 bytes).
    Removing stm32f4xx_hal_uart.o(i.HAL_UARTEx_RxEventCallback), (2 bytes).
    Removing stm32f4xx_hal_uart.o(i.HAL_UART_Abort), (282 bytes).
    Removing stm32f4xx_hal_uart.o(i.HAL_UART_AbortCpltCallback), (2 bytes).
    Removing stm32f4xx_hal_uart.o(i.HAL_UART_AbortReceive), (196 bytes).
    Removing stm32f4xx_hal_uart.o(i.HAL_UART_AbortReceiveCpltCallback), (2 bytes).
    Removing stm32f4xx_hal_uart.o(i.HAL_UART_AbortReceive_IT), (220 bytes).
    Removing stm32f4xx_hal_uart.o(i.HAL_UART_AbortTransmit), (126 bytes).
    Removing stm32f4xx_hal_uart.o(i.HAL_UART_AbortTransmitCpltCallback), (2 bytes).
    Removing stm32f4xx_hal_uart.o(i.HAL_UART_AbortTransmit_IT), (144 bytes).
    Removing stm32f4xx_hal_uart.o(i.HAL_UART_Abort_IT), (336 bytes).
    Removing stm32f4xx_hal_uart.o(i.HAL_UART_DMAPause), (198 bytes).
    Removing stm32f4xx_hal_uart.o(i.HAL_UART_DMAResume), (202 bytes).
    Removing stm32f4xx_hal_uart.o(i.HAL_UART_DMAStop), (138 bytes).
    Removing stm32f4xx_hal_uart.o(i.HAL_UART_DeInit), (60 bytes).
    Removing stm32f4xx_hal_uart.o(i.HAL_UART_ErrorCallback), (2 bytes).
    Removing stm32f4xx_hal_uart.o(i.HAL_UART_GetError), (6 bytes).
    Removing stm32f4xx_hal_uart.o(i.HAL_UART_GetState), (20 bytes).
    Removing stm32f4xx_hal_uart.o(i.HAL_UART_IRQHandler), (736 bytes).
    Removing stm32f4xx_hal_uart.o(i.HAL_UART_MspDeInit), (2 bytes).
    Removing stm32f4xx_hal_uart.o(i.HAL_UART_MspInit), (2 bytes).
    Removing stm32f4xx_hal_uart.o(i.HAL_UART_Receive), (220 bytes).
    Removing stm32f4xx_hal_uart.o(i.HAL_UART_Receive_DMA), (66 bytes).
    Removing stm32f4xx_hal_uart.o(i.HAL_UART_Receive_IT), (66 bytes).
    Removing stm32f4xx_hal_uart.o(i.HAL_UART_RxCpltCallback), (2 bytes).
    Removing stm32f4xx_hal_uart.o(i.HAL_UART_RxHalfCpltCallback), (2 bytes).
    Removing stm32f4xx_hal_uart.o(i.HAL_UART_Transmit), (210 bytes).
    Removing stm32f4xx_hal_uart.o(i.HAL_UART_Transmit_DMA), (172 bytes).
    Removing stm32f4xx_hal_uart.o(i.HAL_UART_Transmit_IT), (88 bytes).
    Removing stm32f4xx_hal_uart.o(i.HAL_UART_TxCpltCallback), (2 bytes).
    Removing stm32f4xx_hal_uart.o(i.HAL_UART_TxHalfCpltCallback), (2 bytes).
    Removing stm32f4xx_hal_uart.o(i.UART_DMAAbortOnError), (20 bytes).
    Removing stm32f4xx_hal_uart.o(i.UART_DMAError), (80 bytes).
    Removing stm32f4xx_hal_uart.o(i.UART_DMAReceiveCplt), (176 bytes).
    Removing stm32f4xx_hal_uart.o(i.UART_DMARxAbortCallback), (56 bytes).
    Removing stm32f4xx_hal_uart.o(i.UART_DMARxHalfCplt), (32 bytes).
    Removing stm32f4xx_hal_uart.o(i.UART_DMARxOnlyAbortCallback), (28 bytes).
    Removing stm32f4xx_hal_uart.o(i.UART_DMATransmitCplt), (88 bytes).
    Removing stm32f4xx_hal_uart.o(i.UART_DMATxAbortCallback), (56 bytes).
    Removing stm32f4xx_hal_uart.o(i.UART_DMATxHalfCplt), (14 bytes).
    Removing stm32f4xx_hal_uart.o(i.UART_DMATxOnlyAbortCallback), (24 bytes).
    Removing stm32f4xx_hal_uart.o(i.UART_EndRxTransfer), (108 bytes).
    Removing stm32f4xx_hal_uart.o(i.UART_EndTransmit_IT), (32 bytes).
    Removing stm32f4xx_hal_uart.o(i.UART_EndTxTransfer), (38 bytes).
    Removing stm32f4xx_hal_uart.o(i.UART_Receive_IT), (248 bytes).
    Removing stm32f4xx_hal_uart.o(i.UART_Start_Receive_DMA), (208 bytes).
    Removing stm32f4xx_hal_uart.o(i.UART_Start_Receive_IT), (74 bytes).
    Removing stm32f4xx_hal_uart.o(i.UART_Transmit_IT), (96 bytes).
    Removing stm32f4xx_hal_uart.o(i.UART_WaitOnFlagUntilTimeout), (146 bytes).
    Removing system_stm32f4xx.o(.rev16_text), (4 bytes).
    Removing system_stm32f4xx.o(.revsh_text), (4 bytes).
    Removing system_stm32f4xx.o(.rrx_text), (6 bytes).
    Removing system_stm32f4xx.o(i.SystemCoreClockUpdate), (192 bytes).
    Removing segger_rtt.o(i.SEGGER_RTT_AllocDownBuffer), (196 bytes).
    Removing segger_rtt.o(i.SEGGER_RTT_AllocUpBuffer), (196 bytes).
    Removing segger_rtt.o(i.SEGGER_RTT_ConfigDownBuffer), (116 bytes).
    Removing segger_rtt.o(i.SEGGER_RTT_ConfigUpBuffer), (116 bytes).
    Removing segger_rtt.o(i.SEGGER_RTT_GetAvailWriteSpace), (28 bytes).
    Removing segger_rtt.o(i.SEGGER_RTT_GetBytesInBuffer), (68 bytes).
    Removing segger_rtt.o(i.SEGGER_RTT_GetKey), (32 bytes).
    Removing segger_rtt.o(i.SEGGER_RTT_HasData), (28 bytes).
    Removing segger_rtt.o(i.SEGGER_RTT_HasDataUp), (28 bytes).
    Removing segger_rtt.o(i.SEGGER_RTT_HasKey), (48 bytes).
    Removing segger_rtt.o(i.SEGGER_RTT_PutChar), (128 bytes).
    Removing segger_rtt.o(i.SEGGER_RTT_PutCharSkip), (112 bytes).
    Removing segger_rtt.o(i.SEGGER_RTT_PutCharSkipNoLock), (56 bytes).
    Removing segger_rtt.o(i.SEGGER_RTT_Read), (56 bytes).
    Removing segger_rtt.o(i.SEGGER_RTT_ReadNoLock), (168 bytes).
    Removing segger_rtt.o(i.SEGGER_RTT_ReadUpBuffer), (56 bytes).
    Removing segger_rtt.o(i.SEGGER_RTT_ReadUpBufferNoLock), (168 bytes).
    Removing segger_rtt.o(i.SEGGER_RTT_SetFlagsDownBuffer), (92 bytes).
    Removing segger_rtt.o(i.SEGGER_RTT_SetFlagsUpBuffer), (92 bytes).
    Removing segger_rtt.o(i.SEGGER_RTT_SetNameDownBuffer), (92 bytes).
    Removing segger_rtt.o(i.SEGGER_RTT_SetNameUpBuffer), (92 bytes).
    Removing segger_rtt.o(i.SEGGER_RTT_SetTerminal), (160 bytes).
    Removing segger_rtt.o(i.SEGGER_RTT_TerminalOut), (260 bytes).
    Removing segger_rtt.o(i.SEGGER_RTT_WaitKey), (14 bytes).
    Removing segger_rtt.o(i.SEGGER_RTT_WriteDownBuffer), (72 bytes).
    Removing segger_rtt.o(i.SEGGER_RTT_WriteDownBufferNoLock), (132 bytes).
    Removing segger_rtt.o(i.SEGGER_RTT_WriteSkipNoLock), (152 bytes).
    Removing segger_rtt.o(i.SEGGER_RTT_WriteString), (26 bytes).
    Removing segger_rtt.o(i.SEGGER_RTT_WriteWithOverwriteNoLock), (180 bytes).
    Removing segger_rtt.o(i._PostTerminalSwitch), (36 bytes).
    Removing segger_rtt.o(.data), (17 bytes).
    Removing segger_rtt_printf.o(i.SEGGER_RTT_printf), (34 bytes).
    Removing segger_rtt_printf.o(i.SEGGER_RTT_vprintf), (522 bytes).
    Removing segger_rtt_printf.o(i._PrintInt), (236 bytes).
    Removing segger_rtt_printf.o(i._PrintUnsigned), (236 bytes).
    Removing segger_rtt_printf.o(i._StoreChar), (68 bytes).
    Removing segger_rtt_printf.o(.constdata), (16 bytes).
    Removing elog_port.o(i.elog_port_deinit), (2 bytes).
    Removing elog.o(i.elog_assert_set_hook), (12 bytes).
    Removing elog.o(i.elog_deinit), (32 bytes).
    Removing elog.o(i.elog_find_lvl), (976 bytes).
    Removing elog.o(i.elog_find_tag), (524 bytes).
    Removing elog.o(i.elog_get_output_enabled), (12 bytes).
    Removing elog.o(i.elog_get_text_color_enabled), (12 bytes).
    Removing elog.o(i.elog_hexdump), (404 bytes).
    Removing elog.o(i.elog_raw_output), (92 bytes).
    Removing elog.o(i.elog_set_filter), (216 bytes).
    Removing elog.o(i.elog_set_filter_kw), (20 bytes).
    Removing elog.o(i.elog_set_filter_tag), (20 bytes).
    Removing elog.o(i.elog_set_filter_tag_lvl), (504 bytes).
    Removing elog.o(i.elog_stop), (152 bytes).
    Removing elog_utils.o(i.elog_cpyln), (292 bytes).
    Removing elog_utils.o(i.elog_memcpy), (264 bytes).

406 unused section(s) (total 35297 bytes) removed from the image.

==============================================================================

Image Symbol Table

    Local Symbols

    Symbol Name                              Value     Ov Type        Size  Object(Section)

    ../Core/Src/gpio.c                       0x00000000   Number         0  gpio.o ABSOLUTE
    ../Core/Src/main.c                       0x00000000   Number         0  main.o ABSOLUTE
    ../Core/Src/rtc.c                        0x00000000   Number         0  rtc.o ABSOLUTE
    ../Core/Src/stm32f4xx_hal_msp.c          0x00000000   Number         0  stm32f4xx_hal_msp.o ABSOLUTE
    ../Core/Src/stm32f4xx_it.c               0x00000000   Number         0  stm32f4xx_it.o ABSOLUTE
    ../Core/Src/system_stm32f4xx.c           0x00000000   Number         0  system_stm32f4xx.o ABSOLUTE
    ../Core/Src/usart.c                      0x00000000   Number         0  usart.o ABSOLUTE
    ../Drivers/STM32F4xx_HAL_Driver/Src/stm32f4xx_hal.c 0x00000000   Number         0  stm32f4xx_hal.o ABSOLUTE
    ../Drivers/STM32F4xx_HAL_Driver/Src/stm32f4xx_hal_cortex.c 0x00000000   Number         0  stm32f4xx_hal_cortex.o ABSOLUTE
    ../Drivers/STM32F4xx_HAL_Driver/Src/stm32f4xx_hal_dma.c 0x00000000   Number         0  stm32f4xx_hal_dma.o ABSOLUTE
    ../Drivers/STM32F4xx_HAL_Driver/Src/stm32f4xx_hal_dma_ex.c 0x00000000   Number         0  stm32f4xx_hal_dma_ex.o ABSOLUTE
    ../Drivers/STM32F4xx_HAL_Driver/Src/stm32f4xx_hal_exti.c 0x00000000   Number         0  stm32f4xx_hal_exti.o ABSOLUTE
    ../Drivers/STM32F4xx_HAL_Driver/Src/stm32f4xx_hal_flash.c 0x00000000   Number         0  stm32f4xx_hal_flash.o ABSOLUTE
    ../Drivers/STM32F4xx_HAL_Driver/Src/stm32f4xx_hal_flash_ex.c 0x00000000   Number         0  stm32f4xx_hal_flash_ex.o ABSOLUTE
    ../Drivers/STM32F4xx_HAL_Driver/Src/stm32f4xx_hal_flash_ramfunc.c 0x00000000   Number         0  stm32f4xx_hal_flash_ramfunc.o ABSOLUTE
    ../Drivers/STM32F4xx_HAL_Driver/Src/stm32f4xx_hal_gpio.c 0x00000000   Number         0  stm32f4xx_hal_gpio.o ABSOLUTE
    ../Drivers/STM32F4xx_HAL_Driver/Src/stm32f4xx_hal_pwr.c 0x00000000   Number         0  stm32f4xx_hal_pwr.o ABSOLUTE
    ../Drivers/STM32F4xx_HAL_Driver/Src/stm32f4xx_hal_pwr_ex.c 0x00000000   Number         0  stm32f4xx_hal_pwr_ex.o ABSOLUTE
    ../Drivers/STM32F4xx_HAL_Driver/Src/stm32f4xx_hal_rcc.c 0x00000000   Number         0  stm32f4xx_hal_rcc.o ABSOLUTE
    ../Drivers/STM32F4xx_HAL_Driver/Src/stm32f4xx_hal_rcc_ex.c 0x00000000   Number         0  stm32f4xx_hal_rcc_ex.o ABSOLUTE
    ../Drivers/STM32F4xx_HAL_Driver/Src/stm32f4xx_hal_rtc.c 0x00000000   Number         0  stm32f4xx_hal_rtc.o ABSOLUTE
    ../Drivers/STM32F4xx_HAL_Driver/Src/stm32f4xx_hal_rtc_ex.c 0x00000000   Number         0  stm32f4xx_hal_rtc_ex.o ABSOLUTE
    ../Drivers/STM32F4xx_HAL_Driver/Src/stm32f4xx_hal_tim.c 0x00000000   Number         0  stm32f4xx_hal_tim.o ABSOLUTE
    ../Drivers/STM32F4xx_HAL_Driver/Src/stm32f4xx_hal_tim_ex.c 0x00000000   Number         0  stm32f4xx_hal_tim_ex.o ABSOLUTE
    ../Drivers/STM32F4xx_HAL_Driver/Src/stm32f4xx_hal_uart.c 0x00000000   Number         0  stm32f4xx_hal_uart.o ABSOLUTE
    ../clib/microlib/division.c              0x00000000   Number         0  uidiv.o ABSOLUTE
    ../clib/microlib/division.c              0x00000000   Number         0  uldiv.o ABSOLUTE
    ../clib/microlib/init/entry.s            0x00000000   Number         0  entry7b.o ABSOLUTE
    ../clib/microlib/init/entry.s            0x00000000   Number         0  entry10b.o ABSOLUTE
    ../clib/microlib/init/entry.s            0x00000000   Number         0  entry10a.o ABSOLUTE
    ../clib/microlib/init/entry.s            0x00000000   Number         0  entry11a.o ABSOLUTE
    ../clib/microlib/init/entry.s            0x00000000   Number         0  entry11b.o ABSOLUTE
    ../clib/microlib/init/entry.s            0x00000000   Number         0  entry12a.o ABSOLUTE
    ../clib/microlib/init/entry.s            0x00000000   Number         0  entry12b.o ABSOLUTE
    ../clib/microlib/init/entry.s            0x00000000   Number         0  entry5.o ABSOLUTE
    ../clib/microlib/init/entry.s            0x00000000   Number         0  entry8a.o ABSOLUTE
    ../clib/microlib/init/entry.s            0x00000000   Number         0  entry8b.o ABSOLUTE
    ../clib/microlib/init/entry.s            0x00000000   Number         0  entry9a.o ABSOLUTE
    ../clib/microlib/init/entry.s            0x00000000   Number         0  entry7a.o ABSOLUTE
    ../clib/microlib/init/entry.s            0x00000000   Number         0  entry9b.o ABSOLUTE
    ../clib/microlib/init/entry.s            0x00000000   Number         0  entry.o ABSOLUTE
    ../clib/microlib/init/entry.s            0x00000000   Number         0  entry2.o ABSOLUTE
    ../clib/microlib/longlong.c              0x00000000   Number         0  llushr.o ABSOLUTE
    ../clib/microlib/longlong.c              0x00000000   Number         0  llshl.o ABSOLUTE
    ../clib/microlib/longlong.c              0x00000000   Number         0  llsshr.o ABSOLUTE
    ../clib/microlib/printf/printf.c         0x00000000   Number         0  printf8.o ABSOLUTE
    ../clib/microlib/printf/printf.c         0x00000000   Number         0  printf7.o ABSOLUTE
    ../clib/microlib/printf/printf.c         0x00000000   Number         0  printf6.o ABSOLUTE
    ../clib/microlib/printf/printf.c         0x00000000   Number         0  printf4.o ABSOLUTE
    ../clib/microlib/printf/printf.c         0x00000000   Number         0  printf3.o ABSOLUTE
    ../clib/microlib/printf/printf.c         0x00000000   Number         0  printf1.o ABSOLUTE
    ../clib/microlib/printf/printf.c         0x00000000   Number         0  printf0.o ABSOLUTE
    ../clib/microlib/printf/printf.c         0x00000000   Number         0  printfb.o ABSOLUTE
    ../clib/microlib/printf/printf.c         0x00000000   Number         0  printf5.o ABSOLUTE
    ../clib/microlib/printf/printf.c         0x00000000   Number         0  printf2.o ABSOLUTE
    ../clib/microlib/printf/printf.c         0x00000000   Number         0  printfa.o ABSOLUTE
    ../clib/microlib/printf/stubs.s          0x00000000   Number         0  stubs.o ABSOLUTE
    ../clib/microlib/stdio/streams.c         0x00000000   Number         0  stdout.o ABSOLUTE
    ../clib/microlib/string/memchr.c         0x00000000   Number         0  memchr.o ABSOLUTE
    ../clib/microlib/string/memcpy.c         0x00000000   Number         0  memcpyb.o ABSOLUTE
    ../clib/microlib/string/memcpy.c         0x00000000   Number         0  memcpya.o ABSOLUTE
    ../clib/microlib/string/memset.c         0x00000000   Number         0  memseta.o ABSOLUTE
    ../clib/microlib/string/strcpy.c         0x00000000   Number         0  strcpy.o ABSOLUTE
    ../clib/microlib/string/strlen.c         0x00000000   Number         0  strlen.o ABSOLUTE
    ../clib/microlib/string/strncmp.c        0x00000000   Number         0  strncmp.o ABSOLUTE
    ../clib/microlib/string/strncpy.c        0x00000000   Number         0  strncpy.o ABSOLUTE
    ../clib/microlib/string/strstr.c         0x00000000   Number         0  strstr.o ABSOLUTE
    ../clib/microlib/stubs.s                 0x00000000   Number         0  iusefp.o ABSOLUTE
    ../fplib/microlib/fpadd.c                0x00000000   Number         0  dadd.o ABSOLUTE
    ../fplib/microlib/fpdiv.c                0x00000000   Number         0  ddiv.o ABSOLUTE
    ../fplib/microlib/fpepilogue.c           0x00000000   Number         0  depilogue.o ABSOLUTE
    ../fplib/microlib/fpfix.c                0x00000000   Number         0  dfixul.o ABSOLUTE
    ../fplib/microlib/fpmul.c                0x00000000   Number         0  dmul.o ABSOLUTE
    ..\Core\Src\gpio.c                       0x00000000   Number         0  gpio.o ABSOLUTE
    ..\Core\Src\main.c                       0x00000000   Number         0  main.o ABSOLUTE
    ..\Core\Src\rtc.c                        0x00000000   Number         0  rtc.o ABSOLUTE
    ..\Core\Src\stm32f4xx_hal_msp.c          0x00000000   Number         0  stm32f4xx_hal_msp.o ABSOLUTE
    ..\Core\Src\stm32f4xx_it.c               0x00000000   Number         0  stm32f4xx_it.o ABSOLUTE
    ..\Core\Src\system_stm32f4xx.c           0x00000000   Number         0  system_stm32f4xx.o ABSOLUTE
    ..\Core\Src\usart.c                      0x00000000   Number         0  usart.o ABSOLUTE
    ..\Drivers\RTT\SEGGER_RTT.c              0x00000000   Number         0  segger_rtt.o ABSOLUTE
    ..\Drivers\RTT\SEGGER_RTT_printf.c       0x00000000   Number         0  segger_rtt_printf.o ABSOLUTE
    ..\Drivers\STM32F4xx_HAL_Driver\Src\stm32f4xx_hal.c 0x00000000   Number         0  stm32f4xx_hal.o ABSOLUTE
    ..\Drivers\STM32F4xx_HAL_Driver\Src\stm32f4xx_hal_cortex.c 0x00000000   Number         0  stm32f4xx_hal_cortex.o ABSOLUTE
    ..\Drivers\STM32F4xx_HAL_Driver\Src\stm32f4xx_hal_dma.c 0x00000000   Number         0  stm32f4xx_hal_dma.o ABSOLUTE
    ..\Drivers\STM32F4xx_HAL_Driver\Src\stm32f4xx_hal_dma_ex.c 0x00000000   Number         0  stm32f4xx_hal_dma_ex.o ABSOLUTE
    ..\Drivers\STM32F4xx_HAL_Driver\Src\stm32f4xx_hal_exti.c 0x00000000   Number         0  stm32f4xx_hal_exti.o ABSOLUTE
    ..\Drivers\STM32F4xx_HAL_Driver\Src\stm32f4xx_hal_flash.c 0x00000000   Number         0  stm32f4xx_hal_flash.o ABSOLUTE
    ..\Drivers\STM32F4xx_HAL_Driver\Src\stm32f4xx_hal_flash_ex.c 0x00000000   Number         0  stm32f4xx_hal_flash_ex.o ABSOLUTE
    ..\Drivers\STM32F4xx_HAL_Driver\Src\stm32f4xx_hal_flash_ramfunc.c 0x00000000   Number         0  stm32f4xx_hal_flash_ramfunc.o ABSOLUTE
    ..\Drivers\STM32F4xx_HAL_Driver\Src\stm32f4xx_hal_gpio.c 0x00000000   Number         0  stm32f4xx_hal_gpio.o ABSOLUTE
    ..\Drivers\STM32F4xx_HAL_Driver\Src\stm32f4xx_hal_pwr.c 0x00000000   Number         0  stm32f4xx_hal_pwr.o ABSOLUTE
    ..\Drivers\STM32F4xx_HAL_Driver\Src\stm32f4xx_hal_pwr_ex.c 0x00000000   Number         0  stm32f4xx_hal_pwr_ex.o ABSOLUTE
    ..\Drivers\STM32F4xx_HAL_Driver\Src\stm32f4xx_hal_rcc.c 0x00000000   Number         0  stm32f4xx_hal_rcc.o ABSOLUTE
    ..\Drivers\STM32F4xx_HAL_Driver\Src\stm32f4xx_hal_rcc_ex.c 0x00000000   Number         0  stm32f4xx_hal_rcc_ex.o ABSOLUTE
    ..\Drivers\STM32F4xx_HAL_Driver\Src\stm32f4xx_hal_rtc.c 0x00000000   Number         0  stm32f4xx_hal_rtc.o ABSOLUTE
    ..\Drivers\STM32F4xx_HAL_Driver\Src\stm32f4xx_hal_rtc_ex.c 0x00000000   Number         0  stm32f4xx_hal_rtc_ex.o ABSOLUTE
    ..\Drivers\STM32F4xx_HAL_Driver\Src\stm32f4xx_hal_tim.c 0x00000000   Number         0  stm32f4xx_hal_tim.o ABSOLUTE
    ..\Drivers\STM32F4xx_HAL_Driver\Src\stm32f4xx_hal_tim_ex.c 0x00000000   Number         0  stm32f4xx_hal_tim_ex.o ABSOLUTE
    ..\Drivers\STM32F4xx_HAL_Driver\Src\stm32f4xx_hal_uart.c 0x00000000   Number         0  stm32f4xx_hal_uart.o ABSOLUTE
    ..\Middlewares\easylogger\port\elog_port.c 0x00000000   Number         0  elog_port.o ABSOLUTE
    ..\Middlewares\easylogger\src\elog.c     0x00000000   Number         0  elog.o ABSOLUTE
    ..\Middlewares\easylogger\src\elog_async.c 0x00000000   Number         0  elog_async.o ABSOLUTE
    ..\Middlewares\easylogger\src\elog_buf.c 0x00000000   Number         0  elog_buf.o ABSOLUTE
    ..\Middlewares\easylogger\src\elog_utils.c 0x00000000   Number         0  elog_utils.o ABSOLUTE
    cdrcmple.s                               0x00000000   Number         0  cdrcmple.o ABSOLUTE
    dc.s                                     0x00000000   Number         0  dc.o ABSOLUTE
    handlers.s                               0x00000000   Number         0  handlers.o ABSOLUTE
    init.s                                   0x00000000   Number         0  init.o ABSOLUTE
    startup_stm32f411xe.s                    0x00000000   Number         0  startup_stm32f411xe.o ABSOLUTE
    RESET                                    0x08000000   Section      408  startup_stm32f411xe.o(RESET)
    .ARM.Collect$$$$00000000                 0x08000198   Section        0  entry.o(.ARM.Collect$$$$00000000)
    .ARM.Collect$$$$00000001                 0x08000198   Section        4  entry2.o(.ARM.Collect$$$$00000001)
    .ARM.Collect$$$$00000004                 0x0800019c   Section        4  entry5.o(.ARM.Collect$$$$00000004)
    .ARM.Collect$$$$00000008                 0x080001a0   Section        0  entry7b.o(.ARM.Collect$$$$00000008)
    .ARM.Collect$$$$0000000A                 0x080001a0   Section        0  entry8b.o(.ARM.Collect$$$$0000000A)
    .ARM.Collect$$$$0000000B                 0x080001a0   Section        8  entry9a.o(.ARM.Collect$$$$0000000B)
    .ARM.Collect$$$$0000000E                 0x080001a8   Section        4  entry12b.o(.ARM.Collect$$$$0000000E)
    .ARM.Collect$$$$0000000F                 0x080001ac   Section        0  entry10a.o(.ARM.Collect$$$$0000000F)
    .ARM.Collect$$$$00000011                 0x080001ac   Section        0  entry11a.o(.ARM.Collect$$$$00000011)
    .ARM.Collect$$$$00002712                 0x080001ac   Section        4  entry2.o(.ARM.Collect$$$$00002712)
    __lit__00000000                          0x080001ac   Data           4  entry2.o(.ARM.Collect$$$$00002712)
    .text                                    0x080001b0   Section       36  startup_stm32f411xe.o(.text)
    $v0                                      0x080001b0   Number         0  startup_stm32f411xe.o(.text)
    .text                                    0x080001d4   Section        0  uldiv.o(.text)
    .text                                    0x08000236   Section        0  memcpya.o(.text)
    .text                                    0x0800025a   Section        0  memseta.o(.text)
    .text                                    0x0800027e   Section        0  strstr.o(.text)
    .text                                    0x080002a2   Section        0  strlen.o(.text)
    .text                                    0x080002b0   Section        0  strcpy.o(.text)
    .text                                    0x080002c2   Section        0  strncmp.o(.text)
    .text                                    0x080002e0   Section        0  uidiv.o(.text)
    .text                                    0x0800030c   Section        0  llshl.o(.text)
    .text                                    0x0800032a   Section        0  llushr.o(.text)
    .text                                    0x0800034a   Section        0  iusefp.o(.text)
    .text                                    0x0800034a   Section        0  dadd.o(.text)
    .text                                    0x08000498   Section        0  dmul.o(.text)
    .text                                    0x0800057c   Section        0  ddiv.o(.text)
    .text                                    0x0800065a   Section        0  dfixul.o(.text)
    .text                                    0x0800068c   Section       48  cdrcmple.o(.text)
    .text                                    0x080006bc   Section       36  init.o(.text)
    .text                                    0x080006e0   Section        0  llsshr.o(.text)
    .text                                    0x08000704   Section        0  depilogue.o(.text)
    i.AppElogInit                            0x080007be   Section        0  main.o(i.AppElogInit)
    i.BusFault_Handler                       0x08000800   Section        0  stm32f4xx_it.o(i.BusFault_Handler)
    i.DebugMon_Handler                       0x08000804   Section        0  stm32f4xx_it.o(i.DebugMon_Handler)
    i.Error_Handler                          0x08000806   Section        0  main.o(i.Error_Handler)
    i.HAL_GPIO_Init                          0x0800080c   Section        0  stm32f4xx_hal_gpio.o(i.HAL_GPIO_Init)
    i.HAL_GetTick                            0x080009d4   Section        0  stm32f4xx_hal.o(i.HAL_GetTick)
    i.HAL_IncTick                            0x080009e0   Section        0  stm32f4xx_hal.o(i.HAL_IncTick)
    i.HAL_Init                               0x080009f8   Section        0  stm32f4xx_hal.o(i.HAL_Init)
    i.HAL_InitTick                           0x08000a34   Section        0  stm32f4xx_hal.o(i.HAL_InitTick)
    i.HAL_MspInit                            0x08000a80   Section        0  stm32f4xx_hal_msp.o(i.HAL_MspInit)
    i.HAL_NVIC_SetPriority                   0x08000ac8   Section        0  stm32f4xx_hal_cortex.o(i.HAL_NVIC_SetPriority)
    i.HAL_NVIC_SetPriorityGrouping           0x08000b44   Section        0  stm32f4xx_hal_cortex.o(i.HAL_NVIC_SetPriorityGrouping)
    i.HAL_PWR_EnableBkUpAccess               0x08000b6c   Section        0  stm32f4xx_hal_pwr.o(i.HAL_PWR_EnableBkUpAccess)
    i.HAL_RCCEx_PeriphCLKConfig              0x08000b88   Section        0  stm32f4xx_hal_rcc_ex.o(i.HAL_RCCEx_PeriphCLKConfig)
    i.HAL_RCC_ClockConfig                    0x08000d40   Section        0  stm32f4xx_hal_rcc.o(i.HAL_RCC_ClockConfig)
    i.HAL_RCC_GetHCLKFreq                    0x08000ec4   Section        0  stm32f4xx_hal_rcc.o(i.HAL_RCC_GetHCLKFreq)
    i.HAL_RCC_GetPCLK1Freq                   0x08000ed0   Section        0  stm32f4xx_hal_rcc.o(i.HAL_RCC_GetPCLK1Freq)
    i.HAL_RCC_GetPCLK2Freq                   0x08000ef0   Section        0  stm32f4xx_hal_rcc.o(i.HAL_RCC_GetPCLK2Freq)
    i.HAL_RCC_GetSysClockFreq                0x08000f10   Section        0  stm32f4xx_hal_rcc.o(i.HAL_RCC_GetSysClockFreq)
    i.HAL_RCC_OscConfig                      0x08000fc0   Section        0  stm32f4xx_hal_rcc.o(i.HAL_RCC_OscConfig)
    i.HAL_RTC_Init                           0x0800145c   Section        0  stm32f4xx_hal_rtc.o(i.HAL_RTC_Init)
    i.HAL_RTC_MspInit                        0x08001500   Section        0  rtc.o(i.HAL_RTC_MspInit)
    i.HAL_RTC_SetDate                        0x0800153c   Section        0  stm32f4xx_hal_rtc.o(i.HAL_RTC_SetDate)
    i.HAL_RTC_SetTime                        0x080015fc   Section        0  stm32f4xx_hal_rtc.o(i.HAL_RTC_SetTime)
    i.HAL_RTC_WaitForSynchro                 0x080016e8   Section        0  stm32f4xx_hal_rtc.o(i.HAL_RTC_WaitForSynchro)
    i.HAL_SYSTICK_Config                     0x08001722   Section        0  stm32f4xx_hal_cortex.o(i.HAL_SYSTICK_Config)
    i.HAL_UART_Init                          0x08001756   Section        0  stm32f4xx_hal_uart.o(i.HAL_UART_Init)
    i.HAL_UART_MspInit                       0x080017c8   Section        0  usart.o(i.HAL_UART_MspInit)
    i.HardFault_Handler                      0x08001850   Section        0  stm32f4xx_it.o(i.HardFault_Handler)
    i.MX_GPIO_Init                           0x08001854   Section        0  gpio.o(i.MX_GPIO_Init)
    i.MX_RTC_Init                            0x080018b8   Section        0  rtc.o(i.MX_RTC_Init)
    i.MX_USART1_UART_Init                    0x08001968   Section        0  usart.o(i.MX_USART1_UART_Init)
    i.MemManage_Handler                      0x080019a0   Section        0  stm32f4xx_it.o(i.MemManage_Handler)
    i.NMI_Handler                            0x080019a4   Section        0  stm32f4xx_it.o(i.NMI_Handler)
    i.PendSV_Handler                         0x080019a8   Section        0  stm32f4xx_it.o(i.PendSV_Handler)
    i.RTC_ByteToBcd2                         0x080019aa   Section        0  stm32f4xx_hal_rtc.o(i.RTC_ByteToBcd2)
    i.RTC_EnterInitMode                      0x080019c6   Section        0  stm32f4xx_hal_rtc.o(i.RTC_EnterInitMode)
    i.RTC_ExitInitMode                       0x08001a10   Section        0  stm32f4xx_hal_rtc.o(i.RTC_ExitInitMode)
    i.SEGGER_RTT_Init                        0x08001a3e   Section        0  segger_rtt.o(i.SEGGER_RTT_Init)
    i.SEGGER_RTT_Write                       0x08001a48   Section        0  segger_rtt.o(i.SEGGER_RTT_Write)
    i.SEGGER_RTT_WriteNoLock                 0x08001a90   Section        0  segger_rtt.o(i.SEGGER_RTT_WriteNoLock)
    i.SVC_Handler                            0x08001b14   Section        0  stm32f4xx_it.o(i.SVC_Handler)
    i.SysTick_Handler                        0x08001b16   Section        0  stm32f4xx_it.o(i.SysTick_Handler)
    i.SystemClock_Config                     0x08001b20   Section        0  main.o(i.SystemClock_Config)
    i.SystemInit                             0x08001bbc   Section        0  system_stm32f4xx.o(i.SystemInit)
    i.UART_SetConfig                         0x08001bd0   Section        0  stm32f4xx_hal_uart.o(i.UART_SetConfig)
    UART_SetConfig                           0x08001bd1   Thumb Code   546  stm32f4xx_hal_uart.o(i.UART_SetConfig)
    i.UsageFault_Handler                     0x08001dfc   Section        0  stm32f4xx_it.o(i.UsageFault_Handler)
    i._DoInit                                0x08001e00   Section        0  segger_rtt.o(i._DoInit)
    _DoInit                                  0x08001e01   Thumb Code    74  segger_rtt.o(i._DoInit)
    i._GetAvailWriteSpace                    0x08001e70   Section        0  segger_rtt.o(i._GetAvailWriteSpace)
    _GetAvailWriteSpace                      0x08001e71   Thumb Code    28  segger_rtt.o(i._GetAvailWriteSpace)
    i._WriteBlocking                         0x08001e8c   Section        0  segger_rtt.o(i._WriteBlocking)
    _WriteBlocking                           0x08001e8d   Thumb Code   118  segger_rtt.o(i._WriteBlocking)
    i._WriteNoCheck                          0x08001f02   Section        0  segger_rtt.o(i._WriteNoCheck)
    _WriteNoCheck                            0x08001f03   Thumb Code    88  segger_rtt.o(i._WriteNoCheck)
    i.__0snprintf                            0x08001f5c   Section        0  printfa.o(i.__0snprintf)
    i.__0vsnprintf                           0x08001f90   Section        0  printfa.o(i.__0vsnprintf)
    i.__NVIC_GetPriorityGrouping             0x08001fc4   Section        0  stm32f4xx_hal_cortex.o(i.__NVIC_GetPriorityGrouping)
    __NVIC_GetPriorityGrouping               0x08001fc5   Thumb Code    10  stm32f4xx_hal_cortex.o(i.__NVIC_GetPriorityGrouping)
    i.__NVIC_SetPriority                     0x08001fd4   Section        0  stm32f4xx_hal_cortex.o(i.__NVIC_SetPriority)
    __NVIC_SetPriority                       0x08001fd5   Thumb Code    32  stm32f4xx_hal_cortex.o(i.__NVIC_SetPriority)
    i.__scatterload_copy                     0x08001ffc   Section       14  handlers.o(i.__scatterload_copy)
    i.__scatterload_null                     0x0800200a   Section        2  handlers.o(i.__scatterload_null)
    i.__scatterload_zeroinit                 0x0800200c   Section       14  handlers.o(i.__scatterload_zeroinit)
    i._fp_digits                             0x0800201c   Section        0  printfa.o(i._fp_digits)
    _fp_digits                               0x0800201d   Thumb Code   366  printfa.o(i._fp_digits)
    i._printf_core                           0x080021a0   Section        0  printfa.o(i._printf_core)
    _printf_core                             0x080021a1   Thumb Code  1704  printfa.o(i._printf_core)
    i._printf_post_padding                   0x08002854   Section        0  printfa.o(i._printf_post_padding)
    _printf_post_padding                     0x08002855   Thumb Code    36  printfa.o(i._printf_post_padding)
    i._printf_pre_padding                    0x08002878   Section        0  printfa.o(i._printf_pre_padding)
    _printf_pre_padding                      0x08002879   Thumb Code    46  printfa.o(i._printf_pre_padding)
    i._snputc                                0x080028a6   Section        0  printfa.o(i._snputc)
    _snputc                                  0x080028a7   Thumb Code    22  printfa.o(i._snputc)
    i.elog_get_filter_tag_lvl                0x080028bc   Section        0  elog.o(i.elog_get_filter_tag_lvl)
    i.elog_init                              0x080029d4   Section        0  elog.o(i.elog_init)
    i.elog_output                            0x08002a24   Section        0  elog.o(i.elog_output)
    i.elog_output_lock                       0x08002e3c   Section        0  elog.o(i.elog_output_lock)
    i.elog_output_lock_enabled               0x08002e64   Section        0  elog.o(i.elog_output_lock_enabled)
    i.elog_output_unlock                     0x08002ea4   Section        0  elog.o(i.elog_output_unlock)
    i.elog_port_get_p_info                   0x08002ecc   Section        0  elog_port.o(i.elog_port_get_p_info)
    i.elog_port_get_t_info                   0x08002edc   Section        0  elog_port.o(i.elog_port_get_t_info)
    i.elog_port_get_time                     0x08002ee8   Section        0  elog_port.o(i.elog_port_get_time)
    i.elog_port_init                         0x08002ef0   Section        0  elog_port.o(i.elog_port_init)
    i.elog_port_output                       0x08002efc   Section        0  elog_port.o(i.elog_port_output)
    i.elog_port_output_lock                  0x08002f0e   Section        0  elog_port.o(i.elog_port_output_lock)
    i.elog_port_output_unlock                0x08002f12   Section        0  elog_port.o(i.elog_port_output_unlock)
    i.elog_set_filter_lvl                    0x08002f18   Section        0  elog.o(i.elog_set_filter_lvl)
    i.elog_set_filter_tag_lvl_default        0x08002fe0   Section        0  elog.o(i.elog_set_filter_tag_lvl_default)
    elog_set_filter_tag_lvl_default          0x08002fe1   Thumb Code    54  elog.o(i.elog_set_filter_tag_lvl_default)
    i.elog_set_fmt                           0x0800301c   Section        0  elog.o(i.elog_set_fmt)
    i.elog_set_output_enabled                0x080030e8   Section        0  elog.o(i.elog_set_output_enabled)
    i.elog_set_text_color_enabled            0x080031c4   Section        0  elog.o(i.elog_set_text_color_enabled)
    i.elog_start                             0x080032a0   Section        0  elog.o(i.elog_start)
    i.elog_strcpy                            0x08003338   Section        0  elog_utils.o(i.elog_strcpy)
    i.get_fmt_enabled                        0x08003444   Section        0  elog.o(i.get_fmt_enabled)
    get_fmt_enabled                          0x08003445   Thumb Code    90  elog.o(i.get_fmt_enabled)
    i.get_fmt_used_and_enabled_ptr           0x0800351c   Section        0  elog.o(i.get_fmt_used_and_enabled_ptr)
    get_fmt_used_and_enabled_ptr             0x0800351d   Thumb Code    28  elog.o(i.get_fmt_used_and_enabled_ptr)
    i.get_fmt_used_and_enabled_u32           0x08003538   Section        0  elog.o(i.get_fmt_used_and_enabled_u32)
    get_fmt_used_and_enabled_u32             0x08003539   Thumb Code    28  elog.o(i.get_fmt_used_and_enabled_u32)
    i.main                                   0x08003554   Section        0  main.o(i.main)
    .constdata                               0x080035c4   Section       17  main.o(.constdata)
    __FUNCTION__                             0x080035c4   Data           5  main.o(.constdata)
    __FUNCTION__                             0x080035c9   Data          12  main.o(.constdata)
    .constdata                               0x080035d5   Section       24  system_stm32f4xx.o(.constdata)
    .constdata                               0x080035ed   Section      226  elog.o(.constdata)
    __FUNCTION__                             0x080035ed   Data          11  elog.o(.constdata)
    __FUNCTION__                             0x080035f8   Data          10  elog.o(.constdata)
    __FUNCTION__                             0x08003602   Data          24  elog.o(.constdata)
    __FUNCTION__                             0x0800361a   Data          28  elog.o(.constdata)
    __FUNCTION__                             0x08003636   Data          13  elog.o(.constdata)
    __FUNCTION__                             0x08003643   Data          16  elog.o(.constdata)
    __FUNCTION__                             0x08003653   Data          20  elog.o(.constdata)
    __FUNCTION__                             0x08003667   Data          24  elog.o(.constdata)
    __FUNCTION__                             0x0800367f   Data          24  elog.o(.constdata)
    __FUNCTION__                             0x08003697   Data          12  elog.o(.constdata)
    __FUNCTION__                             0x080036a3   Data          16  elog.o(.constdata)
    __FUNCTION__                             0x080036b3   Data          14  elog.o(.constdata)
    __FUNCTION__                             0x080036c1   Data          14  elog.o(.constdata)
    .constdata                               0x080036cf   Section       35  elog_utils.o(.constdata)
    __FUNCTION__                             0x080036cf   Data          12  elog_utils.o(.constdata)
    __FUNCTION__                             0x080036db   Data          11  elog_utils.o(.constdata)
    __FUNCTION__                             0x080036e6   Data          12  elog_utils.o(.constdata)
    .conststring                             0x080036f4   Section       71  elog.o(.conststring)
    .data                                    0x20000000   Section        9  stm32f4xx_hal.o(.data)
    .data                                    0x2000000c   Section        4  system_stm32f4xx.o(.data)
    .data                                    0x20000010   Section       52  elog.o(.data)
    level_output_info                        0x20000010   Data          24  elog.o(.data)
    color_output_info                        0x20000028   Data          24  elog.o(.data)
    .bss                                     0x20000044   Section       32  rtc.o(.bss)
    .bss                                     0x20000064   Section       68  usart.o(.bss)
    .bss                                     0x200000a8   Section     1208  segger_rtt.o(.bss)
    _acUpBuffer                              0x20000150   Data        1024  segger_rtt.o(.bss)
    _acDownBuffer                            0x20000550   Data          16  segger_rtt.o(.bss)
    .bss                                     0x20000560   Section     1272  elog.o(.bss)
    elog                                     0x20000560   Data         248  elog.o(.bss)
    log_buf                                  0x20000658   Data        1024  elog.o(.bss)
    STACK                                    0x20000a58   Section     1024  startup_stm32f411xe.o(STACK)

    Global Symbols

    Symbol Name                              Value     Ov Type        Size  Object(Section)

    BuildAttributes$$THM_ISAv4$E$P$D$K$B$S$7EM$VFPi3$EXTD16$VFPS$VFMA$PE$A:L22UL41UL21$X:L11$S22US41US21$IEEE1$IW$USESV6$~STKCKD$USESV7$~SHL$OSPACE$ROPI$EBA8$MICROLIB$REQ8$PRES8$EABIv2 0x00000000   Number         0  anon$$obj.o ABSOLUTE
    __ARM_use_no_argv                        0x00000000   Number         0  main.o ABSOLUTE
    _printf_a                                0x00000000   Number         0  stubs.o ABSOLUTE
    _printf_c                                0x00000000   Number         0  stubs.o ABSOLUTE
    _printf_charcount                        0x00000000   Number         0  stubs.o ABSOLUTE
    _printf_d                                0x00000000   Number         0  stubs.o ABSOLUTE
    _printf_e                                0x00000000   Number         0  stubs.o ABSOLUTE
    _printf_f                                0x00000000   Number         0  stubs.o ABSOLUTE
    _printf_flags                            0x00000000   Number         0  stubs.o ABSOLUTE
    _printf_fp_dec                           0x00000000   Number         0  stubs.o ABSOLUTE
    _printf_fp_hex                           0x00000000   Number         0  stubs.o ABSOLUTE
    _printf_g                                0x00000000   Number         0  stubs.o ABSOLUTE
    _printf_i                                0x00000000   Number         0  stubs.o ABSOLUTE
    _printf_int_dec                          0x00000000   Number         0  stubs.o ABSOLUTE
    _printf_l                                0x00000000   Number         0  stubs.o ABSOLUTE
    _printf_lc                               0x00000000   Number         0  stubs.o ABSOLUTE
    _printf_ll                               0x00000000   Number         0  stubs.o ABSOLUTE
    _printf_lld                              0x00000000   Number         0  stubs.o ABSOLUTE
    _printf_lli                              0x00000000   Number         0  stubs.o ABSOLUTE
    _printf_llo                              0x00000000   Number         0  stubs.o ABSOLUTE
    _printf_llu                              0x00000000   Number         0  stubs.o ABSOLUTE
    _printf_llx                              0x00000000   Number         0  stubs.o ABSOLUTE
    _printf_longlong_dec                     0x00000000   Number         0  stubs.o ABSOLUTE
    _printf_longlong_hex                     0x00000000   Number         0  stubs.o ABSOLUTE
    _printf_longlong_oct                     0x00000000   Number         0  stubs.o ABSOLUTE
    _printf_ls                               0x00000000   Number         0  stubs.o ABSOLUTE
    _printf_mbtowc                           0x00000000   Number         0  stubs.o ABSOLUTE
    _printf_n                                0x00000000   Number         0  stubs.o ABSOLUTE
    _printf_o                                0x00000000   Number         0  stubs.o ABSOLUTE
    _printf_p                                0x00000000   Number         0  stubs.o ABSOLUTE
    _printf_percent                          0x00000000   Number         0  stubs.o ABSOLUTE
    _printf_pre_padding                      0x00000000   Number         0  stubs.o ABSOLUTE
    _printf_return_value                     0x00000000   Number         0  stubs.o ABSOLUTE
    _printf_s                                0x00000000   Number         0  stubs.o ABSOLUTE
    _printf_sizespec                         0x00000000   Number         0  stubs.o ABSOLUTE
    _printf_str                              0x00000000   Number         0  stubs.o ABSOLUTE
    _printf_truncate_signed                  0x00000000   Number         0  stubs.o ABSOLUTE
    _printf_truncate_unsigned                0x00000000   Number         0  stubs.o ABSOLUTE
    _printf_u                                0x00000000   Number         0  stubs.o ABSOLUTE
    _printf_wc                               0x00000000   Number         0  stubs.o ABSOLUTE
    _printf_wctomb                           0x00000000   Number         0  stubs.o ABSOLUTE
    _printf_widthprec                        0x00000000   Number         0  stubs.o ABSOLUTE
    _printf_x                                0x00000000   Number         0  stubs.o ABSOLUTE
    __arm_fini_                               - Undefined Weak Reference
    __cpp_initialize__aeabi_                  - Undefined Weak Reference
    __cxa_finalize                            - Undefined Weak Reference
    __decompress                              - Undefined Weak Reference
    _clock_init                               - Undefined Weak Reference
    _microlib_exit                            - Undefined Weak Reference
    __Vectors_Size                           0x00000198   Number         0  startup_stm32f411xe.o ABSOLUTE
    __Vectors                                0x08000000   Data           4  startup_stm32f411xe.o(RESET)
    __Vectors_End                            0x08000198   Data           0  startup_stm32f411xe.o(RESET)
    __main                                   0x08000199   Thumb Code     0  entry.o(.ARM.Collect$$$$00000000)
    _main_stk                                0x08000199   Thumb Code     0  entry2.o(.ARM.Collect$$$$00000001)
    _main_scatterload                        0x0800019d   Thumb Code     0  entry5.o(.ARM.Collect$$$$00000004)
    __main_after_scatterload                 0x080001a1   Thumb Code     0  entry5.o(.ARM.Collect$$$$00000004)
    _main_clock                              0x080001a1   Thumb Code     0  entry7b.o(.ARM.Collect$$$$00000008)
    _main_cpp_init                           0x080001a1   Thumb Code     0  entry8b.o(.ARM.Collect$$$$0000000A)
    _main_init                               0x080001a1   Thumb Code     0  entry9a.o(.ARM.Collect$$$$0000000B)
    __rt_lib_shutdown_fini                   0x080001a9   Thumb Code     0  entry12b.o(.ARM.Collect$$$$0000000E)
    __rt_final_cpp                           0x080001ad   Thumb Code     0  entry10a.o(.ARM.Collect$$$$0000000F)
    __rt_final_exit                          0x080001ad   Thumb Code     0  entry11a.o(.ARM.Collect$$$$00000011)
    Reset_Handler                            0x080001b1   Thumb Code     8  startup_stm32f411xe.o(.text)
    ADC_IRQHandler                           0x080001cb   Thumb Code     0  startup_stm32f411xe.o(.text)
    DMA1_Stream0_IRQHandler                  0x080001cb   Thumb Code     0  startup_stm32f411xe.o(.text)
    DMA1_Stream1_IRQHandler                  0x080001cb   Thumb Code     0  startup_stm32f411xe.o(.text)
    DMA1_Stream2_IRQHandler                  0x080001cb   Thumb Code     0  startup_stm32f411xe.o(.text)
    DMA1_Stream3_IRQHandler                  0x080001cb   Thumb Code     0  startup_stm32f411xe.o(.text)
    DMA1_Stream4_IRQHandler                  0x080001cb   Thumb Code     0  startup_stm32f411xe.o(.text)
    DMA1_Stream5_IRQHandler                  0x080001cb   Thumb Code     0  startup_stm32f411xe.o(.text)
    DMA1_Stream6_IRQHandler                  0x080001cb   Thumb Code     0  startup_stm32f411xe.o(.text)
    DMA1_Stream7_IRQHandler                  0x080001cb   Thumb Code     0  startup_stm32f411xe.o(.text)
    DMA2_Stream0_IRQHandler                  0x080001cb   Thumb Code     0  startup_stm32f411xe.o(.text)
    DMA2_Stream1_IRQHandler                  0x080001cb   Thumb Code     0  startup_stm32f411xe.o(.text)
    DMA2_Stream2_IRQHandler                  0x080001cb   Thumb Code     0  startup_stm32f411xe.o(.text)
    DMA2_Stream3_IRQHandler                  0x080001cb   Thumb Code     0  startup_stm32f411xe.o(.text)
    DMA2_Stream4_IRQHandler                  0x080001cb   Thumb Code     0  startup_stm32f411xe.o(.text)
    DMA2_Stream5_IRQHandler                  0x080001cb   Thumb Code     0  startup_stm32f411xe.o(.text)
    DMA2_Stream6_IRQHandler                  0x080001cb   Thumb Code     0  startup_stm32f411xe.o(.text)
    DMA2_Stream7_IRQHandler                  0x080001cb   Thumb Code     0  startup_stm32f411xe.o(.text)
    EXTI0_IRQHandler                         0x080001cb   Thumb Code     0  startup_stm32f411xe.o(.text)
    EXTI15_10_IRQHandler                     0x080001cb   Thumb Code     0  startup_stm32f411xe.o(.text)
    EXTI1_IRQHandler                         0x080001cb   Thumb Code     0  startup_stm32f411xe.o(.text)
    EXTI2_IRQHandler                         0x080001cb   Thumb Code     0  startup_stm32f411xe.o(.text)
    EXTI3_IRQHandler                         0x080001cb   Thumb Code     0  startup_stm32f411xe.o(.text)
    EXTI4_IRQHandler                         0x080001cb   Thumb Code     0  startup_stm32f411xe.o(.text)
    EXTI9_5_IRQHandler                       0x080001cb   Thumb Code     0  startup_stm32f411xe.o(.text)
    FLASH_IRQHandler                         0x080001cb   Thumb Code     0  startup_stm32f411xe.o(.text)
    FPU_IRQHandler                           0x080001cb   Thumb Code     0  startup_stm32f411xe.o(.text)
    I2C1_ER_IRQHandler                       0x080001cb   Thumb Code     0  startup_stm32f411xe.o(.text)
    I2C1_EV_IRQHandler                       0x080001cb   Thumb Code     0  startup_stm32f411xe.o(.text)
    I2C2_ER_IRQHandler                       0x080001cb   Thumb Code     0  startup_stm32f411xe.o(.text)
    I2C2_EV_IRQHandler                       0x080001cb   Thumb Code     0  startup_stm32f411xe.o(.text)
    I2C3_ER_IRQHandler                       0x080001cb   Thumb Code     0  startup_stm32f411xe.o(.text)
    I2C3_EV_IRQHandler                       0x080001cb   Thumb Code     0  startup_stm32f411xe.o(.text)
    OTG_FS_IRQHandler                        0x080001cb   Thumb Code     0  startup_stm32f411xe.o(.text)
    OTG_FS_WKUP_IRQHandler                   0x080001cb   Thumb Code     0  startup_stm32f411xe.o(.text)
    PVD_IRQHandler                           0x080001cb   Thumb Code     0  startup_stm32f411xe.o(.text)
    RCC_IRQHandler                           0x080001cb   Thumb Code     0  startup_stm32f411xe.o(.text)
    RTC_Alarm_IRQHandler                     0x080001cb   Thumb Code     0  startup_stm32f411xe.o(.text)
    RTC_WKUP_IRQHandler                      0x080001cb   Thumb Code     0  startup_stm32f411xe.o(.text)
    SDIO_IRQHandler                          0x080001cb   Thumb Code     0  startup_stm32f411xe.o(.text)
    SPI1_IRQHandler                          0x080001cb   Thumb Code     0  startup_stm32f411xe.o(.text)
    SPI2_IRQHandler                          0x080001cb   Thumb Code     0  startup_stm32f411xe.o(.text)
    SPI3_IRQHandler                          0x080001cb   Thumb Code     0  startup_stm32f411xe.o(.text)
    SPI4_IRQHandler                          0x080001cb   Thumb Code     0  startup_stm32f411xe.o(.text)
    SPI5_IRQHandler                          0x080001cb   Thumb Code     0  startup_stm32f411xe.o(.text)
    TAMP_STAMP_IRQHandler                    0x080001cb   Thumb Code     0  startup_stm32f411xe.o(.text)
    TIM1_BRK_TIM9_IRQHandler                 0x080001cb   Thumb Code     0  startup_stm32f411xe.o(.text)
    TIM1_CC_IRQHandler                       0x080001cb   Thumb Code     0  startup_stm32f411xe.o(.text)
    TIM1_TRG_COM_TIM11_IRQHandler            0x080001cb   Thumb Code     0  startup_stm32f411xe.o(.text)
    TIM1_UP_TIM10_IRQHandler                 0x080001cb   Thumb Code     0  startup_stm32f411xe.o(.text)
    TIM2_IRQHandler                          0x080001cb   Thumb Code     0  startup_stm32f411xe.o(.text)
    TIM3_IRQHandler                          0x080001cb   Thumb Code     0  startup_stm32f411xe.o(.text)
    TIM4_IRQHandler                          0x080001cb   Thumb Code     0  startup_stm32f411xe.o(.text)
    TIM5_IRQHandler                          0x080001cb   Thumb Code     0  startup_stm32f411xe.o(.text)
    USART1_IRQHandler                        0x080001cb   Thumb Code     0  startup_stm32f411xe.o(.text)
    USART2_IRQHandler                        0x080001cb   Thumb Code     0  startup_stm32f411xe.o(.text)
    USART6_IRQHandler                        0x080001cb   Thumb Code     0  startup_stm32f411xe.o(.text)
    WWDG_IRQHandler                          0x080001cb   Thumb Code     0  startup_stm32f411xe.o(.text)
    __aeabi_uldivmod                         0x080001d5   Thumb Code    98  uldiv.o(.text)
    __aeabi_memcpy                           0x08000237   Thumb Code    36  memcpya.o(.text)
    __aeabi_memcpy4                          0x08000237   Thumb Code     0  memcpya.o(.text)
    __aeabi_memcpy8                          0x08000237   Thumb Code     0  memcpya.o(.text)
    __aeabi_memset                           0x0800025b   Thumb Code    14  memseta.o(.text)
    __aeabi_memset4                          0x0800025b   Thumb Code     0  memseta.o(.text)
    __aeabi_memset8                          0x0800025b   Thumb Code     0  memseta.o(.text)
    __aeabi_memclr                           0x08000269   Thumb Code     4  memseta.o(.text)
    __aeabi_memclr4                          0x08000269   Thumb Code     0  memseta.o(.text)
    __aeabi_memclr8                          0x08000269   Thumb Code     0  memseta.o(.text)
    _memset$wrapper                          0x0800026d   Thumb Code    18  memseta.o(.text)
    strstr                                   0x0800027f   Thumb Code    36  strstr.o(.text)
    strlen                                   0x080002a3   Thumb Code    14  strlen.o(.text)
    strcpy                                   0x080002b1   Thumb Code    18  strcpy.o(.text)
    strncmp                                  0x080002c3   Thumb Code    30  strncmp.o(.text)
    __aeabi_uidiv                            0x080002e1   Thumb Code     0  uidiv.o(.text)
    __aeabi_uidivmod                         0x080002e1   Thumb Code    44  uidiv.o(.text)
    __aeabi_llsl                             0x0800030d   Thumb Code    30  llshl.o(.text)
    _ll_shift_l                              0x0800030d   Thumb Code     0  llshl.o(.text)
    __aeabi_llsr                             0x0800032b   Thumb Code    32  llushr.o(.text)
    _ll_ushift_r                             0x0800032b   Thumb Code     0  llushr.o(.text)
    __I$use$fp                               0x0800034b   Thumb Code     0  iusefp.o(.text)
    __aeabi_dadd                             0x0800034b   Thumb Code   322  dadd.o(.text)
    __aeabi_dsub                             0x0800048d   Thumb Code     6  dadd.o(.text)
    __aeabi_drsub                            0x08000493   Thumb Code     6  dadd.o(.text)
    __aeabi_dmul                             0x08000499   Thumb Code   228  dmul.o(.text)
    __aeabi_ddiv                             0x0800057d   Thumb Code   222  ddiv.o(.text)
    __aeabi_d2ulz                            0x0800065b   Thumb Code    48  dfixul.o(.text)
    __aeabi_cdrcmple                         0x0800068d   Thumb Code    48  cdrcmple.o(.text)
    __scatterload                            0x080006bd   Thumb Code    28  init.o(.text)
    __scatterload_rt2                        0x080006bd   Thumb Code     0  init.o(.text)
    __aeabi_lasr                             0x080006e1   Thumb Code    36  llsshr.o(.text)
    _ll_sshift_r                             0x080006e1   Thumb Code     0  llsshr.o(.text)
    _double_round                            0x08000705   Thumb Code    30  depilogue.o(.text)
    _double_epilogue                         0x08000723   Thumb Code   156  depilogue.o(.text)
    AppElogInit                              0x080007bf   Thumb Code    66  main.o(i.AppElogInit)
    BusFault_Handler                         0x08000801   Thumb Code     4  stm32f4xx_it.o(i.BusFault_Handler)
    DebugMon_Handler                         0x08000805   Thumb Code     2  stm32f4xx_it.o(i.DebugMon_Handler)
    Error_Handler                            0x08000807   Thumb Code     6  main.o(i.Error_Handler)
    HAL_GPIO_Init                            0x0800080d   Thumb Code   424  stm32f4xx_hal_gpio.o(i.HAL_GPIO_Init)
    HAL_GetTick                              0x080009d5   Thumb Code     6  stm32f4xx_hal.o(i.HAL_GetTick)
    HAL_IncTick                              0x080009e1   Thumb Code    16  stm32f4xx_hal.o(i.HAL_IncTick)
    HAL_Init                                 0x080009f9   Thumb Code    54  stm32f4xx_hal.o(i.HAL_Init)
    HAL_InitTick                             0x08000a35   Thumb Code    64  stm32f4xx_hal.o(i.HAL_InitTick)
    HAL_MspInit                              0x08000a81   Thumb Code    68  stm32f4xx_hal_msp.o(i.HAL_MspInit)
    HAL_NVIC_SetPriority                     0x08000ac9   Thumb Code   124  stm32f4xx_hal_cortex.o(i.HAL_NVIC_SetPriority)
    HAL_NVIC_SetPriorityGrouping             0x08000b45   Thumb Code    32  stm32f4xx_hal_cortex.o(i.HAL_NVIC_SetPriorityGrouping)
    HAL_PWR_EnableBkUpAccess                 0x08000b6d   Thumb Code    18  stm32f4xx_hal_pwr.o(i.HAL_PWR_EnableBkUpAccess)
    HAL_RCCEx_PeriphCLKConfig                0x08000b89   Thumb Code   416  stm32f4xx_hal_rcc_ex.o(i.HAL_RCCEx_PeriphCLKConfig)
    HAL_RCC_ClockConfig                      0x08000d41   Thumb Code   368  stm32f4xx_hal_rcc.o(i.HAL_RCC_ClockConfig)
    HAL_RCC_GetHCLKFreq                      0x08000ec5   Thumb Code     6  stm32f4xx_hal_rcc.o(i.HAL_RCC_GetHCLKFreq)
    HAL_RCC_GetPCLK1Freq                     0x08000ed1   Thumb Code    22  stm32f4xx_hal_rcc.o(i.HAL_RCC_GetPCLK1Freq)
    HAL_RCC_GetPCLK2Freq                     0x08000ef1   Thumb Code    22  stm32f4xx_hal_rcc.o(i.HAL_RCC_GetPCLK2Freq)
    HAL_RCC_GetSysClockFreq                  0x08000f11   Thumb Code   162  stm32f4xx_hal_rcc.o(i.HAL_RCC_GetSysClockFreq)
    HAL_RCC_OscConfig                        0x08000fc1   Thumb Code  1172  stm32f4xx_hal_rcc.o(i.HAL_RCC_OscConfig)
    HAL_RTC_Init                             0x0800145d   Thumb Code   160  stm32f4xx_hal_rtc.o(i.HAL_RTC_Init)
    HAL_RTC_MspInit                          0x08001501   Thumb Code    52  rtc.o(i.HAL_RTC_MspInit)
    HAL_RTC_SetDate                          0x0800153d   Thumb Code   188  stm32f4xx_hal_rtc.o(i.HAL_RTC_SetDate)
    HAL_RTC_SetTime                          0x080015fd   Thumb Code   230  stm32f4xx_hal_rtc.o(i.HAL_RTC_SetTime)
    HAL_RTC_WaitForSynchro                   0x080016e9   Thumb Code    58  stm32f4xx_hal_rtc.o(i.HAL_RTC_WaitForSynchro)
    HAL_SYSTICK_Config                       0x08001723   Thumb Code    52  stm32f4xx_hal_cortex.o(i.HAL_SYSTICK_Config)
    HAL_UART_Init                            0x08001757   Thumb Code   114  stm32f4xx_hal_uart.o(i.HAL_UART_Init)
    HAL_UART_MspInit                         0x080017c9   Thumb Code   124  usart.o(i.HAL_UART_MspInit)
    HardFault_Handler                        0x08001851   Thumb Code     4  stm32f4xx_it.o(i.HardFault_Handler)
    MX_GPIO_Init                             0x08001855   Thumb Code    96  gpio.o(i.MX_GPIO_Init)
    MX_RTC_Init                              0x080018b9   Thumb Code   162  rtc.o(i.MX_RTC_Init)
    MX_USART1_UART_Init                      0x08001969   Thumb Code    46  usart.o(i.MX_USART1_UART_Init)
    MemManage_Handler                        0x080019a1   Thumb Code     4  stm32f4xx_it.o(i.MemManage_Handler)
    NMI_Handler                              0x080019a5   Thumb Code     4  stm32f4xx_it.o(i.NMI_Handler)
    PendSV_Handler                           0x080019a9   Thumb Code     2  stm32f4xx_it.o(i.PendSV_Handler)
    RTC_ByteToBcd2                           0x080019ab   Thumb Code    28  stm32f4xx_hal_rtc.o(i.RTC_ByteToBcd2)
    RTC_EnterInitMode                        0x080019c7   Thumb Code    74  stm32f4xx_hal_rtc.o(i.RTC_EnterInitMode)
    RTC_ExitInitMode                         0x08001a11   Thumb Code    46  stm32f4xx_hal_rtc.o(i.RTC_ExitInitMode)
    SEGGER_RTT_Init                          0x08001a3f   Thumb Code     8  segger_rtt.o(i.SEGGER_RTT_Init)
    SEGGER_RTT_Write                         0x08001a49   Thumb Code    68  segger_rtt.o(i.SEGGER_RTT_Write)
    SEGGER_RTT_WriteNoLock                   0x08001a91   Thumb Code   126  segger_rtt.o(i.SEGGER_RTT_WriteNoLock)
    SVC_Handler                              0x08001b15   Thumb Code     2  stm32f4xx_it.o(i.SVC_Handler)
    SysTick_Handler                          0x08001b17   Thumb Code     8  stm32f4xx_it.o(i.SysTick_Handler)
    SystemClock_Config                       0x08001b21   Thumb Code   148  main.o(i.SystemClock_Config)
    SystemInit                               0x08001bbd   Thumb Code    14  system_stm32f4xx.o(i.SystemInit)
    UsageFault_Handler                       0x08001dfd   Thumb Code     4  stm32f4xx_it.o(i.UsageFault_Handler)
    __0snprintf                              0x08001f5d   Thumb Code    48  printfa.o(i.__0snprintf)
    __1snprintf                              0x08001f5d   Thumb Code     0  printfa.o(i.__0snprintf)
    __2snprintf                              0x08001f5d   Thumb Code     0  printfa.o(i.__0snprintf)
    __c89snprintf                            0x08001f5d   Thumb Code     0  printfa.o(i.__0snprintf)
    snprintf                                 0x08001f5d   Thumb Code     0  printfa.o(i.__0snprintf)
    __0vsnprintf                             0x08001f91   Thumb Code    46  printfa.o(i.__0vsnprintf)
    __1vsnprintf                             0x08001f91   Thumb Code     0  printfa.o(i.__0vsnprintf)
    __2vsnprintf                             0x08001f91   Thumb Code     0  printfa.o(i.__0vsnprintf)
    __c89vsnprintf                           0x08001f91   Thumb Code     0  printfa.o(i.__0vsnprintf)
    vsnprintf                                0x08001f91   Thumb Code     0  printfa.o(i.__0vsnprintf)
    __scatterload_copy                       0x08001ffd   Thumb Code    14  handlers.o(i.__scatterload_copy)
    __scatterload_null                       0x0800200b   Thumb Code     2  handlers.o(i.__scatterload_null)
    __scatterload_zeroinit                   0x0800200d   Thumb Code    14  handlers.o(i.__scatterload_zeroinit)
    elog_get_filter_tag_lvl                  0x080028bd   Thumb Code   164  elog.o(i.elog_get_filter_tag_lvl)
    elog_init                                0x080029d5   Thumb Code    76  elog.o(i.elog_init)
    elog_output                              0x08002a25   Thumb Code   866  elog.o(i.elog_output)
    elog_output_lock                         0x08002e3d   Thumb Code    34  elog.o(i.elog_output_lock)
    elog_output_lock_enabled                 0x08002e65   Thumb Code    60  elog.o(i.elog_output_lock_enabled)
    elog_output_unlock                       0x08002ea5   Thumb Code    34  elog.o(i.elog_output_unlock)
    elog_port_get_p_info                     0x08002ecd   Thumb Code     4  elog_port.o(i.elog_port_get_p_info)
    elog_port_get_t_info                     0x08002edd   Thumb Code     4  elog_port.o(i.elog_port_get_t_info)
    elog_port_get_time                       0x08002ee9   Thumb Code     4  elog_port.o(i.elog_port_get_time)
    elog_port_init                           0x08002ef1   Thumb Code    12  elog_port.o(i.elog_port_init)
    elog_port_output                         0x08002efd   Thumb Code    18  elog_port.o(i.elog_port_output)
    elog_port_output_lock                    0x08002f0f   Thumb Code     4  elog_port.o(i.elog_port_output_lock)
    elog_port_output_unlock                  0x08002f13   Thumb Code     4  elog_port.o(i.elog_port_output_unlock)
    elog_set_filter_lvl                      0x08002f19   Thumb Code    76  elog.o(i.elog_set_filter_lvl)
    elog_set_fmt                             0x0800301d   Thumb Code    80  elog.o(i.elog_set_fmt)
    elog_set_output_enabled                  0x080030e9   Thumb Code    82  elog.o(i.elog_set_output_enabled)
    elog_set_text_color_enabled              0x080031c5   Thumb Code    82  elog.o(i.elog_set_text_color_enabled)
    elog_start                               0x080032a1   Thumb Code    46  elog.o(i.elog_start)
    elog_strcpy                              0x08003339   Thumb Code   164  elog_utils.o(i.elog_strcpy)
    main                                     0x08003555   Thumb Code    50  main.o(i.main)
    AHBPrescTable                            0x080035d5   Data          16  system_stm32f4xx.o(.constdata)
    APBPrescTable                            0x080035e5   Data           8  system_stm32f4xx.o(.constdata)
    Region$$Table$$Base                      0x0800373c   Number         0  anon$$obj.o(Region$$Table)
    Region$$Table$$Limit                     0x0800375c   Number         0  anon$$obj.o(Region$$Table)
    uwTick                                   0x20000000   Data           4  stm32f4xx_hal.o(.data)
    uwTickPrio                               0x20000004   Data           4  stm32f4xx_hal.o(.data)
    uwTickFreq                               0x20000008   Data           1  stm32f4xx_hal.o(.data)
    SystemCoreClock                          0x2000000c   Data           4  system_stm32f4xx.o(.data)
    elog_assert_hook                         0x20000040   Data           4  elog.o(.data)
    hrtc                                     0x20000044   Data          32  rtc.o(.bss)
    huart1                                   0x20000064   Data          68  usart.o(.bss)
    _SEGGER_RTT                              0x200000a8   Data         168  segger_rtt.o(.bss)
    __initial_sp                             0x20000e58   Data           0  startup_stm32f411xe.o(STACK)



==============================================================================

Memory Map of the image

  Image Entry point : 0x08000199

  Load Region LR_IROM1 (Base: 0x08000000, Size: 0x000037a0, Max: 0x00080000, ABSOLUTE)

    Execution Region ER_IROM1 (Exec base: 0x08000000, Load base: 0x08000000, Size: 0x0000375c, Max: 0x00080000, ABSOLUTE)

    Exec Addr    Load Addr    Size         Type   Attr      Idx    E Section Name        Object

    0x08000000   0x08000000   0x00000198   Data   RO            3    RESET               startup_stm32f411xe.o
    0x08000198   0x08000198   0x00000000   Code   RO         3086  * .ARM.Collect$$$$00000000  mc_w.l(entry.o)
    0x08000198   0x08000198   0x00000004   Code   RO         3370    .ARM.Collect$$$$00000001  mc_w.l(entry2.o)
    0x0800019c   0x0800019c   0x00000004   Code   RO         3373    .ARM.Collect$$$$00000004  mc_w.l(entry5.o)
    0x080001a0   0x080001a0   0x00000000   Code   RO         3375    .ARM.Collect$$$$00000008  mc_w.l(entry7b.o)
    0x080001a0   0x080001a0   0x00000000   Code   RO         3377    .ARM.Collect$$$$0000000A  mc_w.l(entry8b.o)
    0x080001a0   0x080001a0   0x00000008   Code   RO         3378    .ARM.Collect$$$$0000000B  mc_w.l(entry9a.o)
    0x080001a8   0x080001a8   0x00000004   Code   RO         3385    .ARM.Collect$$$$0000000E  mc_w.l(entry12b.o)
    0x080001ac   0x080001ac   0x00000000   Code   RO         3380    .ARM.Collect$$$$0000000F  mc_w.l(entry10a.o)
    0x080001ac   0x080001ac   0x00000000   Code   RO         3382    .ARM.Collect$$$$00000011  mc_w.l(entry11a.o)
    0x080001ac   0x080001ac   0x00000004   Code   RO         3371    .ARM.Collect$$$$00002712  mc_w.l(entry2.o)
    0x080001b0   0x080001b0   0x00000024   Code   RO            4    .text               startup_stm32f411xe.o
    0x080001d4   0x080001d4   0x00000062   Code   RO         3089    .text               mc_w.l(uldiv.o)
    0x08000236   0x08000236   0x00000024   Code   RO         3091    .text               mc_w.l(memcpya.o)
    0x0800025a   0x0800025a   0x00000024   Code   RO         3093    .text               mc_w.l(memseta.o)
    0x0800027e   0x0800027e   0x00000024   Code   RO         3095    .text               mc_w.l(strstr.o)
    0x080002a2   0x080002a2   0x0000000e   Code   RO         3099    .text               mc_w.l(strlen.o)
    0x080002b0   0x080002b0   0x00000012   Code   RO         3103    .text               mc_w.l(strcpy.o)
    0x080002c2   0x080002c2   0x0000001e   Code   RO         3105    .text               mc_w.l(strncmp.o)
    0x080002e0   0x080002e0   0x0000002c   Code   RO         3387    .text               mc_w.l(uidiv.o)
    0x0800030c   0x0800030c   0x0000001e   Code   RO         3389    .text               mc_w.l(llshl.o)
    0x0800032a   0x0800032a   0x00000020   Code   RO         3391    .text               mc_w.l(llushr.o)
    0x0800034a   0x0800034a   0x00000000   Code   RO         3393    .text               mc_w.l(iusefp.o)
    0x0800034a   0x0800034a   0x0000014e   Code   RO         3394    .text               mf_w.l(dadd.o)
    0x08000498   0x08000498   0x000000e4   Code   RO         3396    .text               mf_w.l(dmul.o)
    0x0800057c   0x0800057c   0x000000de   Code   RO         3398    .text               mf_w.l(ddiv.o)
    0x0800065a   0x0800065a   0x00000030   Code   RO         3400    .text               mf_w.l(dfixul.o)
    0x0800068a   0x0800068a   0x00000002   PAD
    0x0800068c   0x0800068c   0x00000030   Code   RO         3402    .text               mf_w.l(cdrcmple.o)
    0x080006bc   0x080006bc   0x00000024   Code   RO         3404    .text               mc_w.l(init.o)
    0x080006e0   0x080006e0   0x00000024   Code   RO         3406    .text               mc_w.l(llsshr.o)
    0x08000704   0x08000704   0x000000ba   Code   RO         3408    .text               mf_w.l(depilogue.o)
    0x080007be   0x080007be   0x00000042   Code   RO           13    i.AppElogInit       main.o
    0x08000800   0x08000800   0x00000004   Code   RO          336    i.BusFault_Handler  stm32f4xx_it.o
    0x08000804   0x08000804   0x00000002   Code   RO          337    i.DebugMon_Handler  stm32f4xx_it.o
    0x08000806   0x08000806   0x00000006   Code   RO           15    i.Error_Handler     main.o
    0x0800080c   0x0800080c   0x000001c8   Code   RO         1289    i.HAL_GPIO_Init     stm32f4xx_hal_gpio.o
    0x080009d4   0x080009d4   0x0000000c   Code   RO         1850    i.HAL_GetTick       stm32f4xx_hal.o
    0x080009e0   0x080009e0   0x00000018   Code   RO         1856    i.HAL_IncTick       stm32f4xx_hal.o
    0x080009f8   0x080009f8   0x0000003c   Code   RO         1857    i.HAL_Init          stm32f4xx_hal.o
    0x08000a34   0x08000a34   0x0000004c   Code   RO         1858    i.HAL_InitTick      stm32f4xx_hal.o
    0x08000a80   0x08000a80   0x00000048   Code   RO          411    i.HAL_MspInit       stm32f4xx_hal_msp.o
    0x08000ac8   0x08000ac8   0x0000007c   Code   RO         1708    i.HAL_NVIC_SetPriority  stm32f4xx_hal_cortex.o
    0x08000b44   0x08000b44   0x00000028   Code   RO         1709    i.HAL_NVIC_SetPriorityGrouping  stm32f4xx_hal_cortex.o
    0x08000b6c   0x08000b6c   0x0000001c   Code   RO         1506    i.HAL_PWR_EnableBkUpAccess  stm32f4xx_hal_pwr.o
    0x08000b88   0x08000b88   0x000001b8   Code   RO          931    i.HAL_RCCEx_PeriphCLKConfig  stm32f4xx_hal_rcc_ex.o
    0x08000d40   0x08000d40   0x00000184   Code   RO          826    i.HAL_RCC_ClockConfig  stm32f4xx_hal_rcc.o
    0x08000ec4   0x08000ec4   0x0000000c   Code   RO          831    i.HAL_RCC_GetHCLKFreq  stm32f4xx_hal_rcc.o
    0x08000ed0   0x08000ed0   0x00000020   Code   RO          833    i.HAL_RCC_GetPCLK1Freq  stm32f4xx_hal_rcc.o
    0x08000ef0   0x08000ef0   0x00000020   Code   RO          834    i.HAL_RCC_GetPCLK2Freq  stm32f4xx_hal_rcc.o
    0x08000f10   0x08000f10   0x000000b0   Code   RO          835    i.HAL_RCC_GetSysClockFreq  stm32f4xx_hal_rcc.o
    0x08000fc0   0x08000fc0   0x0000049c   Code   RO          838    i.HAL_RCC_OscConfig  stm32f4xx_hal_rcc.o
    0x0800145c   0x0800145c   0x000000a4   Code   RO          448    i.HAL_RTC_Init      stm32f4xx_hal_rtc.o
    0x08001500   0x08001500   0x0000003c   Code   RO          243    i.HAL_RTC_MspInit   rtc.o
    0x0800153c   0x0800153c   0x000000c0   Code   RO          454    i.HAL_RTC_SetDate   stm32f4xx_hal_rtc.o
    0x080015fc   0x080015fc   0x000000ec   Code   RO          455    i.HAL_RTC_SetTime   stm32f4xx_hal_rtc.o
    0x080016e8   0x080016e8   0x0000003a   Code   RO          456    i.HAL_RTC_WaitForSynchro  stm32f4xx_hal_rtc.o
    0x08001722   0x08001722   0x00000034   Code   RO         1713    i.HAL_SYSTICK_Config  stm32f4xx_hal_cortex.o
    0x08001756   0x08001756   0x00000072   Code   RO         2160    i.HAL_UART_Init     stm32f4xx_hal_uart.o
    0x080017c8   0x080017c8   0x00000088   Code   RO          285    i.HAL_UART_MspInit  usart.o
    0x08001850   0x08001850   0x00000004   Code   RO          338    i.HardFault_Handler  stm32f4xx_it.o
    0x08001854   0x08001854   0x00000064   Code   RO          218    i.MX_GPIO_Init      gpio.o
    0x080018b8   0x080018b8   0x000000b0   Code   RO          244    i.MX_RTC_Init       rtc.o
    0x08001968   0x08001968   0x00000038   Code   RO          286    i.MX_USART1_UART_Init  usart.o
    0x080019a0   0x080019a0   0x00000004   Code   RO          339    i.MemManage_Handler  stm32f4xx_it.o
    0x080019a4   0x080019a4   0x00000004   Code   RO          340    i.NMI_Handler       stm32f4xx_it.o
    0x080019a8   0x080019a8   0x00000002   Code   RO          341    i.PendSV_Handler    stm32f4xx_it.o
    0x080019aa   0x080019aa   0x0000001c   Code   RO          458    i.RTC_ByteToBcd2    stm32f4xx_hal_rtc.o
    0x080019c6   0x080019c6   0x0000004a   Code   RO          459    i.RTC_EnterInitMode  stm32f4xx_hal_rtc.o
    0x08001a10   0x08001a10   0x0000002e   Code   RO          460    i.RTC_ExitInitMode  stm32f4xx_hal_rtc.o
    0x08001a3e   0x08001a3e   0x00000008   Code   RO         2542    i.SEGGER_RTT_Init   segger_rtt.o
    0x08001a46   0x08001a46   0x00000002   PAD
    0x08001a48   0x08001a48   0x00000048   Code   RO         2557    i.SEGGER_RTT_Write  segger_rtt.o
    0x08001a90   0x08001a90   0x00000084   Code   RO         2560    i.SEGGER_RTT_WriteNoLock  segger_rtt.o
    0x08001b14   0x08001b14   0x00000002   Code   RO          342    i.SVC_Handler       stm32f4xx_it.o
    0x08001b16   0x08001b16   0x00000008   Code   RO          343    i.SysTick_Handler   stm32f4xx_it.o
    0x08001b1e   0x08001b1e   0x00000002   PAD
    0x08001b20   0x08001b20   0x0000009c   Code   RO           19    i.SystemClock_Config  main.o
    0x08001bbc   0x08001bbc   0x00000014   Code   RO         2499    i.SystemInit        system_stm32f4xx.o
    0x08001bd0   0x08001bd0   0x0000022c   Code   RO         2187    i.UART_SetConfig    stm32f4xx_hal_uart.o
    0x08001dfc   0x08001dfc   0x00000004   Code   RO          344    i.UsageFault_Handler  stm32f4xx_it.o
    0x08001e00   0x08001e00   0x00000070   Code   RO         2564    i._DoInit           segger_rtt.o
    0x08001e70   0x08001e70   0x0000001c   Code   RO         2565    i._GetAvailWriteSpace  segger_rtt.o
    0x08001e8c   0x08001e8c   0x00000076   Code   RO         2567    i._WriteBlocking    segger_rtt.o
    0x08001f02   0x08001f02   0x00000058   Code   RO         2568    i._WriteNoCheck     segger_rtt.o
    0x08001f5a   0x08001f5a   0x00000002   PAD
    0x08001f5c   0x08001f5c   0x00000034   Code   RO         3343    i.__0snprintf       mc_w.l(printfa.o)
    0x08001f90   0x08001f90   0x00000034   Code   RO         3347    i.__0vsnprintf      mc_w.l(printfa.o)
    0x08001fc4   0x08001fc4   0x00000010   Code   RO         1715    i.__NVIC_GetPriorityGrouping  stm32f4xx_hal_cortex.o
    0x08001fd4   0x08001fd4   0x00000028   Code   RO         1716    i.__NVIC_SetPriority  stm32f4xx_hal_cortex.o
    0x08001ffc   0x08001ffc   0x0000000e   Code   RO         3412    i.__scatterload_copy  mc_w.l(handlers.o)
    0x0800200a   0x0800200a   0x00000002   Code   RO         3413    i.__scatterload_null  mc_w.l(handlers.o)
    0x0800200c   0x0800200c   0x0000000e   Code   RO         3414    i.__scatterload_zeroinit  mc_w.l(handlers.o)
    0x0800201a   0x0800201a   0x00000002   PAD
    0x0800201c   0x0800201c   0x00000184   Code   RO         3349    i._fp_digits        mc_w.l(printfa.o)
    0x080021a0   0x080021a0   0x000006b4   Code   RO         3350    i._printf_core      mc_w.l(printfa.o)
    0x08002854   0x08002854   0x00000024   Code   RO         3351    i._printf_post_padding  mc_w.l(printfa.o)
    0x08002878   0x08002878   0x0000002e   Code   RO         3352    i._printf_pre_padding  mc_w.l(printfa.o)
    0x080028a6   0x080028a6   0x00000016   Code   RO         3353    i._snputc           mc_w.l(printfa.o)
    0x080028bc   0x080028bc   0x00000118   Code   RO         2871    i.elog_get_filter_tag_lvl  elog.o
    0x080029d4   0x080029d4   0x00000050   Code   RO         2875    i.elog_init         elog.o
    0x08002a24   0x08002a24   0x00000418   Code   RO         2876    i.elog_output       elog.o
    0x08002e3c   0x08002e3c   0x00000028   Code   RO         2877    i.elog_output_lock  elog.o
    0x08002e64   0x08002e64   0x00000040   Code   RO         2878    i.elog_output_lock_enabled  elog.o
    0x08002ea4   0x08002ea4   0x00000028   Code   RO         2879    i.elog_output_unlock  elog.o
    0x08002ecc   0x08002ecc   0x00000010   Code   RO         2810    i.elog_port_get_p_info  elog_port.o
    0x08002edc   0x08002edc   0x0000000c   Code   RO         2811    i.elog_port_get_t_info  elog_port.o
    0x08002ee8   0x08002ee8   0x00000008   Code   RO         2812    i.elog_port_get_time  elog_port.o
    0x08002ef0   0x08002ef0   0x0000000c   Code   RO         2813    i.elog_port_init    elog_port.o
    0x08002efc   0x08002efc   0x00000012   Code   RO         2814    i.elog_port_output  elog_port.o
    0x08002f0e   0x08002f0e   0x00000004   Code   RO         2815    i.elog_port_output_lock  elog_port.o
    0x08002f12   0x08002f12   0x00000004   Code   RO         2816    i.elog_port_output_unlock  elog_port.o
    0x08002f16   0x08002f16   0x00000002   PAD
    0x08002f18   0x08002f18   0x000000c8   Code   RO         2883    i.elog_set_filter_lvl  elog.o
    0x08002fe0   0x08002fe0   0x0000003c   Code   RO         2886    i.elog_set_filter_tag_lvl_default  elog.o
    0x0800301c   0x0800301c   0x000000cc   Code   RO         2887    i.elog_set_fmt      elog.o
    0x080030e8   0x080030e8   0x000000dc   Code   RO         2888    i.elog_set_output_enabled  elog.o
    0x080031c4   0x080031c4   0x000000dc   Code   RO         2889    i.elog_set_text_color_enabled  elog.o
    0x080032a0   0x080032a0   0x00000098   Code   RO         2890    i.elog_start        elog.o
    0x08003338   0x08003338   0x0000010c   Code   RO         3063    i.elog_strcpy       elog_utils.o
    0x08003444   0x08003444   0x000000d8   Code   RO         2892    i.get_fmt_enabled   elog.o
    0x0800351c   0x0800351c   0x0000001c   Code   RO         2893    i.get_fmt_used_and_enabled_ptr  elog.o
    0x08003538   0x08003538   0x0000001c   Code   RO         2894    i.get_fmt_used_and_enabled_u32  elog.o
    0x08003554   0x08003554   0x00000070   Code   RO           20    i.main              main.o
    0x080035c4   0x080035c4   0x00000011   Data   RO           21    .constdata          main.o
    0x080035d5   0x080035d5   0x00000018   Data   RO         2500    .constdata          system_stm32f4xx.o
    0x080035ed   0x080035ed   0x000000e2   Data   RO         2896    .constdata          elog.o
    0x080036cf   0x080036cf   0x00000023   Data   RO         3064    .constdata          elog_utils.o
    0x080036f2   0x080036f2   0x00000002   PAD
    0x080036f4   0x080036f4   0x00000047   Data   RO         2897    .conststring        elog.o
    0x0800373b   0x0800373b   0x00000001   PAD
    0x0800373c   0x0800373c   0x00000020   Data   RO         3410    Region$$Table       anon$$obj.o


    Execution Region RW_IRAM1 (Exec base: 0x20000000, Load base: 0x0800375c, Size: 0x00000e58, Max: 0x00020000, ABSOLUTE)

    Exec Addr    Load Addr    Size         Type   Attr      Idx    E Section Name        Object

    0x20000000   0x0800375c   0x00000009   Data   RW         1864    .data               stm32f4xx_hal.o
    0x20000009   0x08003765   0x00000003   PAD
    0x2000000c   0x08003768   0x00000004   Data   RW         2501    .data               system_stm32f4xx.o
    0x20000010   0x0800376c   0x00000034   Data   RW         2898    .data               elog.o
    0x20000044        -       0x00000020   Zero   RW          245    .bss                rtc.o
    0x20000064        -       0x00000044   Zero   RW          288    .bss                usart.o
    0x200000a8        -       0x000004b8   Zero   RW         2569    .bss                segger_rtt.o
    0x20000560        -       0x000004f8   Zero   RW         2895    .bss                elog.o
    0x20000a58        -       0x00000400   Zero   RW            1    STACK               startup_stm32f411xe.o


==============================================================================

Image component sizes


      Code (inc. data)   RO Data    RW Data    ZI Data      Debug   Object Name

      2880       1080        297         52       1272      20436   elog.o
        74         24          0          0          0       4381   elog_port.o
       268        104         35          0          0       2505   elog_utils.o
       100          4          0          0          0        995   gpio.o
       340         70         17          0          0     411023   main.o
       236         22          0          0         32       2047   rtc.o
       558         48          0          0       1208      10556   segger_rtt.o
        36          8        408          0       1024        912   startup_stm32f411xe.o
       172         32          0          9          0       9137   stm32f4xx_hal.o
       272         22          0          0          0      34198   stm32f4xx_hal_cortex.o
       456         32          0          0          0       1580   stm32f4xx_hal_gpio.o
        72          4          0          0          0       1006   stm32f4xx_hal_msp.o
        28         10          0          0          0       1223   stm32f4xx_hal_pwr.o
      1820         84          0          0          0       6140   stm32f4xx_hal_rcc.o
       440         24          0          0          0       1564   stm32f4xx_hal_rcc_ex.o
       798         14          0          0          0       6384   stm32f4xx_hal_rtc.o
       670         10          0          0          0       2080   stm32f4xx_hal_uart.o
        34          0          0          0          0       4886   stm32f4xx_it.o
        20          6         24          4          0       1355   system_stm32f4xx.o
       192         22          0          0         68       2094   usart.o

    ----------------------------------------------------------------------
      9474       1620        816         68       3604     524502   Object Totals
         0          0         32          0          0          0   (incl. Generated)
         8          0          3          3          0          0   (incl. Padding)

    ----------------------------------------------------------------------

      Code (inc. data)   RO Data    RW Data    ZI Data      Debug   Library Member Name

         0          0          0          0          0          0   entry.o
         0          0          0          0          0          0   entry10a.o
         0          0          0          0          0          0   entry11a.o
         4          0          0          0          0          0   entry12b.o
         8          4          0          0          0          0   entry2.o
         4          0          0          0          0          0   entry5.o
         0          0          0          0          0          0   entry7b.o
         0          0          0          0          0          0   entry8b.o
         8          4          0          0          0          0   entry9a.o
        30          0          0          0          0          0   handlers.o
        36          8          0          0          0         68   init.o
         0          0          0          0          0          0   iusefp.o
        30          0          0          0          0         68   llshl.o
        36          0          0          0          0         68   llsshr.o
        32          0          0          0          0         68   llushr.o
        36          0          0          0          0         68   memcpya.o
        36          0          0          0          0        108   memseta.o
      2312         90          0          0          0        616   printfa.o
        18          0          0          0          0         68   strcpy.o
        14          0          0          0          0         68   strlen.o
        30          0          0          0          0         80   strncmp.o
        36          0          0          0          0         80   strstr.o
        44          0          0          0          0         80   uidiv.o
        98          0          0          0          0         92   uldiv.o
        48          0          0          0          0         68   cdrcmple.o
       334          0          0          0          0        148   dadd.o
       222          0          0          0          0        100   ddiv.o
       186          0          0          0          0        176   depilogue.o
        48          0          0          0          0         68   dfixul.o
       228          0          0          0          0         96   dmul.o

    ----------------------------------------------------------------------
      3882        106          0          0          0       2188   Library Totals
         4          0          0          0          0          0   (incl. Padding)

    ----------------------------------------------------------------------

      Code (inc. data)   RO Data    RW Data    ZI Data      Debug   Library Name

      2812        106          0          0          0       1532   mc_w.l
      1066          0          0          0          0        656   mf_w.l

    ----------------------------------------------------------------------
      3882        106          0          0          0       2188   Library Totals

    ----------------------------------------------------------------------

==============================================================================


      Code (inc. data)   RO Data    RW Data    ZI Data      Debug   

     13356       1726        816         68       3604     518750   Grand Totals
     13356       1726        816         68       3604     518750   ELF Image Totals
     13356       1726        816         68          0          0   ROM Totals

==============================================================================

    Total RO  Size (Code + RO Data)                14172 (  13.84kB)
    Total RW  Size (RW Data + ZI Data)              3672 (   3.59kB)
    Total ROM Size (Code + RO Data + RW Data)      14240 (  13.91kB)

==============================================================================

