<html>
<body>
<pre>
<h1>�Vision Build Log</h1>
<h2>Tool Versions:</h2>
IDE-Version: ��Vision V5.38.0.0
Copyright (C) 2022 ARM Ltd and ARM Germany GmbH. All rights reserved.
License Information: li li, li, LIC=IK1BF-6FBSA-RAVDM-XX9TW-4HUET-AG83H
 
Tool Versions:
Toolchain:       MDK-ARM Plus  Version: 5.38.0.0
Toolchain Path:  E:\MDK\Core\ARM\ARMCC\Bin
C Compiler:      Armcc.exe V5.06 update 7 (build 960)
Assembler:       Armasm.exe V5.06 update 7 (build 960)
Linker/Locator:  ArmLink.exe V5.06 update 7 (build 960)
Library Manager: ArmAr.exe V5.06 update 7 (build 960)
Hex Converter:   FromElf.exe V5.06 update 7 (build 960)
CPU DLL:         SARMCM3.DLL V5.38.0.0
Dialog DLL:      DCM.DLL V1.17.5.0
Target DLL:      Segger\JL2CM3.dll V2.99.42.0
Dialog DLL:      TCM.DLL V1.56.4.0
 
<h2>Project:</h2>
F:\EmbeddedProjects\CUBEMXProjects\LiXin-MCU-RTOS\Projects\MCU_RTOS_Learn\08_Homework\12_Timer_interrupt_FreeRTOS\MDK-ARM\Stm32F4-FreeRTOS-Learning.uvprojx
Project File Date:  07/13/2026

<h2>Output:</h2>
*** Using Compiler 'V5.06 update 7 (build 960)', folder: 'E:\MDK\Core\ARM\ARMCC\Bin'
Rebuild target 'Stm32F4-FreeRTOS-Learning'
assembling startup_stm32f411xe.s...
compiling stm32f4xx_hal_msp.c...
compiling stm32f4xx_hal_rcc.c...
compiling tim.c...
compiling stm32f4xx_hal_dma_ex.c...
compiling KeyLedStateMachine.c...
../Core/Inc/KeyLedStateMachine.h(126): warning:  #1-D: last line of file ends without a newline
  #endif /* __KEYLEDSTATEMACHINE_H__ */
..\Core\Src\KeyLedStateMachine.c(109): warning:  #223-D: function "printf" declared implicitly
              printf(" KEY trigger_type:[%d] , tick_num:[%d] , press_ms:[%d]! \n ",
..\Core\Src\KeyLedStateMachine.c(129): warning:  #223-D: function "printf" declared implicitly
                  printf(" KEY  press! \n ");
..\Core\Src\KeyLedStateMachine.c(175): warning:  #188-D: enumerated type mixed with another type
      KeyCMD_t key_cmd_status = eKEY_IDLE ;     
..\Core\Src\KeyLedStateMachine.c(174): warning:  #177-D: variable "key_status"  was declared but never referenced
      BaseType_t key_status  =  0 ;
..\Core\Src\KeyLedStateMachine.c(175): warning:  #177-D: variable "key_cmd_status"  was declared but never referenced
      KeyCMD_t key_cmd_status = eKEY_IDLE ;     
..\Core\Src\KeyLedStateMachine.c: 6 warnings, 0 errors
compiling stm32f4xx_hal_timebase_tim.c...
compiling stm32f4xx_it.c...
../Core/Inc/KeyLedStateMachine.h(126): warning:  #1-D: last line of file ends without a newline
  #endif /* __KEYLEDSTATEMACHINE_H__ */
../Core/Src/stm32f4xx_it.c(175): warning:  #188-D: enumerated type mixed with another type
      static IrqStatus_t current_irq_status = {0} ;
../Core/Src/stm32f4xx_it.c(179): warning:  #188-D: enumerated type mixed with another type
      current_irq_status.trigger_type = HAL_GPIO_ReadPin( KEY_GPIO_Port,  KEY_Pin );
../Core/Src/stm32f4xx_it.c: 3 warnings, 0 errors
compiling main.c...
compiling usart.c...
compiling freertos.c...
../Core/Inc/KeyLedStateMachine.h(126): warning:  #1-D: last line of file ends without a newline
  #endif /* __KEYLEDSTATEMACHINE_H__ */
../Core/Src/freertos.c(118): warning:  #223-D: function "printf" declared implicitly
          printf(" Queue_Key_Cmd queue create FAIL! \n ");
../Core/Src/freertos.c(124): warning:  #223-D: function "printf" declared implicitly
          printf(" Queue_Cmd_Led queue create FAIL! \n ");
../Core/Src/freertos.c(130): warning:  #223-D: function "printf" declared implicitly
          printf(" Queue_key_Cmd_Irq queue create FAIL! \n ");
../Core/Src/freertos.c(143): warning:  #167-D: argument of type "void (*)(void)" is incompatible with parameter of type "TaskFunction_t"
      BaseType_t  key = xTaskCreate( KeyTask,
../Core/Src/freertos.c(151): warning:  #223-D: function "printf" declared implicitly
          printf("KeyTask create SUCCESS! \n");
../Core/Src/freertos.c(154): warning:  #223-D: function "printf" declared implicitly
          printf("KeyTask create FAIL! \n");
../Core/Src/freertos.c(158): warning:  #167-D: argument of type "void (*)(void)" is incompatible with parameter of type "TaskFunction_t"
      BaseType_t Led = xTaskCreate( LedTask,
../Core/Src/freertos.c(166): warning:  #223-D: function "printf" declared implicitly
          printf("LedTask create SUCCESS! \n");
../Core/Src/freertos.c(169): warning:  #223-D: function "printf" declared implicitly
          printf("LedTask create FAIL! \n");
../Core/Src/freertos.c(173): warning:  #167-D: argument of type "void (*)(void)" is incompatible with parameter of type "TaskFunction_t"
      BaseType_t KeyCmd = xTaskCreate( KeyCmdTask,
../Core/Src/freertos.c(181): warning:  #223-D: function "printf" declared implicitly
          printf("KeyCmdTask create SUCCESS! \n");
../Core/Src/freertos.c(184): warning:  #223-D: function "printf" declared implicitly
          printf("KeyCmdTask create FAIL! \n");
../Core/Src/freertos.c(233): warning:  #223-D: function "printf" declared implicitly
      DEBUG_PRINT("KeyTask ! \n ") ;       // 该方式会附带详细路径和行�???
../Core/Src/freertos.c(235): warning:  #188-D: enumerated type mixed with another type
      static IrqStatus_t last_irq_status = {0};
../Core/Src/freertos.c(236): warning:  #188-D: enumerated type mixed with another type
      static IrqStatus_t current_irq_status = {0};
../Core/Src/freertos.c(241): warning:  #223-D: function "KeyRunable" declared implicitly
          KeyRunable(last_irq_status, current_irq_status);
../Core/Src/freertos.c(255): warning:  #223-D: function "printf" declared implicitly
      DEBUG_PRINT("KeyCmdTask ! \n ") ;       // 该方式会附带详细路径和行�???
../Core/Src/freertos.c(258): warning:  #223-D: function "KeyCmdRunable" declared implicitly
          KeyCmdRunable();
../Core/Src/freertos.c(268): warning:  #223-D: function "printf" declared implicitly
      DEBUG_PRINT("LedTask ! \n ") ;       // 该方式会附带详细路径和行�???
../Core/Src/freertos.c(271): warning:  #223-D: function "LedRunable" declared implicitly
          LedRunable();
../Core/Src/freertos.c: 21 warnings, 0 errors
compiling stm32f4xx_hal_gpio.c...
compiling gpio.c...
compiling stm32f4xx_hal_flash_ramfunc.c...
compiling stm32f4xx_hal_flash.c...
compiling stm32f4xx_hal_flash_ex.c...
compiling stm32f4xx_hal_rcc_ex.c...
compiling croutine.c...
compiling event_groups.c...
compiling list.c...
compiling stream_buffer.c...
compiling queue.c...
compiling tasks.c...
compiling timers.c...
compiling heap_4.c...
compiling port.c...
compiling stm32f4xx_hal_pwr_ex.c...
compiling stm32f4xx_hal_dma.c...
compiling stm32f4xx_hal_cortex.c...
compiling stm32f4xx_hal_exti.c...
compiling stm32f4xx_hal.c...
compiling stm32f4xx_hal_pwr.c...
compiling system_stm32f4xx.c...
compiling stm32f4xx_hal_tim_ex.c...
compiling stm32f4xx_hal_uart.c...
compiling stm32f4xx_hal_tim.c...
compiling cmsis_os2.c...
linking...
Program Size: Code=18624 RO-data=540 RW-data=204 ZI-data=19884  
FromELF: creating hex file...
"Stm32F4-FreeRTOS-Learning\Stm32F4-FreeRTOS-Learning.axf" - 0 Error(s), 30 Warning(s).

<h2>Software Packages used:</h2>

Package Vendor: ARM
                http://www.keil.com/pack/ARM.CMSIS.5.9.0.pack
                ARM.CMSIS.5.9.0
                CMSIS (Common Microcontroller Software Interface Standard)
   * Component: CORE Version: 5.6.0

Package Vendor: Keil
                https://www.keil.com/pack/Keil.STM32F4xx_DFP.2.17.1.pack
                Keil.STM32F4xx_DFP.2.17.1
                STMicroelectronics STM32F4 Series Device Support, Drivers and Examples

<h2>Collection of Component include folders:</h2>
  ./RTE/_Stm32F4-FreeRTOS-Learning
  E:/MDK/Packs/ARM/CMSIS/5.9.0/CMSIS/Core/Include
  E:/MDK/Packs/Keil/STM32F4xx_DFP/2.17.1/Drivers/CMSIS/Device/ST/STM32F4xx/Include

<h2>Collection of Component Files used:</h2>

   * Component: ARM::CMSIS:CORE:5.6.0
      Include file:  CMSIS/Core/Include/tz_context.h
Build Time Elapsed:  00:00:05
</pre>
</body>
</html>
