<html>
<body>
<pre>
<h1>µVision Build Log</h1>
<h2>Tool Versions:</h2>
IDE-Version: ¦ÌVision V5.38.0.0
Copyright (C) 2022 ARM Ltd and ARM Germany GmbH. All rights reserved.
License Information: li li, li, LIC=IK1BF-6FBSA-RAVDM-XX9TW-4HUET-AG83H
 
Tool Versions:
Toolchain:       MDK-ARM Plus  Version: 5.38.0.0
Toolchain Path:  E:\MDK\Core\ARM\ARMCC\Bin
C Compiler:      Armcc.exe V5.06 update 7 (build 960)
Assembler:       Armasm.exe V5.06 update 7 (build 960)
Linker/Locator:  ArmLink.exe V5.06 update 7 (build 960)
Library Manager: ArmAr.exe V5.06 update 7 (build 960)
Hex Converter:   FromElf.exe V5.06 update 7 (build 960)
CPU DLL:         SARMCM3.DLL V5.38.0.0
Dialog DLL:      DCM.DLL V1.17.5.0
Target DLL:      Segger\JL2CM3.dll V2.99.42.0
Dialog DLL:      TCM.DLL V1.56.4.0
 
<h2>Project:</h2>
f:\EmbeddedProjects\CUBEMXProjects\LiXin-MCU-RTOS\Projects\Stm32f4_FreeRTOS_Basic\Stm32f4_FreeRTOS_Basic\MDK-ARM\Stm32f4_FreeRTOS_Basic.uvprojx
Project File Date:  06/26/2026

<h2>Output:</h2>
*** Using Compiler 'V5.06 update 7 (build 960)', folder: 'E:\MDK\Core\ARM\ARMCC\Bin'
Rebuild target 'Stm32f4_FreeRTOS_Basic'
assembling startup_stm32f411xe.s...
compiling usart.c...
compiling stm32f4xx_hal_flash_ramfunc.c...
compiling stm32f4xx_it.c...
compiling gpio.c...
compiling stm32f4xx_hal_gpio.c...
compiling stm32f4xx_hal_timebase_tim.c...
compiling freertos.c...
compiling stm32f4xx_hal_dma_ex.c...
compiling stm32f4xx_hal_flash_ex.c...
compiling stm32f4xx_hal_pwr.c...
compiling main.c...
compiling stm32f4xx_hal_dma.c...
compiling stm32f4xx_hal_flash.c...
compiling croutine.c...
compiling list.c...
compiling event_groups.c...
compiling stm32f4xx_hal_rcc_ex.c...
compiling stm32f4xx_hal_msp.c...
compiling queue.c...
compiling stream_buffer.c...
compiling heap_4.c...
compiling timers.c...
compiling tasks.c...
compiling port.c...
compiling stm32f4xx_hal_rcc.c...
compiling stm32f4xx_hal_pwr_ex.c...
compiling stm32f4xx_hal_cortex.c...
compiling stm32f4xx_hal.c...
compiling stm32f4xx_hal_exti.c...
compiling system_stm32f4xx.c...
compiling stm32f4xx_hal_uart.c...
compiling stm32f4xx_hal_tim_ex.c...
compiling cmsis_os2.c...
compiling stm32f4xx_hal_tim.c...
linking...
Program Size: Code=10928 RO-data=512 RW-data=152 ZI-data=19808  
FromELF: creating hex file...
"Stm32f4_FreeRTOS_Basic\Stm32f4_FreeRTOS_Basic.axf" - 0 Error(s), 0 Warning(s).

<h2>Software Packages used:</h2>

Package Vendor: ARM
                http://www.keil.com/pack/ARM.CMSIS.5.9.0.pack
                ARM.CMSIS.5.9.0
                CMSIS (Common Microcontroller Software Interface Standard)
   * Component: CORE Version: 5.6.0

Package Vendor: Keil
                https://www.keil.com/pack/Keil.STM32F4xx_DFP.2.17.1.pack
                Keil.STM32F4xx_DFP.2.17.1
                STMicroelectronics STM32F4 Series Device Support, Drivers and Examples

<h2>Collection of Component include folders:</h2>
  ./RTE/_Stm32f4_FreeRTOS_Basic
  E:/MDK/Packs/ARM/CMSIS/5.9.0/CMSIS/Core/Include
  E:/MDK/Packs/Keil/STM32F4xx_DFP/2.17.1/Drivers/CMSIS/Device/ST/STM32F4xx/Include

<h2>Collection of Component Files used:</h2>

   * Component: ARM::CMSIS:CORE:5.6.0
      Include file:  CMSIS/Core/Include/tz_context.h
Build Time Elapsed:  00:00:05
</pre>
</body>
</html>
