<html>
<body>
<pre>
<h1>µVision Build Log</h1>
<h2>Tool Versions:</h2>
IDE-Version: ¦ÌVision V5.38.0.0
Copyright (C) 2022 ARM Ltd and ARM Germany GmbH. All rights reserved.
License Information: li li, li, LIC=IK1BF-6FBSA-RAVDM-XX9TW-4HUET-AG83H
 
Tool Versions:
Toolchain:       MDK-ARM Plus  Version: 5.38.0.0
Toolchain Path:  E:\MDK\Core\ARM\ARMCC\Bin
C Compiler:      Armcc.exe V5.06 update 7 (build 960)
Assembler:       Armasm.exe V5.06 update 7 (build 960)
Linker/Locator:  ArmLink.exe V5.06 update 7 (build 960)
Library Manager: ArmAr.exe V5.06 update 7 (build 960)
Hex Converter:   FromElf.exe V5.06 update 7 (build 960)
CPU DLL:         SARMCM3.DLL V5.38.0.0
Dialog DLL:      DCM.DLL V1.17.5.0
Target DLL:      Segger\JL2CM3.dll V2.99.42.0
Dialog DLL:      TCM.DLL V1.56.4.0
 
<h2>Project:</h2>
f:\EmbeddedProjects\CUBEMXProjects\LiXin-MCU-RTOS\Projects\MCU_RTOS_Learn\08_Homework\16_ADC_DMA\MDK-ARM\16_ADC_DMA.uvprojx
Project File Date:  08/01/2026

<h2>Output:</h2>
*** Using Compiler 'V5.06 update 7 (build 960)', folder: 'E:\MDK\Core\ARM\ARMCC\Bin'
Rebuild target '16_ADC_DMA'
assembling startup_stm32f411xe.s...
compiling stm32f4xx_ll_adc.c...
compiling usart.c...
compiling gpio.c...
compiling crc.c...
compiling stm32f4xx_it.c...
compiling dma.c...
compiling tim.c...
compiling freertos.c...
compiling stm32f4xx_hal_msp.c...
compiling stm32f4xx_hal_adc_ex.c...
compiling stm32f4xx_hal_timebase_tim.c...
compiling stm32f4xx_hal_adc.c...
compiling adc.c...
compiling stm32f4xx_hal_rcc_ex.c...
compiling main.c...
../Core/Inc/ADC_DMA_Sampling.h(23): warning:  #14-D: extra text after expected end of preprocessing directive
  #endif _ADC_DMA_SAMPLING_H_
../Core/Src/main.c(49): warning:  #47-D: incompatible redefinition of macro "LOG_TAG"  (declared at line 237 of "../MIddlewares/easylogger/inc/elog.h")
  #define LOG_TAG     "MAIN"
../Core/Src/main.c: 2 warnings, 0 errors
compiling stm32f4xx_hal_rcc.c...
compiling ADC_DMA_Sampling.c...
../Core/Inc/ADC_DMA_Sampling.h(23): warning:  #14-D: extra text after expected end of preprocessing directive
  #endif _ADC_DMA_SAMPLING_H_
..\Core\Src\ADC_DMA_Sampling.c(88): warning:  #167-D: argument of type "BaseType_t (*)(void *)" is incompatible with parameter of type "TaskFunction_t"
      BaseType_t SetDMA = xTaskCreate(SetDMATargetTask, " Set DMA Buffer Target ",
..\Core\Src\ADC_DMA_Sampling.c(102): warning:  #167-D: argument of type "BaseType_t (*)(void *)" is incompatible with parameter of type "TaskFunction_t"
      BaseType_t DataConver = xTaskCreate(DataConversionTask, " ADC data conversion  ",
..\Core\Src\ADC_DMA_Sampling.c(174): warning:  #177-D: variable "xHigherPriorityTaskWoken"  was declared but never referenced
          BaseType_t xHigherPriorityTaskWoken = pdFALSE;
..\Core\Src\ADC_DMA_Sampling.c: 4 warnings, 0 errors
compiling stm32f4xx_hal_flash_ramfunc.c...
compiling stm32f4xx_hal_flash.c...
compiling stm32f4xx_hal_dma.c...
compiling stm32f4xx_hal_pwr_ex.c...
compiling stm32f4xx_hal_gpio.c...
compiling stm32f4xx_hal_flash_ex.c...
compiling elog_port.c...
compiling elog_async.c...
compiling elog.c...
compiling elog_buf.c...
compiling elog_utils.c...
compiling stm32f4xx_hal_dma_ex.c...
compiling SEGGER_RTT.c...
..\MIddlewares\RTT\SEGGER_RTT.c(1108): warning:  #223-D: function "printf" declared implicitly
        printf(" Space full! \r\n");
..\MIddlewares\RTT\SEGGER_RTT.c: 1 warning, 0 errors
compiling croutine.c...
compiling SEGGER_RTT_printf.c...
compiling list.c...
compiling stm32f4xx_hal_cortex.c...
compiling event_groups.c...
compiling queue.c...
compiling stm32f4xx_hal.c...
compiling stm32f4xx_hal_pwr.c...
compiling stream_buffer.c...
compiling timers.c...
compiling heap_4.c...
compiling tasks.c...
compiling system_stm32f4xx.c...
compiling stm32f4xx_hal_tim_ex.c...
compiling port.c...
compiling stm32f4xx_hal_exti.c...
compiling stm32f4xx_hal_tim.c...
compiling stm32f4xx_hal_uart.c...
compiling stm32f4xx_hal_crc.c...
compiling cmsis_os2.c...
linking...
Program Size: Code=28756 RO-data=908 RW-data=236 ZI-data=22596  
FromELF: creating hex file...
"16_ADC_DMA\16_ADC_DMA.axf" - 0 Error(s), 7 Warning(s).

<h2>Software Packages used:</h2>

Package Vendor: ARM
                http://www.keil.com/pack/ARM.CMSIS.5.9.0.pack
                ARM.CMSIS.5.9.0
                CMSIS (Common Microcontroller Software Interface Standard)
   * Component: CORE Version: 5.6.0

Package Vendor: Keil
                https://www.keil.com/pack/Keil.STM32F4xx_DFP.2.17.1.pack
                Keil.STM32F4xx_DFP.2.17.1
                STMicroelectronics STM32F4 Series Device Support, Drivers and Examples

<h2>Collection of Component include folders:</h2>
  ./RTE/_16_ADC_DMA
  E:/MDK/Packs/ARM/CMSIS/5.9.0/CMSIS/Core/Include
  E:/MDK/Packs/Keil/STM32F4xx_DFP/2.17.1/Drivers/CMSIS/Device/ST/STM32F4xx/Include

<h2>Collection of Component Files used:</h2>

   * Component: ARM::CMSIS:CORE:5.6.0
      Include file:  CMSIS/Core/Include/tz_context.h
Build Time Elapsed:  00:00:08
</pre>
</body>
</html>
